Microchip Technology Inc, vv1_11 (A) >

Tool Name:
  c:\program files\microchip\xc16\v1.11\bin\bin/elf-ld.exe

Command:
  -p24FJ256DA210 \
  -o \
  dist/default/production/VLG_MEMAD.X.production.elf \
  -Lc:/program files/microchip/xc16/v1.11/bin/bin/.. \
  -Lc:/program files/microchip/xc16/v1.11/bin/bin/../../lib \
  -Lc:/program files/microchip/xc16/v1.11/bin/bin/../../lib/PIC24E \
  -Lc:/program files/microchip/xc16/v1.11/bin/bin/../../support/PIC24E/gld \
  -Lc:/program files/microchip/xc16/v1.11/bin/bin/../../lib/PIC24F \
  -Lc:/program files/microchip/xc16/v1.11/bin/bin/../../support/PIC24F/gld \
  -Lc:/program files/microchip/xc16/v1.11/bin/bin/../../lib/PIC24H \
  -Lc:/program files/microchip/xc16/v1.11/bin/bin/../../support/PIC24H/gld \
  -Lc:/program files/microchip/xc16/v1.11/bin/bin/../../lib/dsPIC30F \
  -Lc:/program files/microchip/xc16/v1.11/bin/bin/../../support/dsPIC30F/gld \
  -Lc:/program files/microchip/xc16/v1.11/bin/bin/../../lib/dsPIC33E \
  -Lc:/program files/microchip/xc16/v1.11/bin/bin/../../support/dsPIC33E/gld \
  -Lc:/program files/microchip/xc16/v1.11/bin/bin/../../lib/dsPIC33F \
  -Lc:/program files/microchip/xc16/v1.11/bin/bin/../../support/dsPIC33F/gld \
  build/default/production/_ext/1360920944/SST39LF400.o \
  build/default/production/_ext/1360920944/TimeDelay.o \
  build/default/production/_ext/1360920944/MCP23S08.o \
  build/default/production/_ext/1360920944/board.o \
  build/default/production/_ext/1360920944/SST25VF016.o \
  build/default/production/_ext/1360920944/MCP4822.o \
  build/default/production/_ext/1360920944/PCF2123.o \
  build/default/production/_ext/1360920944/TouchScreenAR1020.o \
  build/default/production/_ext/1268784391/drv_gfx_da210.o \
  build/default/production/_ext/1268784391/drv_gfx_da210_buffer.o \
  build/default/production/_ext/798298840/comm_pkt_callback.o \
  build/default/production/_ext/798298840/comm_pkt.o \
  build/default/production/_ext/798298840/flash_programmer.o \
  build/default/production/_ext/1111096632/heap_1.o \
  build/default/production/_ext/771517865/port.o \
  build/default/production/_ext/771517865/portasm_PIC24.o \
  build/default/production/_ext/1840719093/tasks.o \
  build/default/production/_ext/1840719093/croutine.o \
  build/default/production/_ext/1840719093/timers.o \
  build/default/production/_ext/1840719093/queue.o \
  build/default/production/_ext/2044251986/gfx_gol.o \
  build/default/production/_ext/2044251986/gfx_gol_button.o \
  build/default/production/_ext/2044251986/gfx_gol_check_box.o \
  build/default/production/_ext/2044251986/gfx_gol_digital_meter.o \
  build/default/production/_ext/2044251986/gfx_gol_edit_box.o \
  build/default/production/_ext/2044251986/gfx_gol_group_box.o \
  build/default/production/_ext/2044251986/gfx_gol_list_box.o \
  build/default/production/_ext/2044251986/gfx_gol_meter.o \
  build/default/production/_ext/2044251986/gfx_gol_picture.o \
  build/default/production/_ext/2044251986/gfx_gol_progress_bar.o \
  build/default/production/_ext/2044251986/gfx_gol_radio_button.o \
  build/default/production/_ext/2044251986/gfx_gol_scheme_default.o \
  build/default/production/_ext/2044251986/gfx_gol_scroll_bar.o \
  build/default/production/_ext/2044251986/gfx_gol_static_text.o \
  build/default/production/_ext/2044251986/gfx_gol_text_entry.o \
  build/default/production/_ext/2044251986/gfx_gol_window.o \
  build/default/production/_ext/2044251986/gfx_palette.o \
  build/default/production/_ext/2044251986/gfx_primitive.o \
  build/default/production/_ext/1724691511/BlockQ.o \
  build/default/production/_ext/1724691511/blocktim.o \
  build/default/production/_ext/1724691511/comtest.o \
  build/default/production/_ext/1724691511/integer.o \
  build/default/production/_ext/1063401512/drv_touch_screen.o \
  build/default/production/_ext/1472/main.o \
  build/default/production/_ext/1840719093/list.o \
  build/default/production/_ext/809743516/ParTest.o \
  build/default/production/_ext/1472/lcd.o \
  build/default/production/_ext/1472/taskTouchScreen.o \
  build/default/production/_ext/1472/taskGraphics.o \
  build/default/production/_ext/1472/smallfont.o \
  build/default/production/_ext/1472/medfont.o \
  build/default/production/_ext/1472/GDD_Screens.o \
  build/default/production/_ext/1472/osapi.o \
  build/default/production/_ext/1472/GDD_Intro.o \
  build/default/production/_ext/1472/beep.o \
  build/default/production/_ext/1472/GDD_Clear.o \
  build/default/production/_ext/638940289/new.o \
  build/default/production/_ext/1472/usb_callback.o \
  build/default/production/_ext/1472/usb_descriptors.o \
  build/default/production/_ext/1472/usb_device.o \
  build/default/production/_ext/1472/taskBackground.o \
  build/default/production/_ext/1472/stmotor.o \
  build/default/production/_ext/1472/air_det.o \
  build/default/production/_ext/1472/clock.o \
  build/default/production/_ext/1472/keypad.o \
[...]
Memory Configuration

Name             Origin             Length             Attributes
data             0x000800           0x018000           a !xr
reset            0x000000           0x000004  
ivt              0x000004           0x0000fc  
aivt             0x000104           0x0000fc  
app_ivt          0x001400           0x000114  
program          0x001514           0x0296e4           xr
CONFIG4          0x02abf8           0x000002  
CONFIG3          0x02abfa           0x000002  
CONFIG2          0x02abfc           0x000002  
CONFIG1          0x02abfe           0x000002  
*default*        0x000000           0xffffffff  

Linker script and memory map

LOAD build/default/production/_ext/1360920944/SST39LF400.o
LOAD build/default/production/_ext/1360920944/TimeDelay.o
LOAD build/default/production/_ext/1360920944/MCP23S08.o
LOAD build/default/production/_ext/1360920944/board.o
LOAD build/default/production/_ext/1360920944/SST25VF016.o
LOAD build/default/production/_ext/1360920944/MCP4822.o
LOAD build/default/production/_ext/1360920944/PCF2123.o
LOAD build/default/production/_ext/1360920944/TouchScreenAR1020.o
LOAD build/default/production/_ext/1268784391/drv_gfx_da210.o
LOAD build/default/production/_ext/1268784391/drv_gfx_da210_buffer.o
LOAD build/default/production/_ext/798298840/comm_pkt_callback.o
LOAD build/default/production/_ext/798298840/comm_pkt.o
LOAD build/default/production/_ext/798298840/flash_programmer.o
LOAD build/default/production/_ext/1111096632/heap_1.o
LOAD build/default/production/_ext/771517865/port.o
LOAD build/default/production/_ext/771517865/portasm_PIC24.o
LOAD build/default/production/_ext/1840719093/tasks.o
LOAD build/default/production/_ext/1840719093/croutine.o
LOAD build/default/production/_ext/1840719093/timers.o
LOAD build/default/production/_ext/1840719093/queue.o
LOAD build/default/production/_ext/2044251986/gfx_gol.o
LOAD build/default/production/_ext/2044251986/gfx_gol_button.o
LOAD build/default/production/_ext/2044251986/gfx_gol_check_box.o
LOAD build/default/production/_ext/2044251986/gfx_gol_digital_meter.o
LOAD build/default/production/_ext/2044251986/gfx_gol_edit_box.o
LOAD build/default/production/_ext/2044251986/gfx_gol_group_box.o
LOAD build/default/production/_ext/2044251986/gfx_gol_list_box.o
LOAD build/default/production/_ext/2044251986/gfx_gol_meter.o
LOAD build/default/production/_ext/2044251986/gfx_gol_picture.o
LOAD build/default/production/_ext/2044251986/gfx_gol_progress_bar.o
LOAD build/default/production/_ext/2044251986/gfx_gol_radio_button.o
LOAD build/default/production/_ext/2044251986/gfx_gol_scheme_default.o
LOAD build/default/production/_ext/2044251986/gfx_gol_scroll_bar.o
LOAD build/default/production/_ext/2044251986/gfx_gol_static_text.o
LOAD build/default/production/_ext/2044251986/gfx_gol_text_entry.o
LOAD build/default/production/_ext/2044251986/gfx_gol_window.o
LOAD build/default/production/_ext/2044251986/gfx_palette.o
LOAD build/default/production/_ext/2044251986/gfx_primitive.o
LOAD build/default/production/_ext/1724691511/BlockQ.o
LOAD build/default/production/_ext/1724691511/blocktim.o
LOAD build/default/production/_ext/1724691511/comtest.o
LOAD build/default/production/_ext/1724691511/integer.o
LOAD build/default/production/_ext/1063401512/drv_touch_screen.o
LOAD build/default/production/_ext/1472/main.o
LOAD build/default/production/_ext/1840719093/list.o
LOAD build/default/production/_ext/809743516/ParTest.o
LOAD build/default/production/_ext/1472/lcd.o
LOAD build/default/production/_ext/1472/taskTouchScreen.o
LOAD build/default/production/_ext/1472/taskGraphics.o
LOAD build/default/production/_ext/1472/smallfont.o
LOAD build/default/production/_ext/1472/medfont.o
LOAD build/default/production/_ext/1472/GDD_Screens.o
LOAD build/default/production/_ext/1472/osapi.o
LOAD build/default/production/_ext/1472/GDD_Intro.o
LOAD build/default/production/_ext/1472/beep.o
LOAD build/default/production/_ext/1472/GDD_Clear.o
LOAD build/default/production/_ext/638940289/new.o
LOAD build/default/production/_ext/1472/usb_callback.o
LOAD build/default/production/_ext/1472/usb_descriptors.o
LOAD build/default/production/_ext/1472/usb_device.o
LOAD build/default/production/_ext/1472/taskBackground.o
LOAD build/default/production/_ext/1472/stmotor.o
LOAD build/default/production/_ext/1472/air_det.o
LOAD build/default/production/_ext/1472/clock.o
LOAD build/default/production/_ext/1472/keypad.o
LOAD build/default/production/_ext/1472/taskSPI.o
LOAD build/default/production/_ext/1472/taskControl.o
LOAD build/default/production/_ext/1472/taskCalc.o
LOAD build/default/production/_ext/1472/taskUSB.o
LOAD build/default/production/_ext/1472/com.o
LOAD build/default/production/_ext/1472/val_conv.o
LOAD build/default/production/_ext/1472/taskUART.o
LOAD build/default/production/_ext/1472/usb_device_cdc.o
LOAD build/default/production/_ext/1472/usb_hal_pic24f.o
LOAD build/default/production/_ext/1057314724/system.o
LOAD build/default/production/_ext/1472/resource.o
LOAD build/default/production/_ext/1472/res.o
LOAD build/default/production/_ext/1472/mathutil.o
LOAD build/default/production/_ext/1472/GDD_SetProg.o
LOAD build/default/production/_ext/1472/GDD_SetDrug.o
LOAD build/default/production/_ext/1472/GDD_Alarm.o
                    0x0001                  __MPLAB_BUILD = 0x1
LOAD c:/program files/microchip/xc16/v1.11/bin/bin/../../lib/PIC24F\libpPIC24Fxxx-elf.a
                    0x2abf8                  __CONFIG4 = 0x2abf8
                    0x2abfa                  __CONFIG3 = 0x2abfa
                    0x2abfc                  __CONFIG2 = 0x2abfc
                    0x2abfe                  __CONFIG1 = 0x2abfe
                    0x0004                  __IVT_BASE = 0x4
                    0x0104                  __AIVT_BASE = 0x104
                    0x0800                  __DATA_BASE = 0x800
                    0x0200                  __CODE_BASE = 0x200
                    0x1400                  __APP_IVT_BASE = 0x1400

.reset            0x000000          0x4
                  0x000000          0x2 SHORT 0x1514 ABSOLUTE (__reset)
                  0x000001          0x2 SHORT 0x4
                  0x000002          0x2 SHORT 0x0 ((ABSOLUTE (__reset) >> 0x10) & 0x7f)
                  0x000003          0x2 SHORT 0x0

.text             0x001514       0x3236
 *(.init)
 .init            0x001514         0x2e c:/program files/microchip/xc16/v1.11/bin/bin/../../lib\liblega-pic30-elf.a(crt0_extended.o)
                  0x001514                  __resetPRI
                  0x001514                  __reset
                  0x001536                  __psv_init
 .init            0x001542         0x9a c:/program files/microchip/xc16/v1.11/bin/bin/../../lib\liblega-pic30-elf.a(data_init_extended.o)
                  0x001542                  __data_init
                  0x001542                  __data_init_extended
 *(.user_init)
 *(.handle)
 .handle          0x0015dc        0x12c jump_table
 *(.libc)
 .libc            0x001708         0x2c c:/program files/microchip/xc16/v1.11/bin/bin/../../lib\liblega-c-elf.a(sprintf_cdfFnopsuxX.XXeo)
                  0x001708                  sprintf_cdfFnopsuxX.XXeo:_prout
                  0x001716                  __sprintf_cdfFnopuxX
                  0x001716                  __sprintf_cdfFnopsuxX
                  0x001716                  __sprintf_fF
 .libc            0x001734        0x16e c:/program files/microchip/xc16/v1.11/bin/bin/../../lib\liblega-c-elf.a(xprintf_cdfFnopsuxX.XXeo)
                  0x001734                  ___Printf_cdfFnopuxX
                  0x001734                  ___Printf_cdfFnopsuxX
                  0x001734                  ___Printf_fF
 .libc            0x0018a2        0x2e8 c:/program files/microchip/xc16/v1.11/bin/bin/../../lib\liblega-c-elf.a(xputfld_cdfFnopsuxX.XXeo)
                  0x0018a2                  ___Putfld_cdfFnopuxX
                  0x0018a2                  ___Putfld_cdfFnopsuxX
                  0x0018a2                  ___Putfld_fF
 .libc            0x001b8a        0x274 c:/program files/microchip/xc16/v1.11/bin/bin/../../lib\liblega-c-elf.a(xldtob_cdfFnopsuxX.XXeo)
                  0x001b8a                  ___Ldtob_cdfFnopsuxX
                  0x001b8a                  ___Ldtob_fF
                  0x001b8a                  ___Ldtob_cdfFnopuxX
 .libc            0x001dfe        0x208 c:/program files/microchip/xc16/v1.11/bin/bin/../../lib\liblega-c-elf.a(xgenld_cdfFnopsuxX.XXeo)
                  0x001dfe                  ___Genld_fF
                  0x001dfe                  ___Genld_cdfFnopsuxX
                  0x001dfe                  ___Genld_cdfFnopuxX
 *(.libm)
 *(.libdsp)
 *(.lib*)
 .libperi         0x002006          0xc c:/program files/microchip/xc16/v1.11/bin/bin/../../lib/PIC24F\libpPIC24Fxxx-elf.a(CloseSPI1.o)
                  0x002006                  _CloseSPI1
 .libperi         0x002012         0x18 c:/program files/microchip/xc16/v1.11/bin/bin/../../lib/PIC24F\libpPIC24Fxxx-elf.a(OpenSPI1.o)
                  0x002012                  _OpenSPI1
 .libperi         0x00202a         0x1e c:/program files/microchip/xc16/v1.11/bin/bin/../../lib/PIC24F\libpPIC24Fxxx-elf.a(ReadSPI1.o)
                  0x00202a                  _ReadSPI1
 .libperi         0x002048         0x20 c:/program files/microchip/xc16/v1.11/bin/bin/../../lib/PIC24F\libpPIC24Fxxx-elf.a(WriteSPI1.o)
                  0x002048                  _WriteSPI1
 .libc.memcpy_helper
                  0x002068         0x36 c:/program files/microchip/xc16/v1.11/bin/bin/../../lib\liblega-pic30-elf.a(memcpy_helper.Leo)
                  0x002068                  __memcpy_helper
 .libm.subsf3     0x00209e         0xbc c:/program files/microchip/xc16/v1.11/bin/bin/../../lib\libm-elf.a(addsf3.eo)
                  0x00209e                  ___subsf3
                  0x0020a0                  ___addsf3
 .libm.divfs3     0x00215a         0x84 c:/program files/microchip/xc16/v1.11/bin/bin/../../lib\libm-elf.a(divsf3.eo)
                  0x00215a                  ___divsf3
 .libm.divsi3     0x0021de         0x1e c:/program files/microchip/xc16/v1.11/bin/bin/../../lib\libm-elf.a(divsi3.eo)
                  0x0021de                  ___divsi3
 .libm.eqsf2      0x0021fc          0x4 c:/program files/microchip/xc16/v1.11/bin/bin/../../lib\libm-elf.a(feqltle.eo)
                  0x0021fc                  ___eqsf2
                  0x0021fc                  ___ltsf2
                  0x0021fc                  ___lesf2
 .libm.gtsf2      0x002200          0x4 c:/program files/microchip/xc16/v1.11/bin/bin/../../lib\libm-elf.a(fgtge.eo)
                  0x002200                  ___gesf2
                  0x002200                  ___gtsf2
 .libm.fixsfsi    0x002204         0x42 c:/program files/microchip/xc16/v1.11/bin/bin/../../lib\libm-elf.a(fixsfsi.eo)
                  0x002204                  _(float, int, long long, short, float, short, int)
 .libm.fixunssfsi
                  0x002246         0x36 c:/program files/microchip/xc16/v1.11/bin/bin/../../lib\libm-elf.a(fixunssfsi.eo)
                  0x002246                  ___fixunssfsi
 .libm.floatsisf
                  0x00227c          0x6 c:/program files/microchip/xc16/v1.11/bin/bin/../../lib\libm-elf.a(floatsisf.eo)
                  0x00227c                  ___floatsisf
 .libm.floatunsisf
                  0x002282          0x4 c:/program files/microchip/xc16/v1.11/bin/bin/../../lib\libm-elf.a(floatunsisf.eo)
                  0x002282                  ___floatunsisf
 .libm.fpack      0x002286         0x4c c:/program files/microchip/xc16/v1.11/bin/bin/../../lib\libm-elf.a(fpack.eo)
                  0x002286                  __fpack
 .libm.funpack    0x0022d2         0x2a c:/program files/microchip/xc16/v1.11/bin/bin/../../lib\libm-elf.a(funpack.eo)
                  0x0022d2                  __funpack
 .libm.funpack2
                  0x0022fc         0x10 c:/program files/microchip/xc16/v1.11/bin/bin/../../lib\libm-elf.a(funpack2.eo)
                  0x0022fc                  __funpack2
 .libm.fPropagateNaN
                  0x00230c         0x12 c:/program files/microchip/xc16/v1.11/bin/bin/../../lib\libm-elf.a(futil.eo)
                  0x00230c                  __fPropagateNaN
 .libm.fbobExit
                  0x00231e          0x8 c:/program files/microchip/xc16/v1.11/bin/bin/../../lib\libm-elf.a(futil.eo)
                  0x00231e                  __fbopExit
 .libm.fbopReturnNaN
                  0x002326          0x6 c:/program files/microchip/xc16/v1.11/bin/bin/../../lib\libm-elf.a(futil.eo)
                  0x002326                  __fbopReturnNaN
 .libm.mulsf3     0x00232c         0x68 c:/program files/microchip/xc16/v1.11/bin/bin/../../lib\libm-elf.a(mulsf3.eo)
                  0x00232c                  ___mulsf3
 .libm.udivsi3    0x002394         0x20 c:/program files/microchip/xc16/v1.11/bin/bin/../../lib\libm-elf.a(udivsi3.eo)
                  0x002394                  ___udivsi3
 .libm.umodsi3    0x0023b4          0x6 c:/program files/microchip/xc16/v1.11/bin/bin/../../lib\libm-elf.a(umodsi3.eo)
                  0x0023b4                  ___umodsi3
 .libm.fcompare
                  0x0023ba         0x36 c:/program files/microchip/xc16/v1.11/bin/bin/../../lib\libm-elf.a(fcompare.eo)
                  0x0023ba                  __fcompare
 .libm.floatdisf
                  0x0023f0         0x20 c:/program files/microchip/xc16/v1.11/bin/bin/../../lib\libm-elf.a(floatdisf.eo)
                  0x0023f0                  ___floatdisf
 .libm.floatundisf
                  0x002410         0x5e c:/program files/microchip/xc16/v1.11/bin/bin/../../lib\libm-elf.a(floatundisf.eo)
                  0x002410                  ___floatundisf
 .libc.abort.abort
                  0x00246e          0x8 c:/program files/microchip/xc16/v1.11/bin/bin/../../lib\liblega-c-elf.a(abort.XXeo)
                  0x00246e                  _abort
 .libc.exit.exit
                  0x002476         0x26 c:/program files/microchip/xc16/v1.11/bin/bin/../../lib\liblega-c-elf.a(exit.XXeo)
                  0x002476                  _exit
 .libc.free.free
                  0x00249c         0x64 c:/program files/microchip/xc16/v1.11/bin/bin/../../lib\liblega-c-elf.a(free.XXeo)
                  0x00249c                  _free
 .libc._Tzoff._Tzoff
                  0x002500         0x88 c:/program files/microchip/xc16/v1.11/bin/bin/../../lib\liblega-c-elf.a(localtim.XXeo)
                  0x002500                  __Tzoff
 .libc.localtime.localtime
                  0x002588         0x1c c:/program files/microchip/xc16/v1.11/bin/bin/../../lib\liblega-c-elf.a(localtim.XXeo)
                  0x002588                  _localtime
 .libc.findmem.findmem
                  0x0025a4         0x64 c:/program files/microchip/xc16/v1.11/bin/bin/../../lib\liblega-c-elf.a(malloc.XXeo)
 .libc.malloc.malloc
                  0x002608         0x54 c:/program files/microchip/xc16/v1.11/bin/bin/../../lib\liblega-c-elf.a(malloc.XXeo)
                  0x002608                  _malloc
 .libc.memcpy.memcpy
                  0x00265c          0xe c:/program files/microchip/xc16/v1.11/bin/bin/../../lib\liblega-c-elf.a(memcpy.XXeo)
                  0x00265c                  _memcpy
 .libc.memset.memset
                  0x00266a          0xe c:/program files/microchip/xc16/v1.11/bin/bin/../../lib\liblega-c-elf.a(memset.XXeo)
                  0x00266a                  _memset
 .libc.mktime.mktime
                  0x002678        0x16a c:/program files/microchip/xc16/v1.11/bin/bin/../../lib\liblega-c-elf.a(mktime.XXeo)
                  0x002678                  _mktime
 .libc.raise.raise
                  0x0027e2         0x88 c:/program files/microchip/xc16/v1.11/bin/bin/../../lib\liblega-c-elf.a(raise.XXeo)
                  0x0027e2                  _raise
 .libc.signal.signal
                  0x00286a         0x16 c:/program files/microchip/xc16/v1.11/bin/bin/../../lib\liblega-c-elf.a(signal.XXeo)
                  0x00286a                  _signal
 .libc.strftime.strftime
                  0x002880         0x26 c:/program files/microchip/xc16/v1.11/bin/bin/../../lib\liblega-c-elf.a(strftime.XXeo)
                  0x002880                  _strftime
 .libc.strlen.strlen
                  0x0028a6         0x10 c:/program files/microchip/xc16/v1.11/bin/bin/../../lib\liblega-c-elf.a(strlen.XXeo)
                  0x0028a6                  _strlen
 .libc.strncpy.strncpy
                  0x0028b6         0x20 c:/program files/microchip/xc16/v1.11/bin/bin/../../lib\liblega-c-elf.a(strncpy.XXeo)
                  0x0028b6                  _strncpy
 .libc.strtol.strtol
                  0x0028d6         0x8e c:/program files/microchip/xc16/v1.11/bin/bin/../../lib\liblega-c-elf.a(strtol.XXeo)
                  0x0028d6                  _strtol
 .libc._Getmem._Getmem
                  0x002964         0x14 c:/program files/microchip/xc16/v1.11/bin/bin/../../lib\liblega-c-elf.a(xgetmem.XXeo)
                  0x002964                  __Getmem
 .libc._Gettime._Gettime
                  0x002978         0x44 c:/program files/microchip/xc16/v1.11/bin/bin/../../lib\liblega-c-elf.a(xgettime.XXeo)
                  0x002978                  __Gettime
 .libc.reformat.reformat
                  0x0029bc         0x88 c:/program files/microchip/xc16/v1.11/bin/bin/../../lib\liblega-c-elf.a(xgetzone.XXeo)
 .libc.getzone.getzone
                  0x002a44         0x24 c:/program files/microchip/xc16/v1.11/bin/bin/../../lib\liblega-c-elf.a(xgetzone.XXeo)
 .libc._Getzone._Getzone
                  0x002a68         0x16 c:/program files/microchip/xc16/v1.11/bin/bin/../../lib\liblega-c-elf.a(xgetzone.XXeo)
                  0x002a68                  __Getzone
 .libc._Stoul._Stoul
                  0x002a7e        0x14a c:/program files/microchip/xc16/v1.11/bin/bin/../../lib\liblega-c-elf.a(xstoul.XXeo)
                  0x002a7e                  __Stoul
 .libc._CStrftime._CStrftime
                  0x002bc8         0xd4 c:/program files/microchip/xc16/v1.11/bin/bin/../../lib\liblega-c-elf.a(xstrftim.XXeo)
                  0x002bc8                  __CStrftime
 .libc._Daysto._Daysto
                  0x002c9c         0x2c c:/program files/microchip/xc16/v1.11/bin/bin/../../lib\liblega-c-elf.a(xttotm.XXeo)
                  0x002c9c                  __Daysto
 .libc._Ttotm._Ttotm
                  0x002cc8         0xea c:/program files/microchip/xc16/v1.11/bin/bin/../../lib\liblega-c-elf.a(xttotm.XXeo)
                  0x002cc8                  __Ttotm
 .libc.isalpha    0x002db2         0x14 c:/program files/microchip/xc16/v1.11/bin/bin/../../lib\liblega-c-elf.a(isalpha.XXelso)
                  0x002db2                  _isalpha
 .libc.isspace    0x002dc6         0x10 c:/program files/microchip/xc16/v1.11/bin/bin/../../lib\liblega-c-elf.a(isspace.XXelso)
                  0x002dc6                  _isspace
 .libc.tolower    0x002dd6          0xe c:/program files/microchip/xc16/v1.11/bin/bin/../../lib\liblega-c-elf.a(tolower.XXelso)
                  0x002dd6                  _tolower
 .libc._Geterrno._Geterrno
                  0x002de4          0xc c:/program files/microchip/xc16/v1.11/bin/bin/../../lib\liblega-c-elf.a(errno.XXelo)
                  0x002de4                  __Geterrno
 .libc.fputs.fputs
                  0x002df0         0x9a c:/program files/microchip/xc16/v1.11/bin/bin/../../lib\liblega-c-elf.a(fputs.XXelo)
                  0x002df0                  _fputs
 .libc.strchr.strchr
                  0x002e8a         0x12 c:/program files/microchip/xc16/v1.11/bin/bin/../../lib\liblega-c-elf.a(strchr.XXelo)
                  0x002e8a                  _strchr
 .libc.strrchr.strrchr
                  0x002e9c         0x16 c:/program files/microchip/xc16/v1.11/bin/bin/../../lib\liblega-c-elf.a(strrchr.XXelo)
                  0x002e9c                  _strrchr
 .libc.wkyr.wkyr
                  0x002eb2         0x14 c:/program files/microchip/xc16/v1.11/bin/bin/../../lib\liblega-c-elf.a(xgentime.XXelo)
 .libc.cmp_era_date.cmp_era_date
                  0x002ec6         0x7e c:/program files/microchip/xc16/v1.11/bin/bin/../../lib\liblega-c-elf.a(xgentime.XXelo)
 .libc.isleapyr.clone.0.isleapyr.clone.0
                  0x002f44          0x2 c:/program files/microchip/xc16/v1.11/bin/bin/../../lib\liblega-c-elf.a(xgentime.XXelo)
 .libc.ISOwkyr.clone.1.ISOwkyr.clone.1
                  0x002f46         0x6a c:/program files/microchip/xc16/v1.11/bin/bin/../../lib\liblega-c-elf.a(xgentime.XXelo)
 .libc.ISOyear.ISOyear
                  0x002fb0         0x1e c:/program files/microchip/xc16/v1.11/bin/bin/../../lib\liblega-c-elf.a(xgentime.XXelo)
 .libc.ISOweek.clone.2.ISOweek.clone.2
                  0x002fce         0x30 c:/program files/microchip/xc16/v1.11/bin/bin/../../lib\liblega-c-elf.a(xgentime.XXelo)
 .libc.getval.clone.3.getval.clone.3
                  0x002ffe         0x4e c:/program files/microchip/xc16/v1.11/bin/bin/../../lib\liblega-c-elf.a(xgentime.XXelo)
 .libc.getera.clone.4.getera.clone.4
                  0x00304c         0x8c c:/program files/microchip/xc16/v1.11/bin/bin/../../lib\liblega-c-elf.a(xgentime.XXelo)
 .libc._Gentime._Gentime
                  0x0030d8        0x42e c:/program files/microchip/xc16/v1.11/bin/bin/../../lib\liblega-c-elf.a(xgentime.XXelo)
                  0x0030d8                  __Gentime
 .libc._Tls_reg_rules._Tls_reg_rules
                  0x003506          0x4 c:/program files/microchip/xc16/v1.11/bin/bin/../../lib\liblega-c-elf.a(xisdst.XXelo)
 .libc._Tls_setupx_rules._Tls_setupx_rules
                  0x00350a         0x16 c:/program files/microchip/xc16/v1.11/bin/bin/../../lib\liblega-c-elf.a(xisdst.XXelo)
 .libc.free_tls.clone.0.free_tls.clone.0
                  0x003520          0x4 c:/program files/microchip/xc16/v1.11/bin/bin/../../lib\liblega-c-elf.a(xisdst.XXelo)
 .libc._Tls_dtor_rules._Tls_dtor_rules
                  0x003524          0x2 c:/program files/microchip/xc16/v1.11/bin/bin/../../lib\liblega-c-elf.a(xisdst.XXelo)
                  0x003524                  xisdst.XXelo:__Tls_dtor_rules
 .libc._Isdst._Isdst
                  0x003526         0xfc c:/program files/microchip/xc16/v1.11/bin/bin/../../lib\liblega-c-elf.a(xisdst.XXelo)
                  0x003526                  __Isdst
 .libc._Getptimes._Getptimes
                  0x003622          0xc c:/program files/microchip/xc16/v1.11/bin/bin/../../lib\liblega-c-elf.a(asctime.XXeo)
                  0x003622                  __Getptimes
 .libc.asctime.asctime
                  0x00362e         0x10 c:/program files/microchip/xc16/v1.11/bin/bin/../../lib\liblega-c-elf.a(asctime.XXeo)
                  0x00362e                  _asctime
 .libc.div.div    0x00363e         0x16 c:/program files/microchip/xc16/v1.11/bin/bin/../../lib\liblega-c-elf.a(div.XXeo)
                  0x00363e                  _div
 .libc._DNKfflush._DNKfflush
                  0x003654         0x7e c:/program files/microchip/xc16/v1.11/bin/bin/../../lib\liblega-c-elf.a(fflush.XXeo)
                  0x003654                  __DNKfflush
 .libc.ldiv.ldiv
                  0x0036d2         0x2a c:/program files/microchip/xc16/v1.11/bin/bin/../../lib\liblega-c-elf.a(ldiv.XXeo)
                  0x0036d2                  _ldiv
 .libc.memchr.memchr
                  0x0036fc         0x12 c:/program files/microchip/xc16/v1.11/bin/bin/../../lib\liblega-c-elf.a(memchr.XXeo)
                  0x0036fc                  _memchr
 .libc._Atexit._Atexit
                  0x00370e         0x18 c:/program files/microchip/xc16/v1.11/bin/bin/../../lib\liblega-c-elf.a(xatexit.XXeo)
                  0x00370e                  __Atexit
 .libc._Fwprep._Fwprep
                  0x003726         0x8e c:/program files/microchip/xc16/v1.11/bin/bin/../../lib\liblega-c-elf.a(xfwprep.XXeo)
                  0x003726                  __Fwprep
 .libc.getint.getint
                  0x0037b4         0x22 c:/program files/microchip/xc16/v1.11/bin/bin/../../lib\liblega-c-elf.a(xgetdst.XXeo)
 .libc._Getdst._Getdst
                  0x0037d6         0xfc c:/program files/microchip/xc16/v1.11/bin/bin/../../lib\liblega-c-elf.a(xgetdst.XXeo)
                  0x0037d6                  __Getdst
 .libc._LDunscale._LDunscale
                  0x0038d2         0x54 c:/program files/microchip/xc16/v1.11/bin/bin/../../lib\liblega-c-elf.a(xldunsca.XXeo)
                  0x0038d2                  __LDunscale
 .libc._Litob._Litob
                  0x003926        0x28c c:/program files/microchip/xc16/v1.11/bin/bin/../../lib\liblega-c-elf.a(xlitob.XXeo)
                  0x003926                  __Litob
 .libc._Puttxt._Puttxt
                  0x003bb2        0x178 c:/program files/microchip/xc16/v1.11/bin/bin/../../lib\liblega-c-elf.a(xputtxt.XXeo)
                  0x003bb2                  __Puttxt
 .libc._Vacopy._Vacopy
                  0x003d2a          0x4 c:/program files/microchip/xc16/v1.11/bin/bin/../../lib\liblega-c-elf.a(xvacopy.XXeo)
                  0x003d2a                  __Vacopy
 .libc.closeallreg.closeallreg
                  0x003d2e          0x4 c:/program files/microchip/xc16/v1.11/bin/bin/../../lib\liblega-c-elf.a(fclose.XXelo)
 .libc._Closreg._Closreg
                  0x003d32         0x14 c:/program files/microchip/xc16/v1.11/bin/bin/../../lib\liblega-c-elf.a(fclose.XXelo)
                  0x003d32                  __Closreg
 .libc.fclose.fclose
                  0x003d46         0x88 c:/program files/microchip/xc16/v1.11/bin/bin/../../lib\liblega-c-elf.a(fclose.XXelo)
                  0x003d46                  _fclose
 .libc.closeall.closeall
                  0x003dce         0x18 c:/program files/microchip/xc16/v1.11/bin/bin/../../lib\liblega-c-elf.a(fclose.XXelo)
                  0x003dce                  fclose.XXelo:_closeall
 .libc._Dnorm._Dnorm
                  0x003de6         0x9a c:/program files/microchip/xc16/v1.11/bin/bin/../../lib\liblega-c-elf.a(xdnorm.XXelo)
                  0x003de6                  __Dnorm
 .libc._exit      0x003e80         0x16 c:/program files/microchip/xc16/v1.11/bin/bin/../../lib\liblega-pic30-elf.a(_exit.Leo)
                  0x003e80                  __exit
 .libc.sbrk       0x003e96         0x28 c:/program files/microchip/xc16/v1.11/bin/bin/../../lib\liblega-pic30-elf.a(sbrk.Leo)
                  0x003e96                  _sbrk
 .libc.getenv     0x003ebe          0x2 c:/program files/microchip/xc16/v1.11/bin/bin/../../lib\liblega-pic30-elf.a(getenv.Leo)
                  0x003ebe                  _getenv
 .libc.brk        0x003ec0         0x1c c:/program files/microchip/xc16/v1.11/bin/bin/../../lib\liblega-pic30-elf.a(brk.Lelo)
                  0x003ec0                  _brk
 .libc.doclose.doclose
                  0x003edc          0x4 c:/program files/microchip/xc16/v1.11/bin/bin/../../lib\liblega-pic30-elf.a(close.Leo)
 .libc.close      0x003ee0         0x12 c:/program files/microchip/xc16/v1.11/bin/bin/../../lib\liblega-pic30-elf.a(close.Leo)
                  0x003ee0                  _close
 .libc.dowrite.dowrite
                  0x003ef2          0x4 c:/program files/microchip/xc16/v1.11/bin/bin/../../lib\liblega-pic30-elf.a(write.Leo)
 .libc.write      0x003ef6         0x5e c:/program files/microchip/xc16/v1.11/bin/bin/../../lib\liblega-pic30-elf.a(write.Leo)
                  0x003ef6                  _write
 .libc.doremove.doremove
                  0x003f54          0x4 c:/program files/microchip/xc16/v1.11/bin/bin/../../lib\liblega-pic30-elf.a(remove.Leo)
 .libc.remove     0x003f58         0x12 c:/program files/microchip/xc16/v1.11/bin/bin/../../lib\liblega-pic30-elf.a(remove.Leo)
                  0x003f58                  _remove
 .libm.eqdf2      0x003f6a          0xa c:/program files/microchip/xc16/v1.11/bin/bin/../../lib\libm-elf.a(deqltle.eo)
                  0x003f6a                  ___eqdf2
                  0x003f6a                  ___ltdf2
                  0x003f6a                  ___ledf2
 .libm.gtdf2      0x003f74          0xa c:/program files/microchip/xc16/v1.11/bin/bin/../../lib\libm-elf.a(dgtge.eo)
                  0x003f74                  ___gtdf2
                  0x003f74                  ___gedf2
 .libm.divdf3     0x003f7e         0xb4 c:/program files/microchip/xc16/v1.11/bin/bin/../../lib\libm-elf.a(divdf3.eo)
                  0x003f7e                  ___divdf3
 .libm.dpack      0x004032         0x58 c:/program files/microchip/xc16/v1.11/bin/bin/../../lib\libm-elf.a(dpack.eo)
                  0x004032                  __dpack
 .libm.dunpack2
                  0x00408a         0x32 c:/program files/microchip/xc16/v1.11/bin/bin/../../lib\libm-elf.a(dunpack2.eo)
                  0x00408a                  __dunpack2
                  0x0040ac                  __dreturnNaN
                  0x0040b2                  __dunpack2exit
 .libm.extendsfdf2
                  0x0040bc         0x3e c:/program files/microchip/xc16/v1.11/bin/bin/../../lib\libm-elf.a(extendsfdf.eo)
                  0x0040bc                  ___extendsfdf2
 .libm.fixdfsi    0x0040fa         0x58 c:/program files/microchip/xc16/v1.11/bin/bin/../../lib\libm-elf.a(fixdfsi.eo)
                  0x0040fa                  _(float, int, long long, double, float, short, int)
 .libm.floatsidf
                  0x004152          0x6 c:/program files/microchip/xc16/v1.11/bin/bin/../../lib\libm-elf.a(floatsidf.eo)
                  0x004152                  ___floatsidf
 .libm.modsi3     0x004158         0x1e c:/program files/microchip/xc16/v1.11/bin/bin/../../lib\libm-elf.a(modsi3.eo)
                  0x004158                  ___modsi3
 .libm.muldf3     0x004176         0xea c:/program files/microchip/xc16/v1.11/bin/bin/../../lib\libm-elf.a(muldf3.eo)
                  0x004176                  ___muldf3
 .libm.subdf3     0x004260          0x4 c:/program files/microchip/xc16/v1.11/bin/bin/../../lib\libm-elf.a(subdf3.eo)
                  0x004260                  ___subdf3
 .libm.mulsi3     0x004264          0xc c:/program files/microchip/xc16/v1.11/bin/bin/../../lib\libm-elf.a(mulsi3.eo)
                  0x004264                  ___mulp32peds3
                  0x004264                  ___mulsi3
                  0x004264                  ___mulp32eds3
 .libm.__PplusBdi.__PplusBdi
                  0x004270         0x28 c:/program files/microchip/xc16/v1.11/bin/bin/../../lib\libm-elf.a(divmoddi3.eo)
 .libm.__PminusBdi.__PminusBdi
                  0x004298         0x30 c:/program files/microchip/xc16/v1.11/bin/bin/../../lib\libm-elf.a(divmoddi3.eo)
 .libm.__udivmoddi3.__udivmoddi3
                  0x0042c8         0xc4 c:/program files/microchip/xc16/v1.11/bin/bin/../../lib\libm-elf.a(divmoddi3.eo)
                  0x0042c8                  ___udivmoddi3
 .libm.__udivdi3.__udivdi3
                  0x00438c          0xe c:/program files/microchip/xc16/v1.11/bin/bin/../../lib\libm-elf.a(divmoddi3.eo)
                  0x00438c                  ___udivdi3
 .libm.__umoddi3.__umoddi3
                  0x00439a          0x8 c:/program files/microchip/xc16/v1.11/bin/bin/../../lib\libm-elf.a(divmoddi3.eo)
                  0x00439a                  ___umoddi3
 .libm.__divdi3.__divdi3
                  0x0043a2         0x66 c:/program files/microchip/xc16/v1.11/bin/bin/../../lib\libm-elf.a(divmoddi3.eo)
                  0x0043a2                  ___divdi3
 .libm.__moddi3.__moddi3
                  0x004408         0x5c c:/program files/microchip/xc16/v1.11/bin/bin/../../lib\libm-elf.a(divmoddi3.eo)
                  0x004408                  ___moddi3
 .libm.__muldi3.__muldi3
                  0x004464         0x52 c:/program files/microchip/xc16/v1.11/bin/bin/../../lib\libm-elf.a(muldi3.eo)
                  0x004464                  ___muldi3
 .libm.adddf3     0x0044b6         0xfa c:/program files/microchip/xc16/v1.11/bin/bin/../../lib\libm-elf.a(adddf3.eo)
                  0x0044b6                  ___adddf3
 .libm.dcompare
                  0x0045b0         0x52 c:/program files/microchip/xc16/v1.11/bin/bin/../../lib\libm-elf.a(dcompare.eo)
                  0x0045b0                  __dcompare
 .libm.dPropagateNaN
                  0x004602         0x1c c:/program files/microchip/xc16/v1.11/bin/bin/../../lib\libm-elf.a(dpropagateNaN.eo)
                  0x004602                  __dPropagateNaN
 .libm.dtype      0x00461e         0x24 c:/program files/microchip/xc16/v1.11/bin/bin/../../lib\libm-elf.a(dtype.eo)
                  0x00461e                  __dtype
 .libm.dunpack    0x004642         0x4e c:/program files/microchip/xc16/v1.11/bin/bin/../../lib\libm-elf.a(dunpack.eo)
                  0x004642                  __dunpack
 .libm.floatdidf
                  0x004690         0x20 c:/program files/microchip/xc16/v1.11/bin/bin/../../lib\libm-elf.a(floatdidf.eo)
                  0x004690                  ___floatdidf
 .libm.floatundidf
                  0x0046b0         0x56 c:/program files/microchip/xc16/v1.11/bin/bin/../../lib\libm-elf.a(floatundidf.eo)
                  0x0046b0                  ___floatundidf
 .libm.umuldi3    0x004706         0x44 c:/program files/microchip/xc16/v1.11/bin/bin/../../lib\libm-elf.a(umuldi3.eo)
                  0x004706                  ___umuldi3

usercode
 *(usercode)

__CONFIG4
 *(__CONFIG4.sec)

__CONFIG3         0x02abfa          0x2
 *(__CONFIG3.sec)
 __CONFIG3.sec    0x02abfa          0x2 build/default/production/_ext/1472/main.o

__CONFIG2         0x02abfc          0x2
 *(__CONFIG2.sec)
 __CONFIG2.sec    0x02abfc          0x2 build/default/production/_ext/1472/main.o

__CONFIG1         0x02abfe          0x2
 *(__CONFIG1.sec)
 __CONFIG1.sec    0x02abfe          0x2 build/default/production/_ext/1472/main.o

.icd                0x0800         0x50
                    0x0850                  . = (. + DEFINED (__ICD2RAM)?0x50:0x0)
 *fill*             0x0800         0x5000

.comment          0x000000         0x5e
 *(.comment)
 .comment         0x000000         0x5e c:/program files/microchip/xc16/v1.11/bin/bin/../../lib\liblega-c-elf.a(xfiles.XXeo)

.debug_info       0x000000      0x65fd6
 *(.debug_info)
 .debug_info      0x000000        0x75d build/default/production/_ext/1360920944/SST39LF400.o
 .debug_info      0x00075d        0x22f build/default/production/_ext/1360920944/TimeDelay.o
 .debug_info      0x00098c        0x918 build/default/production/_ext/1360920944/MCP23S08.o
 .debug_info      0x0012a4        0x7c0 build/default/production/_ext/1360920944/board.o
 .debug_info      0x001a64        0xdd8 build/default/production/_ext/1360920944/SST25VF016.o
 .debug_info      0x00283c        0x398 build/default/production/_ext/1360920944/MCP4822.o
 .debug_info      0x002bd4        0xa32 build/default/production/_ext/1360920944/PCF2123.o
 .debug_info      0x003606       0x1130 build/default/production/_ext/1360920944/TouchScreenAR1020.o
 .debug_info      0x004736       0x6177 build/default/production/_ext/1268784391/drv_gfx_da210.o
 .debug_info      0x00a8ad        0x23f build/default/production/_ext/1268784391/drv_gfx_da210_buffer.o
 .debug_info      0x00aaec        0x6c7 build/default/production/_ext/798298840/comm_pkt_callback.o
 .debug_info      0x00b1b3        0x4fa build/default/production/_ext/798298840/comm_pkt.o
 .debug_info      0x00b6ad        0xd11 build/default/production/_ext/798298840/flash_programmer.o
 .debug_info      0x00c3be        0x2bd build/default/production/_ext/1111096632/heap_1.o
 .debug_info      0x00c67b        0xaf3 build/default/production/_ext/771517865/port.o
 .debug_info      0x00d16e         0xc1 build/default/production/_ext/771517865/portasm_PIC24.o
 .debug_info      0x00d22f       0x1300 build/default/production/_ext/1840719093/tasks.o
 .debug_info      0x00e52f        0x902 build/default/production/_ext/1840719093/croutine.o
 .debug_info      0x00ee31        0xa9a build/default/production/_ext/1840719093/timers.o
 .debug_info      0x00f8cb        0xaa9 build/default/production/_ext/1840719093/queue.o
 .debug_info      0x010374       0x2c07 build/default/production/_ext/2044251986/gfx_gol.o
 .debug_info      0x012f7b       0x255b build/default/production/_ext/2044251986/gfx_gol_button.o
 .debug_info      0x0154d6       0x226c build/default/production/_ext/2044251986/gfx_gol_check_box.o
 .debug_info      0x017742       0x2390 build/default/production/_ext/2044251986/gfx_gol_digital_meter.o
 .debug_info      0x019ad2       0x217d build/default/production/_ext/2044251986/gfx_gol_edit_box.o
 .debug_info      0x01bc4f       0x21fd build/default/production/_ext/2044251986/gfx_gol_group_box.o
 .debug_info      0x01de4c       0x28b2 build/default/production/_ext/2044251986/gfx_gol_list_box.o
 .debug_info      0x0206fe       0x2d0a build/default/production/_ext/2044251986/gfx_gol_meter.o
 .debug_info      0x023408       0x220c build/default/production/_ext/2044251986/gfx_gol_picture.o
 .debug_info      0x025614       0x2272 build/default/production/_ext/2044251986/gfx_gol_progress_bar.o
 .debug_info      0x027886       0x257b build/default/production/_ext/2044251986/gfx_gol_radio_button.o
 .debug_info      0x029e01        0xff2 build/default/production/_ext/2044251986/gfx_gol_scheme_default.o
 .debug_info      0x02adf3       0x2812 build/default/production/_ext/2044251986/gfx_gol_scroll_bar.o
 .debug_info      0x02d605       0x219d build/default/production/_ext/2044251986/gfx_gol_static_text.o
 .debug_info      0x02f7a2       0x2c63 build/default/production/_ext/2044251986/gfx_gol_text_entry.o
 .debug_info      0x032405       0x22df build/default/production/_ext/2044251986/gfx_gol_window.o
 .debug_info      0x0346e4        0x158 build/default/production/_ext/2044251986/gfx_palette.o
 .debug_info      0x03483c       0x6894 build/default/production/_ext/2044251986/gfx_primitive.o
 .debug_info      0x03b0d0        0x541 build/default/production/_ext/1724691511/BlockQ.o
 .debug_info      0x03b611        0x3ef build/default/production/_ext/1724691511/blocktim.o
 .debug_info      0x03ba00        0x2ef build/default/production/_ext/1724691511/comtest.o
 .debug_info      0x03bcef        0x2c6 build/default/production/_ext/1724691511/integer.o
 .debug_info      0x03bfb5        0x54f build/default/production/_ext/1063401512/drv_touch_screen.o
 .debug_info      0x03c504       0x2206 build/default/production/_ext/1472/main.o
 .debug_info      0x03e70a        0x3f9 build/default/production/_ext/1840719093/list.o
 .debug_info      0x03eb03        0x217 build/default/production/_ext/809743516/ParTest.o
 .debug_info      0x03ed1a        0x55b build/default/production/_ext/1472/lcd.o
 .debug_info      0x03f275       0x1120 build/default/production/_ext/1472/taskTouchScreen.o
 .debug_info      0x040395       0x224e build/default/production/_ext/1472/taskGraphics.o
 .debug_info      0x0425e3       0x1c5b build/default/production/_ext/1472/GDD_Screens.o
 .debug_info      0x04423e        0xed0 build/default/production/_ext/1472/osapi.o
 .debug_info      0x04510e       0x27b5 build/default/production/_ext/1472/GDD_Intro.o
 .debug_info      0x0478c3       0x1249 build/default/production/_ext/1472/beep.o
 .debug_info      0x048b0c       0x2e33 build/default/production/_ext/1472/GDD_Clear.o
 .debug_info      0x04b93f       0x1211 build/default/production/_ext/638940289/new.o
 .debug_info      0x04cb50        0xb28 build/default/production/_ext/1472/usb_callback.o
 .debug_info      0x04d678        0xa42 build/default/production/_ext/1472/usb_descriptors.o
 .debug_info      0x04e0ba       0x2901 build/default/production/_ext/1472/usb_device.o
 .debug_info      0x0509bb        0xaad build/default/production/_ext/1472/taskBackground.o
 .debug_info      0x051468       0x29e4 build/default/production/_ext/1472/stmotor.o
 .debug_info      0x053e4c       0x1960 build/default/production/_ext/1472/air_det.o
 .debug_info      0x0557ac        0x8d4 build/default/production/_ext/1472/clock.o
 .debug_info      0x056080        0x95f build/default/production/_ext/1472/keypad.o
 .debug_info      0x0569df        0xe80 build/default/production/_ext/1472/taskSPI.o
 .debug_info      0x05785f       0x124b build/default/production/_ext/1472/taskControl.o
 .debug_info      0x058aaa        0xf42 build/default/production/_ext/1472/taskCalc.o
 .debug_info      0x0599ec        0x4ec build/default/production/_ext/1472/taskUSB.o
 .debug_info      0x059ed8        0xb7f build/default/production/_ext/1472/com.o
 .debug_info      0x05aa57        0x293 build/default/production/_ext/1472/val_conv.o
 .debug_info      0x05acea       0x1579 build/default/production/_ext/1472/taskUART.o
 .debug_info      0x05c263       0x15fa build/default/production/_ext/1472/usb_device_cdc.o
 .debug_info      0x05d85d        0x5f7 build/default/production/_ext/1472/usb_hal_pic24f.o
 .debug_info      0x05de54       0x2ade build/default/production/_ext/1057314724/system.o
 .debug_info      0x060932        0xc55 build/default/production/_ext/1472/resource.o
 .debug_info      0x061587        0x12b build/default/production/_ext/1472/mathutil.o
 .debug_info      0x0616b2       0x1035 build/default/production/_ext/1472/GDD_SetProg.o
 .debug_info      0x0626e7       0x1095 build/default/production/_ext/1472/GDD_SetDrug.o
 .debug_info      0x06377c       0x1709 build/default/production/_ext/1472/GDD_Alarm.o
 .debug_info      0x064e85        0x6da c:/program files/microchip/xc16/v1.11/bin/bin/../../lib/PIC24F\libpPIC24Fxxx-elf.a(CloseSPI1.o)
 .debug_info      0x06555f        0x20d c:/program files/microchip/xc16/v1.11/bin/bin/../../lib/PIC24F\libpPIC24Fxxx-elf.a(OpenSPI1.o)
 .debug_info      0x06576c        0x508 c:/program files/microchip/xc16/v1.11/bin/bin/../../lib/PIC24F\libpPIC24Fxxx-elf.a(ReadSPI1.o)
 .debug_info      0x065c74        0x362 c:/program files/microchip/xc16/v1.11/bin/bin/../../lib/PIC24F\libpPIC24Fxxx-elf.a(WriteSPI1.o)
 *(.gnu.linkonce.wi.*)

.debug_abbrev     0x000000       0x8a04
 *(.debug_abbrev)
 .debug_abbrev    0x000000        0x1fc build/default/production/_ext/1360920944/SST39LF400.o
 .debug_abbrev    0x0001fc         0x68 build/default/production/_ext/1360920944/TimeDelay.o
 .debug_abbrev    0x000264        0x16f build/default/production/_ext/1360920944/MCP23S08.o
 .debug_abbrev    0x0003d3         0xe7 build/default/production/_ext/1360920944/board.o
 .debug_abbrev    0x0004ba        0x1e1 build/default/production/_ext/1360920944/SST25VF016.o
 .debug_abbrev    0x00069b         0xc7 build/default/production/_ext/1360920944/MCP4822.o
 .debug_abbrev    0x000762        0x1cf build/default/production/_ext/1360920944/PCF2123.o
 .debug_abbrev    0x000931        0x23c build/default/production/_ext/1360920944/TouchScreenAR1020.o
 .debug_abbrev    0x000b6d        0x313 build/default/production/_ext/1268784391/drv_gfx_da210.o
 .debug_abbrev    0x000e80         0x58 build/default/production/_ext/1268784391/drv_gfx_da210_buffer.o
 .debug_abbrev    0x000ed8        0x199 build/default/production/_ext/798298840/comm_pkt_callback.o
 .debug_abbrev    0x001071        0x157 build/default/production/_ext/798298840/comm_pkt.o
 .debug_abbrev    0x0011c8        0x1f4 build/default/production/_ext/798298840/flash_programmer.o
 .debug_abbrev    0x0013bc         0xe2 build/default/production/_ext/1111096632/heap_1.o
 .debug_abbrev    0x00149e        0x1e1 build/default/production/_ext/771517865/port.o
 .debug_abbrev    0x00167f         0x14 build/default/production/_ext/771517865/portasm_PIC24.o
 .debug_abbrev    0x001693        0x205 build/default/production/_ext/1840719093/tasks.o
 .debug_abbrev    0x001898        0x207 build/default/production/_ext/1840719093/croutine.o
 .debug_abbrev    0x001a9f        0x170 build/default/production/_ext/1840719093/timers.o
 .debug_abbrev    0x001c0f        0x17e build/default/production/_ext/1840719093/queue.o
 .debug_abbrev    0x001d8d        0x33d build/default/production/_ext/2044251986/gfx_gol.o
 .debug_abbrev    0x0020ca        0x2d3 build/default/production/_ext/2044251986/gfx_gol_button.o
 .debug_abbrev    0x00239d        0x29d build/default/production/_ext/2044251986/gfx_gol_check_box.o
 .debug_abbrev    0x00263a        0x26a build/default/production/_ext/2044251986/gfx_gol_digital_meter.o
 .debug_abbrev    0x0028a4        0x261 build/default/production/_ext/2044251986/gfx_gol_edit_box.o
 .debug_abbrev    0x002b05        0x25e build/default/production/_ext/2044251986/gfx_gol_group_box.o
 .debug_abbrev    0x002d63        0x282 build/default/production/_ext/2044251986/gfx_gol_list_box.o
 .debug_abbrev    0x002fe5        0x2e9 build/default/production/_ext/2044251986/gfx_gol_meter.o
 .debug_abbrev    0x0032ce        0x27d build/default/production/_ext/2044251986/gfx_gol_picture.o
 .debug_abbrev    0x00354b        0x250 build/default/production/_ext/2044251986/gfx_gol_progress_bar.o
 .debug_abbrev    0x00379b        0x2ae build/default/production/_ext/2044251986/gfx_gol_radio_button.o
 .debug_abbrev    0x003a49        0x12d build/default/production/_ext/2044251986/gfx_gol_scheme_default.o
 .debug_abbrev    0x003b76        0x262 build/default/production/_ext/2044251986/gfx_gol_scroll_bar.o
 .debug_abbrev    0x003dd8        0x25a build/default/production/_ext/2044251986/gfx_gol_static_text.o
 .debug_abbrev    0x004032        0x285 build/default/production/_ext/2044251986/gfx_gol_text_entry.o
 .debug_abbrev    0x0042b7        0x289 build/default/production/_ext/2044251986/gfx_gol_window.o
 .debug_abbrev    0x004540         0x1f build/default/production/_ext/2044251986/gfx_palette.o
 .debug_abbrev    0x00455f        0x355 build/default/production/_ext/2044251986/gfx_primitive.o
 .debug_abbrev    0x0048b4        0x119 build/default/production/_ext/1724691511/BlockQ.o
 .debug_abbrev    0x0049cd         0xec build/default/production/_ext/1724691511/blocktim.o
 .debug_abbrev    0x004ab9         0x93 build/default/production/_ext/1724691511/comtest.o
 .debug_abbrev    0x004b4c         0xb8 build/default/production/_ext/1724691511/integer.o
 .debug_abbrev    0x004c04        0x102 build/default/production/_ext/1063401512/drv_touch_screen.o
 .debug_abbrev    0x004d06        0x358 build/default/production/_ext/1472/main.o
 .debug_abbrev    0x00505e         0xd8 build/default/production/_ext/1840719093/list.o
 .debug_abbrev    0x005136         0x81 build/default/production/_ext/809743516/ParTest.o
 .debug_abbrev    0x0051b7         0xef build/default/production/_ext/1472/lcd.o
 .debug_abbrev    0x0052a6        0x243 build/default/production/_ext/1472/taskTouchScreen.o
 .debug_abbrev    0x0054e9        0x257 build/default/production/_ext/1472/taskGraphics.o
 .debug_abbrev    0x005740          0x1 build/default/production/_ext/1472/smallfont.o
 .debug_abbrev    0x005741          0x1 build/default/production/_ext/1472/medfont.o
 .debug_abbrev    0x005742        0x261 build/default/production/_ext/1472/GDD_Screens.o
 .debug_abbrev    0x0059a3        0x22d build/default/production/_ext/1472/osapi.o
 .debug_abbrev    0x005bd0        0x22e build/default/production/_ext/1472/GDD_Intro.o
 .debug_abbrev    0x005dfe        0x1c3 build/default/production/_ext/1472/beep.o
 .debug_abbrev    0x005fc1        0x29b build/default/production/_ext/1472/GDD_Clear.o
 .debug_abbrev    0x00625c        0x13e build/default/production/_ext/638940289/new.o
 .debug_abbrev    0x00639a        0x1b3 build/default/production/_ext/1472/usb_callback.o
 .debug_abbrev    0x00654d        0x124 build/default/production/_ext/1472/usb_descriptors.o
 .debug_abbrev    0x006671        0x2bc build/default/production/_ext/1472/usb_device.o
 .debug_abbrev    0x00692d        0x1c6 build/default/production/_ext/1472/taskBackground.o
 .debug_abbrev    0x006af3        0x231 build/default/production/_ext/1472/stmotor.o
 .debug_abbrev    0x006d24        0x1a8 build/default/production/_ext/1472/air_det.o
 .debug_abbrev    0x006ecc        0x14f build/default/production/_ext/1472/clock.o
 .debug_abbrev    0x00701b        0x150 build/default/production/_ext/1472/keypad.o
 .debug_abbrev    0x00716b        0x1c0 build/default/production/_ext/1472/taskSPI.o
 .debug_abbrev    0x00732b        0x1c3 build/default/production/_ext/1472/taskControl.o
 .debug_abbrev    0x0074ee        0x1ff build/default/production/_ext/1472/taskCalc.o
 .debug_abbrev    0x0076ed        0x12a build/default/production/_ext/1472/taskUSB.o
 .debug_abbrev    0x007817        0x16c build/default/production/_ext/1472/com.o
 .debug_abbrev    0x007983         0xa2 build/default/production/_ext/1472/val_conv.o
 .debug_abbrev    0x007a25        0x1d0 build/default/production/_ext/1472/taskUART.o
 .debug_abbrev    0x007bf5        0x25f build/default/production/_ext/1472/usb_device_cdc.o
 .debug_abbrev    0x007e54         0xa1 build/default/production/_ext/1472/usb_hal_pic24f.o
 .debug_abbrev    0x007ef5        0x25f build/default/production/_ext/1057314724/system.o
 .debug_abbrev    0x008154        0x14c build/default/production/_ext/1472/resource.o
 .debug_abbrev    0x0082a0         0x5f build/default/production/_ext/1472/mathutil.o
 .debug_abbrev    0x0082ff        0x150 build/default/production/_ext/1472/GDD_SetProg.o
 .debug_abbrev    0x00844f        0x161 build/default/production/_ext/1472/GDD_SetDrug.o
 .debug_abbrev    0x0085b0        0x1c7 build/default/production/_ext/1472/GDD_Alarm.o
 .debug_abbrev    0x008777         0xa7 c:/program files/microchip/xc16/v1.11/bin/bin/../../lib/PIC24F\libpPIC24Fxxx-elf.a(CloseSPI1.o)
 .debug_abbrev    0x00881e         0x5f c:/program files/microchip/xc16/v1.11/bin/bin/../../lib/PIC24F\libpPIC24Fxxx-elf.a(OpenSPI1.o)
 .debug_abbrev    0x00887d         0xbc c:/program files/microchip/xc16/v1.11/bin/bin/../../lib/PIC24F\libpPIC24Fxxx-elf.a(ReadSPI1.o)
 .debug_abbrev    0x008939         0xcb c:/program files/microchip/xc16/v1.11/bin/bin/../../lib/PIC24F\libpPIC24Fxxx-elf.a(WriteSPI1.o)

.debug_line       0x000000      0x23eb6
 *(.debug_line)
 .debug_line      0x000000        0x46b build/default/production/_ext/1360920944/SST39LF400.o
 .debug_line      0x00046b        0x12e build/default/production/_ext/1360920944/TimeDelay.o
 .debug_line      0x000599        0x384 build/default/production/_ext/1360920944/MCP23S08.o
 .debug_line      0x00091d        0x20e build/default/production/_ext/1360920944/board.o
 .debug_line      0x000b2b        0x7d0 build/default/production/_ext/1360920944/SST25VF016.o
 .debug_line      0x0012fb        0x10a build/default/production/_ext/1360920944/MCP4822.o
 .debug_line      0x001405        0x52f build/default/production/_ext/1360920944/PCF2123.o
 .debug_line      0x001934        0x732 build/default/production/_ext/1360920944/TouchScreenAR1020.o
 .debug_line      0x002066       0x341a build/default/production/_ext/1268784391/drv_gfx_da210.o
 .debug_line      0x005480         0xa9 build/default/production/_ext/1268784391/drv_gfx_da210_buffer.o
 .debug_line      0x005529        0x25a build/default/production/_ext/798298840/comm_pkt_callback.o
 .debug_line      0x005783        0x2c4 build/default/production/_ext/798298840/comm_pkt.o
 .debug_line      0x005a47        0x45f build/default/production/_ext/798298840/flash_programmer.o
 .debug_line      0x005ea6        0x17a build/default/production/_ext/1111096632/heap_1.o
 .debug_line      0x006020        0x37b build/default/production/_ext/771517865/port.o
 .debug_line      0x00639b         0x8e build/default/production/_ext/771517865/portasm_PIC24.o
 .debug_line      0x006429        0xd8a build/default/production/_ext/1840719093/tasks.o
 .debug_line      0x0071b3        0x4b0 build/default/production/_ext/1840719093/croutine.o
 .debug_line      0x007663        0x658 build/default/production/_ext/1840719093/timers.o
 .debug_line      0x007cbb        0x97a build/default/production/_ext/1840719093/queue.o
 .debug_line      0x008635       0x188e build/default/production/_ext/2044251986/gfx_gol.o
 .debug_line      0x009ec3        0xc4a build/default/production/_ext/2044251986/gfx_gol_button.o
 .debug_line      0x00ab0d        0x858 build/default/production/_ext/2044251986/gfx_gol_check_box.o
 .debug_line      0x00b365        0x881 build/default/production/_ext/2044251986/gfx_gol_digital_meter.o
 .debug_line      0x00bbe6        0x714 build/default/production/_ext/2044251986/gfx_gol_edit_box.o
 .debug_line      0x00c2fa        0x97a build/default/production/_ext/2044251986/gfx_gol_group_box.o
 .debug_line      0x00cc74        0xd9c build/default/production/_ext/2044251986/gfx_gol_list_box.o
 .debug_line      0x00da10       0x14cd build/default/production/_ext/2044251986/gfx_gol_meter.o
 .debug_line      0x00eedd        0x64e build/default/production/_ext/2044251986/gfx_gol_picture.o
 .debug_line      0x00f52b        0x9ef build/default/production/_ext/2044251986/gfx_gol_progress_bar.o
 .debug_line      0x00ff1a        0x936 build/default/production/_ext/2044251986/gfx_gol_radio_button.o
 .debug_line      0x010850        0x126 build/default/production/_ext/2044251986/gfx_gol_scheme_default.o
 .debug_line      0x010976       0x101e build/default/production/_ext/2044251986/gfx_gol_scroll_bar.o
 .debug_line      0x011994        0x5f3 build/default/production/_ext/2044251986/gfx_gol_static_text.o
 .debug_line      0x011f87       0x1225 build/default/production/_ext/2044251986/gfx_gol_text_entry.o
 .debug_line      0x0131ac        0x784 build/default/production/_ext/2044251986/gfx_gol_window.o
 .debug_line      0x013930         0x24 build/default/production/_ext/2044251986/gfx_palette.o
 .debug_line      0x013954       0x58a5 build/default/production/_ext/2044251986/gfx_primitive.o
 .debug_line      0x0191f9        0x351 build/default/production/_ext/1724691511/BlockQ.o
 .debug_line      0x01954a        0x4f1 build/default/production/_ext/1724691511/blocktim.o
 .debug_line      0x019a3b        0x236 build/default/production/_ext/1724691511/comtest.o
 .debug_line      0x019c71        0x171 build/default/production/_ext/1724691511/integer.o
 .debug_line      0x019de2        0x2f2 build/default/production/_ext/1063401512/drv_touch_screen.o
 .debug_line      0x01a0d4        0x64b build/default/production/_ext/1472/main.o
 .debug_line      0x01a71f        0x25e build/default/production/_ext/1840719093/list.o
 .debug_line      0x01a97d        0x162 build/default/production/_ext/809743516/ParTest.o
 .debug_line      0x01aadf        0x19e build/default/production/_ext/1472/lcd.o
 .debug_line      0x01ac7d        0x483 build/default/production/_ext/1472/taskTouchScreen.o
 .debug_line      0x01b100        0x565 build/default/production/_ext/1472/taskGraphics.o
 .debug_line      0x01b665         0x24 build/default/production/_ext/1472/smallfont.o
 .debug_line      0x01b689         0x24 build/default/production/_ext/1472/medfont.o
 .debug_line      0x01b6ad        0x71e build/default/production/_ext/1472/GDD_Screens.o
 .debug_line      0x01bdcb        0x588 build/default/production/_ext/1472/osapi.o
 .debug_line      0x01c353        0x524 build/default/production/_ext/1472/GDD_Intro.o
 .debug_line      0x01c877        0x267 build/default/production/_ext/1472/beep.o
 .debug_line      0x01cade        0xf3f build/default/production/_ext/1472/GDD_Clear.o
 .debug_line      0x01da1d         0xe6 build/default/production/_ext/638940289/new.o
 .debug_line      0x01db03        0x367 build/default/production/_ext/1472/usb_callback.o
 .debug_line      0x01de6a         0xb9 build/default/production/_ext/1472/usb_descriptors.o
 .debug_line      0x01df23       0x134f build/default/production/_ext/1472/usb_device.o
 .debug_line      0x01f272        0x577 build/default/production/_ext/1472/taskBackground.o
 .debug_line      0x01f7e9        0x75a build/default/production/_ext/1472/stmotor.o
 .debug_line      0x01ff43        0x4c0 build/default/production/_ext/1472/air_det.o
 .debug_line      0x020403        0x216 build/default/production/_ext/1472/clock.o
 .debug_line      0x020619        0x577 build/default/production/_ext/1472/keypad.o
 .debug_line      0x020b90        0x480 build/default/production/_ext/1472/taskSPI.o
 .debug_line      0x021010        0x456 build/default/production/_ext/1472/taskControl.o
 .debug_line      0x021466        0x897 build/default/production/_ext/1472/taskCalc.o
 .debug_line      0x021cfd        0x296 build/default/production/_ext/1472/taskUSB.o
 .debug_line      0x021f93        0x3ee build/default/production/_ext/1472/com.o
 .debug_line      0x022381        0x1ab build/default/production/_ext/1472/val_conv.o
 .debug_line      0x02252c        0x521 build/default/production/_ext/1472/taskUART.o
 .debug_line      0x022a4d        0x5f0 build/default/production/_ext/1472/usb_device_cdc.o
 .debug_line      0x02303d        0x135 build/default/production/_ext/1472/usb_hal_pic24f.o
 .debug_line      0x023172        0x3ae build/default/production/_ext/1057314724/system.o
 .debug_line      0x023520         0xd8 build/default/production/_ext/1472/resource.o
 .debug_line      0x0235f8         0x1a build/default/production/_ext/1472/res.o
 .debug_line      0x023612         0xa7 build/default/production/_ext/1472/mathutil.o
 .debug_line      0x0236b9        0x13c build/default/production/_ext/1472/GDD_SetProg.o
 .debug_line      0x0237f5        0x13c build/default/production/_ext/1472/GDD_SetDrug.o
 .debug_line      0x023931        0x34b build/default/production/_ext/1472/GDD_Alarm.o
 .debug_line      0x023c7c         0x8d c:/program files/microchip/xc16/v1.11/bin/bin/../../lib/PIC24F\libpPIC24Fxxx-elf.a(CloseSPI1.o)
 .debug_line      0x023d09         0x8c c:/program files/microchip/xc16/v1.11/bin/bin/../../lib/PIC24F\libpPIC24Fxxx-elf.a(OpenSPI1.o)
 .debug_line      0x023d95         0x94 c:/program files/microchip/xc16/v1.11/bin/bin/../../lib/PIC24F\libpPIC24Fxxx-elf.a(ReadSPI1.o)
 .debug_line      0x023e29         0x8d c:/program files/microchip/xc16/v1.11/bin/bin/../../lib/PIC24F\libpPIC24Fxxx-elf.a(WriteSPI1.o)

.debug_frame      0x000000       0x3ca8
 *(.debug_frame)
 .debug_frame     0x000000         0xc4 build/default/production/_ext/1360920944/SST39LF400.o
 .debug_frame     0x0000c4         0x34 build/default/production/_ext/1360920944/TimeDelay.o
 .debug_frame     0x0000f8         0xc4 build/default/production/_ext/1360920944/MCP23S08.o
 .debug_frame     0x0001bc         0x54 build/default/production/_ext/1360920944/board.o
 .debug_frame     0x000210         0xa4 build/default/production/_ext/1360920944/SST25VF016.o
 .debug_frame     0x0002b4         0x24 build/default/production/_ext/1360920944/MCP4822.o
 .debug_frame     0x0002d8         0x94 build/default/production/_ext/1360920944/PCF2123.o
 .debug_frame     0x00036c        0x114 build/default/production/_ext/1360920944/TouchScreenAR1020.o
 .debug_frame     0x000480        0x3a0 build/default/production/_ext/1268784391/drv_gfx_da210.o
 .debug_frame     0x000820         0x44 build/default/production/_ext/798298840/comm_pkt_callback.o
 .debug_frame     0x000864         0x94 build/default/production/_ext/798298840/comm_pkt.o
 .debug_frame     0x0008f8         0x54 build/default/production/_ext/798298840/flash_programmer.o
 .debug_frame     0x00094c         0x54 build/default/production/_ext/1111096632/heap_1.o
 .debug_frame     0x0009a0         0x84 build/default/production/_ext/771517865/port.o
 .debug_frame     0x000a24        0x214 build/default/production/_ext/1840719093/tasks.o
 .debug_frame     0x000c38         0x84 build/default/production/_ext/1840719093/croutine.o
 .debug_frame     0x000cbc         0xf4 build/default/production/_ext/1840719093/timers.o
 .debug_frame     0x000db0        0x124 build/default/production/_ext/1840719093/queue.o
 .debug_frame     0x000ed4        0x234 build/default/production/_ext/2044251986/gfx_gol.o
 .debug_frame     0x001108         0xc0 build/default/production/_ext/2044251986/gfx_gol_button.o
 .debug_frame     0x0011c8         0xcc build/default/production/_ext/2044251986/gfx_gol_check_box.o
 .debug_frame     0x001294         0x84 build/default/production/_ext/2044251986/gfx_gol_digital_meter.o
 .debug_frame     0x001318         0xb0 build/default/production/_ext/2044251986/gfx_gol_edit_box.o
 .debug_frame     0x0013c8         0x74 build/default/production/_ext/2044251986/gfx_gol_group_box.o
 .debug_frame     0x00143c        0x100 build/default/production/_ext/2044251986/gfx_gol_list_box.o
 .debug_frame     0x00153c        0x110 build/default/production/_ext/2044251986/gfx_gol_meter.o
 .debug_frame     0x00164c         0x90 build/default/production/_ext/2044251986/gfx_gol_picture.o
 .debug_frame     0x0016dc         0xb0 build/default/production/_ext/2044251986/gfx_gol_progress_bar.o
 .debug_frame     0x00178c         0xf8 build/default/production/_ext/2044251986/gfx_gol_radio_button.o
 .debug_frame     0x001884        0x168 build/default/production/_ext/2044251986/gfx_gol_scroll_bar.o
 .debug_frame     0x0019ec         0x84 build/default/production/_ext/2044251986/gfx_gol_static_text.o
 .debug_frame     0x001a70        0x194 build/default/production/_ext/2044251986/gfx_gol_text_entry.o
 .debug_frame     0x001c04         0xa0 build/default/production/_ext/2044251986/gfx_gol_window.o
 .debug_frame     0x001ca4        0x6a4 build/default/production/_ext/2044251986/gfx_primitive.o
 .debug_frame     0x002348         0x54 build/default/production/_ext/1724691511/BlockQ.o
 .debug_frame     0x00239c         0x54 build/default/production/_ext/1724691511/blocktim.o
 .debug_frame     0x0023f0         0x44 build/default/production/_ext/1724691511/comtest.o
 .debug_frame     0x002434         0x44 build/default/production/_ext/1724691511/integer.o
 .debug_frame     0x002478         0x44 build/default/production/_ext/1063401512/drv_touch_screen.o
 .debug_frame     0x0024bc         0xc4 build/default/production/_ext/1472/main.o
 .debug_frame     0x002580         0x64 build/default/production/_ext/1840719093/list.o
 .debug_frame     0x0025e4         0x44 build/default/production/_ext/809743516/ParTest.o
 .debug_frame     0x002628         0x44 build/default/production/_ext/1472/lcd.o
 .debug_frame     0x00266c         0x64 build/default/production/_ext/1472/taskTouchScreen.o
 .debug_frame     0x0026d0         0x74 build/default/production/_ext/1472/taskGraphics.o
 .debug_frame     0x002744         0xa4 build/default/production/_ext/1472/GDD_Screens.o
 .debug_frame     0x0027e8         0xb4 build/default/production/_ext/1472/osapi.o
 .debug_frame     0x00289c         0xe8 build/default/production/_ext/1472/GDD_Intro.o
 .debug_frame     0x002984         0x74 build/default/production/_ext/1472/beep.o
 .debug_frame     0x0029f8        0x820 build/default/production/_ext/1472/GDD_Clear.o
 .debug_frame     0x003218         0xa4 build/default/production/_ext/1472/usb_callback.o
 .debug_frame     0x0032bc        0x1b4 build/default/production/_ext/1472/usb_device.o
 .debug_frame     0x003470         0x64 build/default/production/_ext/1472/taskBackground.o
 .debug_frame     0x0034d4         0xb4 build/default/production/_ext/1472/stmotor.o
 .debug_frame     0x003588         0x84 build/default/production/_ext/1472/air_det.o
 .debug_frame     0x00360c         0x64 build/default/production/_ext/1472/clock.o
 .debug_frame     0x003670         0x54 build/default/production/_ext/1472/keypad.o
 .debug_frame     0x0036c4         0x54 build/default/production/_ext/1472/taskSPI.o
 .debug_frame     0x003718         0x34 build/default/production/_ext/1472/taskControl.o
 .debug_frame     0x00374c         0xc4 build/default/production/_ext/1472/taskCalc.o
 .debug_frame     0x003810         0x24 build/default/production/_ext/1472/taskUSB.o
 .debug_frame     0x003834         0x94 build/default/production/_ext/1472/com.o
 .debug_frame     0x0038c8        0x128 build/default/production/_ext/1472/val_conv.o
 .debug_frame     0x0039f0         0x84 build/default/production/_ext/1472/taskUART.o
 .debug_frame     0x003a74         0x94 build/default/production/_ext/1472/usb_device_cdc.o
 .debug_frame     0x003b08         0x24 build/default/production/_ext/1472/usb_hal_pic24f.o
 .debug_frame     0x003b2c         0x64 build/default/production/_ext/1057314724/system.o
 .debug_frame     0x003b90         0x24 build/default/production/_ext/1472/mathutil.o
 .debug_frame     0x003bb4         0x64 build/default/production/_ext/1472/GDD_Alarm.o
 .debug_frame     0x003c18         0x24 c:/program files/microchip/xc16/v1.11/bin/bin/../../lib/PIC24F\libpPIC24Fxxx-elf.a(CloseSPI1.o)
 .debug_frame     0x003c3c         0x24 c:/program files/microchip/xc16/v1.11/bin/bin/../../lib/PIC24F\libpPIC24Fxxx-elf.a(OpenSPI1.o)
 .debug_frame     0x003c60         0x24 c:/program files/microchip/xc16/v1.11/bin/bin/../../lib/PIC24F\libpPIC24Fxxx-elf.a(ReadSPI1.o)
 .debug_frame     0x003c84         0x24 c:/program files/microchip/xc16/v1.11/bin/bin/../../lib/PIC24F\libpPIC24Fxxx-elf.a(WriteSPI1.o)

.debug_str        0x000000       0x2dda
 *(.debug_str)
 .debug_str       0x000000         0x20 build/default/production/_ext/1360920944/SST39LF400.o
 .debug_str       0x000020         0x15 build/default/production/_ext/1360920944/MCP23S08.o
 .debug_str       0x000035         0x47 build/default/production/_ext/1360920944/board.o
 .debug_str       0x00007c         0x27 build/default/production/_ext/1360920944/SST25VF016.o
 .debug_str       0x0000a3          0xd build/default/production/_ext/1360920944/MCP4822.o
 .debug_str       0x0000b0         0x16 build/default/production/_ext/1360920944/PCF2123.o
 .debug_str       0x0000c6         0x5a build/default/production/_ext/1360920944/TouchScreenAR1020.o
 .debug_str       0x000120        0x329 build/default/production/_ext/1268784391/drv_gfx_da210.o
 .debug_str       0x000449         0x54 build/default/production/_ext/798298840/comm_pkt_callback.o
 .debug_str       0x00049d         0x33 build/default/production/_ext/798298840/comm_pkt.o
 .debug_str       0x0004d0         0x62 build/default/production/_ext/798298840/flash_programmer.o
 .debug_str       0x000532         0x45 build/default/production/_ext/771517865/port.o
 .debug_str       0x000577         0xfd build/default/production/_ext/1840719093/tasks.o
 .debug_str       0x000674         0x5e build/default/production/_ext/1840719093/croutine.o
 .debug_str       0x0006d2         0xc9 build/default/production/_ext/1840719093/timers.o
 .debug_str       0x00079b         0xa5 build/default/production/_ext/1840719093/queue.o
 .debug_str       0x000840        0x113 build/default/production/_ext/2044251986/gfx_gol.o
 .debug_str       0x000953         0xc3 build/default/production/_ext/2044251986/gfx_gol_button.o
 .debug_str       0x000a16         0x85 build/default/production/_ext/2044251986/gfx_gol_check_box.o
 .debug_str       0x000a9b         0x8e build/default/production/_ext/2044251986/gfx_gol_digital_meter.o
 .debug_str       0x000b29         0x85 build/default/production/_ext/2044251986/gfx_gol_edit_box.o
 .debug_str       0x000bae         0x7c build/default/production/_ext/2044251986/gfx_gol_group_box.o
 .debug_str       0x000c2a         0xac build/default/production/_ext/2044251986/gfx_gol_list_box.o
 .debug_str       0x000cd6         0xdc build/default/production/_ext/2044251986/gfx_gol_meter.o
 .debug_str       0x000db2         0x8c build/default/production/_ext/2044251986/gfx_gol_picture.o
 .debug_str       0x000e3e         0x72 build/default/production/_ext/2044251986/gfx_gol_progress_bar.o
 .debug_str       0x000eb0         0x97 build/default/production/_ext/2044251986/gfx_gol_radio_button.o
 .debug_str       0x000f47         0x6a build/default/production/_ext/2044251986/gfx_gol_scheme_default.o
 .debug_str       0x000fb1         0xaf build/default/production/_ext/2044251986/gfx_gol_scroll_bar.o
 .debug_str       0x001060         0x7c build/default/production/_ext/2044251986/gfx_gol_static_text.o
 .debug_str       0x0010dc        0x102 build/default/production/_ext/2044251986/gfx_gol_text_entry.o
 .debug_str       0x0011de         0x8e build/default/production/_ext/2044251986/gfx_gol_window.o
 .debug_str       0x00126c        0x2c2 build/default/production/_ext/2044251986/gfx_primitive.o
 .debug_str       0x00152e         0x3d build/default/production/_ext/1724691511/BlockQ.o
 .debug_str       0x00156b         0x2c build/default/production/_ext/1724691511/blocktim.o
 .debug_str       0x001597          0xd build/default/production/_ext/1724691511/comtest.o
 .debug_str       0x0015a4         0x46 build/default/production/_ext/1063401512/drv_touch_screen.o
 .debug_str       0x0015ea         0xc0 build/default/production/_ext/1472/main.o
 .debug_str       0x0016aa         0x2b build/default/production/_ext/1840719093/list.o
 .debug_str       0x0016d5          0x9 build/default/production/_ext/809743516/ParTest.o
 .debug_str       0x0016de         0x1e build/default/production/_ext/1472/lcd.o
 .debug_str       0x0016fc         0xa1 build/default/production/_ext/1472/taskTouchScreen.o
 .debug_str       0x00179d         0xa6 build/default/production/_ext/1472/taskGraphics.o
 .debug_str       0x001843        0x12c build/default/production/_ext/1472/GDD_Screens.o
 .debug_str       0x00196f         0xd8 build/default/production/_ext/1472/osapi.o
 .debug_str       0x001a47        0x115 build/default/production/_ext/1472/GDD_Intro.o
 .debug_str       0x001b5c         0x62 build/default/production/_ext/1472/beep.o
 .debug_str       0x001bbe        0x1f1 build/default/production/_ext/1472/GDD_Clear.o
 .debug_str       0x001daf         0x6a build/default/production/_ext/638940289/new.o
 .debug_str       0x001e19         0x5b build/default/production/_ext/1472/usb_callback.o
 .debug_str       0x001e74         0x58 build/default/production/_ext/1472/usb_descriptors.o
 .debug_str       0x001ecc        0x293 build/default/production/_ext/1472/usb_device.o
 .debug_str       0x00215f         0x68 build/default/production/_ext/1472/taskBackground.o
 .debug_str       0x0021c7        0x1dd build/default/production/_ext/1472/stmotor.o
 .debug_str       0x0023a4        0x102 build/default/production/_ext/1472/air_det.o
 .debug_str       0x0024a6         0x25 build/default/production/_ext/1472/clock.o
 .debug_str       0x0024cb         0x78 build/default/production/_ext/1472/keypad.o
 .debug_str       0x002543         0x7b build/default/production/_ext/1472/taskSPI.o
 .debug_str       0x0025be         0xd1 build/default/production/_ext/1472/taskControl.o
 .debug_str       0x00268f        0x10d build/default/production/_ext/1472/taskCalc.o
 .debug_str       0x00279c         0x49 build/default/production/_ext/1472/taskUSB.o
 .debug_str       0x0027e5         0xa3 build/default/production/_ext/1472/com.o
 .debug_str       0x002888         0x78 build/default/production/_ext/1472/taskUART.o
 .debug_str       0x002900         0xde build/default/production/_ext/1472/usb_device_cdc.o
 .debug_str       0x0029de         0x1e build/default/production/_ext/1472/usb_hal_pic24f.o
 .debug_str       0x0029fc        0x119 build/default/production/_ext/1057314724/system.o
 .debug_str       0x002b15         0x75 build/default/production/_ext/1472/resource.o
 .debug_str       0x002b8a         0xaf build/default/production/_ext/1472/GDD_SetProg.o
 .debug_str       0x002c39         0xcb build/default/production/_ext/1472/GDD_SetDrug.o
 .debug_str       0x002d04         0x75 build/default/production/_ext/1472/GDD_Alarm.o
 .debug_str       0x002d79         0x1f c:/program files/microchip/xc16/v1.11/bin/bin/../../lib/PIC24F\libpPIC24Fxxx-elf.a(CloseSPI1.o)
 .debug_str       0x002d98         0x1b c:/program files/microchip/xc16/v1.11/bin/bin/../../lib/PIC24F\libpPIC24Fxxx-elf.a(OpenSPI1.o)
 .debug_str       0x002db3         0x1a c:/program files/microchip/xc16/v1.11/bin/bin/../../lib/PIC24F\libpPIC24Fxxx-elf.a(ReadSPI1.o)
 .debug_str       0x002dcd          0xd c:/program files/microchip/xc16/v1.11/bin/bin/../../lib/PIC24F\libpPIC24Fxxx-elf.a(WriteSPI1.o)

.debug_loc
 *(.debug_loc)

.debug_macinfo
 *(.debug_macinfo)

.debug_pubnames
                  0x000000       0x566a
 *(.debug_pubnames)
 .debug_pubnames
                  0x000000        0x111 build/default/production/_ext/1360920944/SST39LF400.o
 .debug_pubnames
                  0x000111         0x2c build/default/production/_ext/1360920944/TimeDelay.o
 .debug_pubnames
                  0x00013d        0x125 build/default/production/_ext/1360920944/MCP23S08.o
 .debug_pubnames
                  0x000262         0x4d build/default/production/_ext/1360920944/board.o
 .debug_pubnames
                  0x0002af         0xde build/default/production/_ext/1360920944/SST25VF016.o
 .debug_pubnames
                  0x00038d         0x23 build/default/production/_ext/1360920944/MCP4822.o
 .debug_pubnames
                  0x0003b0         0xa3 build/default/production/_ext/1360920944/PCF2123.o
 .debug_pubnames
                  0x000453        0x1cb build/default/production/_ext/1360920944/TouchScreenAR1020.o
 .debug_pubnames
                  0x00061e        0x31e build/default/production/_ext/1268784391/drv_gfx_da210.o
 .debug_pubnames
                  0x00093c         0x67 build/default/production/_ext/1268784391/drv_gfx_da210_buffer.o
 .debug_pubnames
                  0x0009a3         0x58 build/default/production/_ext/798298840/comm_pkt_callback.o
 .debug_pubnames
                  0x0009fb         0xf6 build/default/production/_ext/798298840/comm_pkt.o
 .debug_pubnames
                  0x000af1         0xd7 build/default/production/_ext/798298840/flash_programmer.o
 .debug_pubnames
                  0x000bc8         0x64 build/default/production/_ext/1111096632/heap_1.o
 .debug_pubnames
                  0x000c2c         0xc0 build/default/production/_ext/771517865/port.o
 .debug_pubnames
                  0x000cec        0x290 build/default/production/_ext/1840719093/tasks.o
 .debug_pubnames
                  0x000f7c         0x96 build/default/production/_ext/1840719093/croutine.o
 .debug_pubnames
                  0x001012         0x84 build/default/production/_ext/1840719093/timers.o
 .debug_pubnames
                  0x001096        0x14a build/default/production/_ext/1840719093/queue.o
 .debug_pubnames
                  0x0011e0        0x3ca build/default/production/_ext/2044251986/gfx_gol.o
 .debug_pubnames
                  0x0015aa         0xf6 build/default/production/_ext/2044251986/gfx_gol_button.o
 .debug_pubnames
                  0x0016a0         0xe8 build/default/production/_ext/2044251986/gfx_gol_check_box.o
 .debug_pubnames
                  0x001788         0xd5 build/default/production/_ext/2044251986/gfx_gol_digital_meter.o
 .debug_pubnames
                  0x00185d         0xd2 build/default/production/_ext/2044251986/gfx_gol_edit_box.o
 .debug_pubnames
                  0x00192f         0xca build/default/production/_ext/2044251986/gfx_gol_group_box.o
 .debug_pubnames
                  0x0019f9        0x183 build/default/production/_ext/2044251986/gfx_gol_list_box.o
 .debug_pubnames
                  0x001b7c        0x178 build/default/production/_ext/2044251986/gfx_gol_meter.o
 .debug_pubnames
                  0x001cf4         0xbe build/default/production/_ext/2044251986/gfx_gol_picture.o
 .debug_pubnames
                  0x001db2         0xe8 build/default/production/_ext/2044251986/gfx_gol_progress_bar.o
 .debug_pubnames
                  0x001e9a        0x13d build/default/production/_ext/2044251986/gfx_gol_radio_button.o
 .debug_pubnames
                  0x001fd7         0x27 build/default/production/_ext/2044251986/gfx_gol_scheme_default.o
 .debug_pubnames
                  0x001ffe        0x20d build/default/production/_ext/2044251986/gfx_gol_scroll_bar.o
 .debug_pubnames
                  0x00220b         0xe4 build/default/production/_ext/2044251986/gfx_gol_static_text.o
 .debug_pubnames
                  0x0022ef        0x21c build/default/production/_ext/2044251986/gfx_gol_text_entry.o
 .debug_pubnames
                  0x00250b         0xbe build/default/production/_ext/2044251986/gfx_gol_window.o
 .debug_pubnames
                  0x0025c9        0xab9 build/default/production/_ext/2044251986/gfx_primitive.o
 .debug_pubnames
                  0x003082         0x52 build/default/production/_ext/1724691511/BlockQ.o
 .debug_pubnames
                  0x0030d4         0x53 build/default/production/_ext/1724691511/blocktim.o
 .debug_pubnames
                  0x003127         0x2c build/default/production/_ext/1724691511/comtest.o
 .debug_pubnames
                  0x003153         0x52 build/default/production/_ext/1724691511/integer.o
 .debug_pubnames
                  0x0031a5         0x88 build/default/production/_ext/1063401512/drv_touch_screen.o
 .debug_pubnames
                  0x00322d        0x164 build/default/production/_ext/1472/main.o
 .debug_pubnames
                  0x003391         0x71 build/default/production/_ext/1840719093/list.o
 .debug_pubnames
                  0x003402         0x52 build/default/production/_ext/809743516/ParTest.o
 .debug_pubnames
                  0x003454         0x85 build/default/production/_ext/1472/lcd.o
 .debug_pubnames
                  0x0034d9        0x11f build/default/production/_ext/1472/taskTouchScreen.o
 .debug_pubnames
                  0x0035f8         0xb7 build/default/production/_ext/1472/taskGraphics.o
 .debug_pubnames
                  0x0036af        0x218 build/default/production/_ext/1472/GDD_Screens.o
 .debug_pubnames
                  0x0038c7        0x174 build/default/production/_ext/1472/osapi.o
 .debug_pubnames
                  0x003a3b         0xe8 build/default/production/_ext/1472/GDD_Intro.o
 .debug_pubnames
                  0x003b23         0xac build/default/production/_ext/1472/beep.o
 .debug_pubnames
                  0x003bcf        0x223 build/default/production/_ext/1472/GDD_Clear.o
 .debug_pubnames
                  0x003df2        0x37a build/default/production/_ext/638940289/new.o
 .debug_pubnames
                  0x00416c        0x12b build/default/production/_ext/1472/usb_callback.o
 .debug_pubnames
                  0x004297         0xe7 build/default/production/_ext/1472/usb_descriptors.o
 .debug_pubnames
                  0x00437e        0x33a build/default/production/_ext/1472/usb_device.o
 .debug_pubnames
                  0x0046b8         0x8a build/default/production/_ext/1472/taskBackground.o
 .debug_pubnames
                  0x004742        0x234 build/default/production/_ext/1472/stmotor.o
 .debug_pubnames
                  0x004976        0x1e9 build/default/production/_ext/1472/air_det.o
 .debug_pubnames
                  0x004b5f         0x63 build/default/production/_ext/1472/clock.o
 .debug_pubnames
                  0x004bc2         0x9b build/default/production/_ext/1472/keypad.o
 .debug_pubnames
                  0x004c5d         0x99 build/default/production/_ext/1472/taskSPI.o
 .debug_pubnames
                  0x004cf6         0xd8 build/default/production/_ext/1472/taskControl.o
 .debug_pubnames
                  0x004dce        0x21e build/default/production/_ext/1472/taskCalc.o
 .debug_pubnames
                  0x004fec         0x39 build/default/production/_ext/1472/taskUSB.o
 .debug_pubnames
                  0x005025         0xba build/default/production/_ext/1472/com.o
 .debug_pubnames
                  0x0050df         0x4c build/default/production/_ext/1472/val_conv.o
 .debug_pubnames
                  0x00512b         0x97 build/default/production/_ext/1472/taskUART.o
 .debug_pubnames
                  0x0051c2        0x1b2 build/default/production/_ext/1472/usb_device_cdc.o
 .debug_pubnames
                  0x005374         0x28 build/default/production/_ext/1472/usb_hal_pic24f.o
 .debug_pubnames
                  0x00539c         0xbe build/default/production/_ext/1057314724/system.o
 .debug_pubnames
                  0x00545a         0x1f build/default/production/_ext/1472/resource.o
 .debug_pubnames
                  0x005479         0x1c build/default/production/_ext/1472/mathutil.o
 .debug_pubnames
                  0x005495         0x44 build/default/production/_ext/1472/GDD_SetProg.o
 .debug_pubnames
                  0x0054d9         0x80 build/default/production/_ext/1472/GDD_SetDrug.o
 .debug_pubnames
                  0x005559         0x93 build/default/production/_ext/1472/GDD_Alarm.o
 .debug_pubnames
                  0x0055ec         0x20 c:/program files/microchip/xc16/v1.11/bin/bin/../../lib/PIC24F\libpPIC24Fxxx-elf.a(CloseSPI1.o)
 .debug_pubnames
                  0x00560c         0x1f c:/program files/microchip/xc16/v1.11/bin/bin/../../lib/PIC24F\libpPIC24Fxxx-elf.a(OpenSPI1.o)
 .debug_pubnames
                  0x00562b         0x1f c:/program files/microchip/xc16/v1.11/bin/bin/../../lib/PIC24F\libpPIC24Fxxx-elf.a(ReadSPI1.o)
 .debug_pubnames
                  0x00564a         0x20 c:/program files/microchip/xc16/v1.11/bin/bin/../../lib/PIC24F\libpPIC24Fxxx-elf.a(WriteSPI1.o)

.debug_ranges     0x000000         0x40
 *(.debug_ranges)
 .debug_ranges    0x000000         0x10 c:/program files/microchip/xc16/v1.11/bin/bin/../../lib/PIC24F\libpPIC24Fxxx-elf.a(CloseSPI1.o)
 .debug_ranges    0x000010         0x10 c:/program files/microchip/xc16/v1.11/bin/bin/../../lib/PIC24F\libpPIC24Fxxx-elf.a(OpenSPI1.o)
 .debug_ranges    0x000020         0x10 c:/program files/microchip/xc16/v1.11/bin/bin/../../lib/PIC24F\libpPIC24Fxxx-elf.a(ReadSPI1.o)
 .debug_ranges    0x000030         0x10 c:/program files/microchip/xc16/v1.11/bin/bin/../../lib/PIC24F\libpPIC24Fxxx-elf.a(WriteSPI1.o)

.debug_aranges    0x000000        0x710
 *(.debug_aranges)
 .debug_aranges
                  0x000000         0x18 build/default/production/_ext/1360920944/SST39LF400.o
 .debug_aranges
                  0x000018         0x18 build/default/production/_ext/1360920944/TimeDelay.o
 .debug_aranges
                  0x000030         0x18 build/default/production/_ext/1360920944/MCP23S08.o
 .debug_aranges
                  0x000048         0x18 build/default/production/_ext/1360920944/board.o
 .debug_aranges
                  0x000060         0x18 build/default/production/_ext/1360920944/SST25VF016.o
 .debug_aranges
                  0x000078         0x18 build/default/production/_ext/1360920944/MCP4822.o
 .debug_aranges
                  0x000090         0x18 build/default/production/_ext/1360920944/PCF2123.o
 .debug_aranges
                  0x0000a8         0x18 build/default/production/_ext/1360920944/TouchScreenAR1020.o
 .debug_aranges
                  0x0000c0         0x18 build/default/production/_ext/1268784391/drv_gfx_da210.o
 .debug_aranges
                  0x0000d8         0x18 build/default/production/_ext/798298840/comm_pkt_callback.o
 .debug_aranges
                  0x0000f0         0x18 build/default/production/_ext/798298840/comm_pkt.o
 .debug_aranges
                  0x000108         0x18 build/default/production/_ext/798298840/flash_programmer.o
 .debug_aranges
                  0x000120         0x18 build/default/production/_ext/1111096632/heap_1.o
 .debug_aranges
                  0x000138         0x18 build/default/production/_ext/771517865/port.o
 .debug_aranges
                  0x000150         0x18 build/default/production/_ext/771517865/portasm_PIC24.o
 .debug_aranges
                  0x000168         0x18 build/default/production/_ext/1840719093/tasks.o
 .debug_aranges
                  0x000180         0x18 build/default/production/_ext/1840719093/croutine.o
 .debug_aranges
                  0x000198         0x18 build/default/production/_ext/1840719093/timers.o
 .debug_aranges
                  0x0001b0         0x18 build/default/production/_ext/1840719093/queue.o
 .debug_aranges
                  0x0001c8         0x18 build/default/production/_ext/2044251986/gfx_gol.o
 .debug_aranges
                  0x0001e0         0x18 build/default/production/_ext/2044251986/gfx_gol_button.o
 .debug_aranges
                  0x0001f8         0x18 build/default/production/_ext/2044251986/gfx_gol_check_box.o
 .debug_aranges
                  0x000210         0x18 build/default/production/_ext/2044251986/gfx_gol_digital_meter.o
 .debug_aranges
                  0x000228         0x18 build/default/production/_ext/2044251986/gfx_gol_edit_box.o
 .debug_aranges
                  0x000240         0x18 build/default/production/_ext/2044251986/gfx_gol_group_box.o
 .debug_aranges
                  0x000258         0x18 build/default/production/_ext/2044251986/gfx_gol_list_box.o
 .debug_aranges
                  0x000270         0x18 build/default/production/_ext/2044251986/gfx_gol_meter.o
 .debug_aranges
                  0x000288         0x18 build/default/production/_ext/2044251986/gfx_gol_picture.o
 .debug_aranges
                  0x0002a0         0x18 build/default/production/_ext/2044251986/gfx_gol_progress_bar.o
 .debug_aranges
                  0x0002b8         0x18 build/default/production/_ext/2044251986/gfx_gol_radio_button.o
 .debug_aranges
                  0x0002d0         0x18 build/default/production/_ext/2044251986/gfx_gol_scroll_bar.o
 .debug_aranges
                  0x0002e8         0x18 build/default/production/_ext/2044251986/gfx_gol_static_text.o
 .debug_aranges
                  0x000300         0x18 build/default/production/_ext/2044251986/gfx_gol_text_entry.o
 .debug_aranges
                  0x000318         0x18 build/default/production/_ext/2044251986/gfx_gol_window.o
 .debug_aranges
                  0x000330         0x18 build/default/production/_ext/2044251986/gfx_primitive.o
 .debug_aranges
                  0x000348         0x18 build/default/production/_ext/1724691511/BlockQ.o
 .debug_aranges
                  0x000360         0x18 build/default/production/_ext/1724691511/blocktim.o
 .debug_aranges
                  0x000378         0x18 build/default/production/_ext/1724691511/comtest.o
 .debug_aranges
                  0x000390         0x18 build/default/production/_ext/1724691511/integer.o
 .debug_aranges
                  0x0003a8         0x18 build/default/production/_ext/1063401512/drv_touch_screen.o
 .debug_aranges
                  0x0003c0         0x18 build/default/production/_ext/1472/main.o
 .debug_aranges
                  0x0003d8         0x18 build/default/production/_ext/1840719093/list.o
 .debug_aranges
                  0x0003f0         0x18 build/default/production/_ext/809743516/ParTest.o
 .debug_aranges
                  0x000408         0x18 build/default/production/_ext/1472/lcd.o
 .debug_aranges
                  0x000420         0x18 build/default/production/_ext/1472/taskTouchScreen.o
 .debug_aranges
                  0x000438         0x18 build/default/production/_ext/1472/taskGraphics.o
 .debug_aranges
                  0x000450         0x18 build/default/production/_ext/1472/GDD_Screens.o
 .debug_aranges
                  0x000468         0x18 build/default/production/_ext/1472/osapi.o
 .debug_aranges
                  0x000480         0x18 build/default/production/_ext/1472/GDD_Intro.o
 .debug_aranges
                  0x000498         0x18 build/default/production/_ext/1472/beep.o
 .debug_aranges
                  0x0004b0         0x18 build/default/production/_ext/1472/GDD_Clear.o
 .debug_aranges
                  0x0004c8         0x18 build/default/production/_ext/1472/usb_callback.o
 .debug_aranges
                  0x0004e0         0x18 build/default/production/_ext/1472/usb_device.o
 .debug_aranges
                  0x0004f8         0x18 build/default/production/_ext/1472/taskBackground.o
 .debug_aranges
                  0x000510         0x18 build/default/production/_ext/1472/stmotor.o
 .debug_aranges
                  0x000528         0x18 build/default/production/_ext/1472/air_det.o
 .debug_aranges
                  0x000540         0x18 build/default/production/_ext/1472/clock.o
 .debug_aranges
                  0x000558         0x18 build/default/production/_ext/1472/keypad.o
 .debug_aranges
                  0x000570         0x18 build/default/production/_ext/1472/taskSPI.o
 .debug_aranges
                  0x000588         0x18 build/default/production/_ext/1472/taskControl.o
 .debug_aranges
                  0x0005a0         0x18 build/default/production/_ext/1472/taskCalc.o
 .debug_aranges
                  0x0005b8         0x18 build/default/production/_ext/1472/taskUSB.o
 .debug_aranges
                  0x0005d0         0x18 build/default/production/_ext/1472/com.o
 .debug_aranges
                  0x0005e8         0x18 build/default/production/_ext/1472/val_conv.o
 .debug_aranges
                  0x000600         0x18 build/default/production/_ext/1472/taskUART.o
 .debug_aranges
                  0x000618         0x18 build/default/production/_ext/1472/usb_device_cdc.o
 .debug_aranges
                  0x000630         0x18 build/default/production/_ext/1472/usb_hal_pic24f.o
 .debug_aranges
                  0x000648         0x18 build/default/production/_ext/1057314724/system.o
 .debug_aranges
                  0x000660         0x18 build/default/production/_ext/1472/mathutil.o
 .debug_aranges
                  0x000678         0x18 build/default/production/_ext/1472/GDD_Alarm.o
 .debug_aranges
                  0x000690         0x20 c:/program files/microchip/xc16/v1.11/bin/bin/../../lib/PIC24F\libpPIC24Fxxx-elf.a(CloseSPI1.o)
 .debug_aranges
                  0x0006b0         0x20 c:/program files/microchip/xc16/v1.11/bin/bin/../../lib/PIC24F\libpPIC24Fxxx-elf.a(OpenSPI1.o)
 .debug_aranges
                  0x0006d0         0x20 c:/program files/microchip/xc16/v1.11/bin/bin/../../lib/PIC24F\libpPIC24Fxxx-elf.a(ReadSPI1.o)
 .debug_aranges
                  0x0006f0         0x20 c:/program files/microchip/xc16/v1.11/bin/bin/../../lib/PIC24F\libpPIC24Fxxx-elf.a(WriteSPI1.o)

.application_ivt
                  0x001400        0x114
                  0x001400          0x2 SHORT 0x1514 ABSOLUTE (__reset)
                  0x001401          0x2 SHORT 0x4
                  0x001402          0x2 SHORT 0x0 ((ABSOLUTE (__reset) >> 0x10) & 0x7f)
                  0x001403          0x2 SHORT 0x0
                  0x001404                  __DEFAULT_VECTOR = .
                  0x001404          0x2 SHORT 0x21706 DEFINED (__DefaultInterrupt)?ABSOLUTE (__DefaultInterrupt):ABSOLUTE (__DefaultInterrupt)
                  0x001405          0x2 SHORT 0x4
                  0x001406          0x2 SHORT 0x2 DEFINED (__DefaultInterrupt)?((ABSOLUTE (__DefaultInterrupt) >> 0x10) & 0x7f):((ABSOLUTE (__DefaultInterrupt) >> 0x10) & 0x7f)
                  0x001407          0x2 SHORT 0x0
                  0x001408          0x2 SHORT 0x21706 DEFINED (__OscillatorFail)?ABSOLUTE (__OscillatorFail):ABSOLUTE (__DefaultInterrupt)
                  0x001409          0x2 SHORT 0x4
                  0x00140a          0x2 SHORT 0x2 DEFINED (__OscillatorFail)?((ABSOLUTE (__OscillatorFail) >> 0x10) & 0x7f):((ABSOLUTE (__DefaultInterrupt) >> 0x10) & 0x7f)
                  0x00140b          0x2 SHORT 0x0
                  0x00140c          0x2 SHORT 0x1da9a DEFINED (__AddressError)?ABSOLUTE (__AddressError):ABSOLUTE (__DefaultInterrupt)
                  0x00140d          0x2 SHORT 0x4
                  0x00140e          0x2 SHORT 0x1 DEFINED (__AddressError)?((ABSOLUTE (__AddressError) >> 0x10) & 0x7f):((ABSOLUTE (__DefaultInterrupt) >> 0x10) & 0x7f)
                  0x00140f          0x2 SHORT 0x0
                  0x001410          0x2 SHORT 0x1da86 DEFINED (__StackError)?ABSOLUTE (__StackError):ABSOLUTE (__DefaultInterrupt)
                  0x001411          0x2 SHORT 0x4
                  0x001412          0x2 SHORT 0x1 DEFINED (__StackError)?((ABSOLUTE (__StackError) >> 0x10) & 0x7f):((ABSOLUTE (__DefaultInterrupt) >> 0x10) & 0x7f)
                  0x001413          0x2 SHORT 0x0
                  0x001414          0x2 SHORT 0x1da72 DEFINED (__MathError)?ABSOLUTE (__MathError):ABSOLUTE (__DefaultInterrupt)
                  0x001415          0x2 SHORT 0x4
                  0x001416          0x2 SHORT 0x1 DEFINED (__MathError)?((ABSOLUTE (__MathError) >> 0x10) & 0x7f):((ABSOLUTE (__DefaultInterrupt) >> 0x10) & 0x7f)
                  0x001417          0x2 SHORT 0x0
                  0x001418          0x2 SHORT 0x21706 DEFINED (__INT0Interrupt)?ABSOLUTE (__INT0Interrupt):ABSOLUTE (__DefaultInterrupt)
                  0x001419          0x2 SHORT 0x4
                  0x00141a          0x2 SHORT 0x2 DEFINED (__INT0Interrupt)?((ABSOLUTE (__INT0Interrupt) >> 0x10) & 0x7f):((ABSOLUTE (__DefaultInterrupt) >> 0x10) & 0x7f)
                  0x00141b          0x2 SHORT 0x0
                  0x00141c          0x2 SHORT 0x21706 DEFINED (__IC1Interrupt)?ABSOLUTE (__IC1Interrupt):ABSOLUTE (__DefaultInterrupt)
                  0x00141d          0x2 SHORT 0x4
                  0x00141e          0x2 SHORT 0x2 DEFINED (__IC1Interrupt)?((ABSOLUTE (__IC1Interrupt) >> 0x10) & 0x7f):((ABSOLUTE (__DefaultInterrupt) >> 0x10) & 0x7f)
                  0x00141f          0x2 SHORT 0x0
                  0x001420          0x2 SHORT 0x208f2 DEFINED (__OC1Interrupt)?ABSOLUTE (__OC1Interrupt):ABSOLUTE (__DefaultInterrupt)
                  0x001421          0x2 SHORT 0x4
                  0x001422          0x2 SHORT 0x2 DEFINED (__OC1Interrupt)?((ABSOLUTE (__OC1Interrupt) >> 0x10) & 0x7f):((ABSOLUTE (__DefaultInterrupt) >> 0x10) & 0x7f)
                  0x001423          0x2 SHORT 0x0
                  0x001424          0x2 SHORT 0x211dc DEFINED (__T1Interrupt)?ABSOLUTE (__T1Interrupt):ABSOLUTE (__DefaultInterrupt)
                  0x001425          0x2 SHORT 0x4