Microchip Technology Inc, vv1_11 (A) >

Tool Name:
  c:\program files\microchip\xc16\v1.11\bin\bin/elf-ld.exe

Command:
  -p24FJ256DA210 \
  -o \
  dist/default/debug/VLG_MEMAD.X.debug.elf \
  -Lc:/program files/microchip/xc16/v1.11/bin/bin/.. \
  -Lc:/program files/microchip/xc16/v1.11/bin/bin/../../lib \
  -Lc:/program files/microchip/xc16/v1.11/bin/bin/../../lib/PIC24E \
  -Lc:/program files/microchip/xc16/v1.11/bin/bin/../../support/PIC24E/gld \
  -Lc:/program files/microchip/xc16/v1.11/bin/bin/../../lib/PIC24F \
  -Lc:/program files/microchip/xc16/v1.11/bin/bin/../../support/PIC24F/gld \
  -Lc:/program files/microchip/xc16/v1.11/bin/bin/../../lib/PIC24H \
  -Lc:/program files/microchip/xc16/v1.11/bin/bin/../../support/PIC24H/gld \
  -Lc:/program files/microchip/xc16/v1.11/bin/bin/../../lib/dsPIC30F \
  -Lc:/program files/microchip/xc16/v1.11/bin/bin/../../support/dsPIC30F/gld \
  -Lc:/program files/microchip/xc16/v1.11/bin/bin/../../lib/dsPIC33E \
  -Lc:/program files/microchip/xc16/v1.11/bin/bin/../../support/dsPIC33E/gld \
  -Lc:/program files/microchip/xc16/v1.11/bin/bin/../../lib/dsPIC33F \
  -Lc:/program files/microchip/xc16/v1.11/bin/bin/../../support/dsPIC33F/gld \
  build/default/debug/_ext/1360920944/SST39LF400.o \
  build/default/debug/_ext/1360920944/TimeDelay.o \
  build/default/debug/_ext/1360920944/MCP23S08.o \
  build/default/debug/_ext/1360920944/board.o \
  build/default/debug/_ext/1360920944/SST25VF016.o \
  build/default/debug/_ext/1360920944/MCP4822.o \
  build/default/debug/_ext/1360920944/PCF2123.o \
  build/default/debug/_ext/1360920944/TouchScreenAR1020.o \
  build/default/debug/_ext/1268784391/drv_gfx_da210.o \
  build/default/debug/_ext/1268784391/drv_gfx_da210_buffer.o \
  build/default/debug/_ext/798298840/comm_pkt_callback.o \
  build/default/debug/_ext/798298840/comm_pkt.o \
  build/default/debug/_ext/798298840/flash_programmer.o \
  build/default/debug/_ext/1111096632/heap_1.o \
  build/default/debug/_ext/771517865/port.o \
  build/default/debug/_ext/771517865/portasm_PIC24.o \
  build/default/debug/_ext/1840719093/tasks.o \
  build/default/debug/_ext/1840719093/croutine.o \
  build/default/debug/_ext/1840719093/timers.o \
  build/default/debug/_ext/1840719093/queue.o \
  build/default/debug/_ext/2044251986/gfx_gol.o \
  build/default/debug/_ext/2044251986/gfx_gol_button.o \
  build/default/debug/_ext/2044251986/gfx_gol_check_box.o \
  build/default/debug/_ext/2044251986/gfx_gol_digital_meter.o \
  build/default/debug/_ext/2044251986/gfx_gol_edit_box.o \
  build/default/debug/_ext/2044251986/gfx_gol_group_box.o \
  build/default/debug/_ext/2044251986/gfx_gol_list_box.o \
  build/default/debug/_ext/2044251986/gfx_gol_meter.o \
  build/default/debug/_ext/2044251986/gfx_gol_picture.o \
  build/default/debug/_ext/2044251986/gfx_gol_progress_bar.o \
  build/default/debug/_ext/2044251986/gfx_gol_radio_button.o \
  build/default/debug/_ext/2044251986/gfx_gol_scheme_default.o \
  build/default/debug/_ext/2044251986/gfx_gol_scroll_bar.o \
  build/default/debug/_ext/2044251986/gfx_gol_static_text.o \
  build/default/debug/_ext/2044251986/gfx_gol_text_entry.o \
  build/default/debug/_ext/2044251986/gfx_gol_window.o \
  build/default/debug/_ext/2044251986/gfx_palette.o \
  build/default/debug/_ext/2044251986/gfx_primitive.o \
  build/default/debug/_ext/1724691511/BlockQ.o \
  build/default/debug/_ext/1724691511/blocktim.o \
  build/default/debug/_ext/1724691511/comtest.o \
  build/default/debug/_ext/1724691511/integer.o \
  build/default/debug/_ext/1063401512/drv_touch_screen.o \
  build/default/debug/_ext/1472/main.o \
  build/default/debug/_ext/1840719093/list.o \
  build/default/debug/_ext/809743516/ParTest.o \
  build/default/debug/_ext/1472/lcd.o \
  build/default/debug/_ext/1472/taskTouchScreen.o \
  build/default/debug/_ext/1472/taskGraphics.o \
  build/default/debug/_ext/1472/smallfont.o \
  build/default/debug/_ext/1472/medfont.o \
  build/default/debug/_ext/1472/GDD_Screens.o \
  build/default/debug/_ext/1472/osapi.o \
  build/default/debug/_ext/1472/GDD_Intro.o \
  build/default/debug/_ext/1472/beep.o \
  build/default/debug/_ext/1472/GDD_Clear.o \
  build/default/debug/_ext/638940289/new.o \
  build/default/debug/_ext/1472/usb_callback.o \
  build/default/debug/_ext/1472/usb_descriptors.o \
  build/default/debug/_ext/1472/usb_device.o \
  build/default/debug/_ext/1472/taskBackground.o \
  build/default/debug/_ext/1472/stmotor.o \
  build/default/debug/_ext/1472/air_det.o \
  build/default/debug/_ext/1472/clock.o \
  build/default/debug/_ext/1472/keypad.o \
  build/default/debug/_ext/1472/taskSPI.o \
  build/default/debug/_ext/1472/taskControl.o \
  build/default/debug/_ext/1472/taskCalc.o \
  build/default/debug/_ext/1472/taskUSB.o \
  build/default/debug/_ext/1472/com.o \
  build/default/debug/_ext/1472/val_conv.o \
  build/default/debug/_ext/1472/taskUART.o \
[...]
Memory Configuration

Name             Origin             Length             Attributes
data             0x000800           0x018000           a !xr
reset            0x000000           0x000004  
ivt              0x000004           0x0000fc  
aivt             0x000104           0x0000fc  
app_ivt          0x001400           0x000114  
program          0x001514           0x0296e4           xr
CONFIG4          0x02abf8           0x000002  
CONFIG3          0x02abfa           0x000002  
CONFIG2          0x02abfc           0x000002  
CONFIG1          0x02abfe           0x000002  
*default*        0x000000           0xffffffff  

Linker script and memory map

LOAD build/default/debug/_ext/1360920944/SST39LF400.o
LOAD build/default/debug/_ext/1360920944/TimeDelay.o
LOAD build/default/debug/_ext/1360920944/MCP23S08.o
LOAD build/default/debug/_ext/1360920944/board.o
LOAD build/default/debug/_ext/1360920944/SST25VF016.o
LOAD build/default/debug/_ext/1360920944/MCP4822.o
LOAD build/default/debug/_ext/1360920944/PCF2123.o
LOAD build/default/debug/_ext/1360920944/TouchScreenAR1020.o
LOAD build/default/debug/_ext/1268784391/drv_gfx_da210.o
LOAD build/default/debug/_ext/1268784391/drv_gfx_da210_buffer.o
LOAD build/default/debug/_ext/798298840/comm_pkt_callback.o
LOAD build/default/debug/_ext/798298840/comm_pkt.o
LOAD build/default/debug/_ext/798298840/flash_programmer.o
LOAD build/default/debug/_ext/1111096632/heap_1.o
LOAD build/default/debug/_ext/771517865/port.o
LOAD build/default/debug/_ext/771517865/portasm_PIC24.o
LOAD build/default/debug/_ext/1840719093/tasks.o
LOAD build/default/debug/_ext/1840719093/croutine.o
LOAD build/default/debug/_ext/1840719093/timers.o
LOAD build/default/debug/_ext/1840719093/queue.o
LOAD build/default/debug/_ext/2044251986/gfx_gol.o
LOAD build/default/debug/_ext/2044251986/gfx_gol_button.o
LOAD build/default/debug/_ext/2044251986/gfx_gol_check_box.o
LOAD build/default/debug/_ext/2044251986/gfx_gol_digital_meter.o
LOAD build/default/debug/_ext/2044251986/gfx_gol_edit_box.o
LOAD build/default/debug/_ext/2044251986/gfx_gol_group_box.o
LOAD build/default/debug/_ext/2044251986/gfx_gol_list_box.o
LOAD build/default/debug/_ext/2044251986/gfx_gol_meter.o
LOAD build/default/debug/_ext/2044251986/gfx_gol_picture.o
LOAD build/default/debug/_ext/2044251986/gfx_gol_progress_bar.o
LOAD build/default/debug/_ext/2044251986/gfx_gol_radio_button.o
LOAD build/default/debug/_ext/2044251986/gfx_gol_scheme_default.o
LOAD build/default/debug/_ext/2044251986/gfx_gol_scroll_bar.o
LOAD build/default/debug/_ext/2044251986/gfx_gol_static_text.o
LOAD build/default/debug/_ext/2044251986/gfx_gol_text_entry.o
LOAD build/default/debug/_ext/2044251986/gfx_gol_window.o
LOAD build/default/debug/_ext/2044251986/gfx_palette.o
LOAD build/default/debug/_ext/2044251986/gfx_primitive.o
LOAD build/default/debug/_ext/1724691511/BlockQ.o
LOAD build/default/debug/_ext/1724691511/blocktim.o
LOAD build/default/debug/_ext/1724691511/comtest.o
LOAD build/default/debug/_ext/1724691511/integer.o
LOAD build/default/debug/_ext/1063401512/drv_touch_screen.o
LOAD build/default/debug/_ext/1472/main.o
LOAD build/default/debug/_ext/1840719093/list.o
LOAD build/default/debug/_ext/809743516/ParTest.o
LOAD build/default/debug/_ext/1472/lcd.o
LOAD build/default/debug/_ext/1472/taskTouchScreen.o
LOAD build/default/debug/_ext/1472/taskGraphics.o
LOAD build/default/debug/_ext/1472/smallfont.o
LOAD build/default/debug/_ext/1472/medfont.o
LOAD build/default/debug/_ext/1472/GDD_Screens.o
LOAD build/default/debug/_ext/1472/osapi.o
LOAD build/default/debug/_ext/1472/GDD_Intro.o
LOAD build/default/debug/_ext/1472/beep.o
LOAD build/default/debug/_ext/1472/GDD_Clear.o
LOAD build/default/debug/_ext/638940289/new.o
LOAD build/default/debug/_ext/1472/usb_callback.o
LOAD build/default/debug/_ext/1472/usb_descriptors.o
LOAD build/default/debug/_ext/1472/usb_device.o
LOAD build/default/debug/_ext/1472/taskBackground.o
LOAD build/default/debug/_ext/1472/stmotor.o
LOAD build/default/debug/_ext/1472/air_det.o
LOAD build/default/debug/_ext/1472/clock.o
LOAD build/default/debug/_ext/1472/keypad.o
LOAD build/default/debug/_ext/1472/taskSPI.o
LOAD build/default/debug/_ext/1472/taskControl.o
LOAD build/default/debug/_ext/1472/taskCalc.o
LOAD build/default/debug/_ext/1472/taskUSB.o
LOAD build/default/debug/_ext/1472/com.o
LOAD build/default/debug/_ext/1472/val_conv.o
LOAD build/default/debug/_ext/1472/taskUART.o
LOAD build/default/debug/_ext/1472/usb_device_cdc.o
LOAD build/default/debug/_ext/1472/usb_hal_pic24f.o
LOAD build/default/debug/_ext/1057314724/system.o
LOAD build/default/debug/_ext/1472/resource.o
LOAD build/default/debug/_ext/1472/res.o
LOAD build/default/debug/_ext/1472/mathutil.o
LOAD build/default/debug/_ext/1472/GDD_SetProg.o
LOAD build/default/debug/_ext/1472/GDD_SetDrug.o
LOAD build/default/debug/_ext/1472/GDD_Alarm.o
                    0x0001                  __MPLAB_BUILD = 0x1
                    0x0001                  __ICD2RAM = 0x1
                    0x0001                  __MPLAB_DEBUG = 0x1
                    0x0001                  __DEBUG = 0x1
                    0x0001                  __MPLAB_DEBUGGER_ICD3 = 0x1
LOAD c:/program files/microchip/xc16/v1.11/bin/bin/../../lib/PIC24F\libpPIC24Fxxx-elf.a
                    0x2abf8                  __CONFIG4 = 0x2abf8
                    0x2abfa                  __CONFIG3 = 0x2abfa
                    0x2abfc                  __CONFIG2 = 0x2abfc
                    0x2abfe                  __CONFIG1 = 0x2abfe
                    0x0004                  __IVT_BASE = 0x4
                    0x0104                  __AIVT_BASE = 0x104
                    0x0800                  __DATA_BASE = 0x800
                    0x0200                  __CODE_BASE = 0x200
                    0x1400                  __APP_IVT_BASE = 0x1400

.reset            0x000000          0x4
                  0x000000          0x2 SHORT 0x1514 ABSOLUTE (__reset)
                  0x000001          0x2 SHORT 0x4
                  0x000002          0x2 SHORT 0x0 ((ABSOLUTE (__reset) >> 0x10) & 0x7f)
                  0x000003          0x2 SHORT 0x0

.text             0x001514       0x335c
 *(.init)
 .init            0x001514         0x2e c:/program files/microchip/xc16/v1.11/bin/bin/../../lib\liblega-pic30-elf.a(crt0_extended.o)
                  0x001514                  __resetPRI
                  0x001514                  __reset
                  0x001536                  __psv_init
 .init            0x001542         0x9a c:/program files/microchip/xc16/v1.11/bin/bin/../../lib\liblega-pic30-elf.a(data_init_extended.o)
                  0x001542                  __data_init
                  0x001542                  __data_init_extended
 *(.user_init)
 *(.handle)
 .handle          0x0015dc        0x12c jump_table
 *(.libc)
 .libc            0x001708         0x2c c:/program files/microchip/xc16/v1.11/bin/bin/../../lib\liblega-c-elf.a(sprintf_cdfFnopsuxX.XXeo)
                  0x001708                  sprintf_cdfFnopsuxX.XXeo:_prout
                  0x001716                  __sprintf_cdfFnopuxX
                  0x001716                  __sprintf_cdfFnopsuxX
                  0x001716                  __sprintf_fF
 .libc            0x001734        0x170 c:/program files/microchip/xc16/v1.11/bin/bin/../../lib\liblega-c-elf.a(xprintf_cdfFnopsuxX.XXelo)
                  0x001734                  ___Printf_cdfFnopuxX
                  0x001734                  ___Printf_cdfFnopsuxX
                  0x001734                  ___Printf_fF
 .libc            0x0018a4        0x30e c:/program files/microchip/xc16/v1.11/bin/bin/../../lib\liblega-c-elf.a(xputfld_cdfFnopsuxX.XXelo)
                  0x0018a4                  ___Putfld_cdfFnopuxX
                  0x0018a4                  ___Putfld_cdfFnopsuxX
                  0x0018a4                  ___Putfld_fF
 .libc            0x001bb2        0x276 c:/program files/microchip/xc16/v1.11/bin/bin/../../lib\liblega-c-elf.a(xldtob_cdfFnopsuxX.XXelo)
                  0x001bb2                  ___Ldtob_cdfFnopsuxX
                  0x001bb2                  ___Ldtob_fF
                  0x001bb2                  ___Ldtob_cdfFnopuxX
 .libc            0x001e28        0x216 c:/program files/microchip/xc16/v1.11/bin/bin/../../lib\liblega-c-elf.a(xgenld_cdfFnopsuxX.XXelo)
                  0x001e28                  ___Genld_fF
                  0x001e28                  ___Genld_cdfFnopsuxX
                  0x001e28                  ___Genld_cdfFnopuxX
 *(.libm)
 *(.libdsp)
 *(.lib*)
 .libperi         0x00203e          0xc c:/program files/microchip/xc16/v1.11/bin/bin/../../lib/PIC24F\libpPIC24Fxxx-elf.a(CloseSPI1.o)
                  0x00203e                  _CloseSPI1
 .libperi         0x00204a         0x18 c:/program files/microchip/xc16/v1.11/bin/bin/../../lib/PIC24F\libpPIC24Fxxx-elf.a(OpenSPI1.o)
                  0x00204a                  _OpenSPI1
 .libperi         0x002062         0x1e c:/program files/microchip/xc16/v1.11/bin/bin/../../lib/PIC24F\libpPIC24Fxxx-elf.a(ReadSPI1.o)
                  0x002062                  _ReadSPI1
 .libperi         0x002080         0x20 c:/program files/microchip/xc16/v1.11/bin/bin/../../lib/PIC24F\libpPIC24Fxxx-elf.a(WriteSPI1.o)
                  0x002080                  _WriteSPI1
 .libc.memcpy_helper
                  0x0020a0         0x36 c:/program files/microchip/xc16/v1.11/bin/bin/../../lib\liblega-pic30-elf.a(memcpy_helper.Leo)
                  0x0020a0                  __memcpy_helper
 .libm.subsf3     0x0020d6         0xbc c:/program files/microchip/xc16/v1.11/bin/bin/../../lib\libm-elf.a(addsf3.eo)
                  0x0020d6                  ___subsf3
                  0x0020d8                  ___addsf3
 .libm.divfs3     0x002192         0x84 c:/program files/microchip/xc16/v1.11/bin/bin/../../lib\libm-elf.a(divsf3.eo)
                  0x002192                  ___divsf3
 .libm.divsi3     0x002216         0x1e c:/program files/microchip/xc16/v1.11/bin/bin/../../lib\libm-elf.a(divsi3.eo)
                  0x002216                  ___divsi3
 .libm.eqsf2      0x002234          0x4 c:/program files/microchip/xc16/v1.11/bin/bin/../../lib\libm-elf.a(feqltle.eo)
                  0x002234                  ___eqsf2
                  0x002234                  ___ltsf2
                  0x002234                  ___lesf2
 .libm.gtsf2      0x002238          0x4 c:/program files/microchip/xc16/v1.11/bin/bin/../../lib\libm-elf.a(fgtge.eo)
                  0x002238                  ___gesf2
                  0x002238                  ___gtsf2
 .libm.fixsfsi    0x00223c         0x42 c:/program files/microchip/xc16/v1.11/bin/bin/../../lib\libm-elf.a(fixsfsi.eo)
                  0x00223c                  _(float, int, long long, short, float, short, int)
 .libm.fixunssfsi
                  0x00227e         0x36 c:/program files/microchip/xc16/v1.11/bin/bin/../../lib\libm-elf.a(fixunssfsi.eo)
                  0x00227e                  ___fixunssfsi
 .libm.floatsisf
                  0x0022b4          0x6 c:/program files/microchip/xc16/v1.11/bin/bin/../../lib\libm-elf.a(floatsisf.eo)
                  0x0022b4                  ___floatsisf
 .libm.floatunsisf
                  0x0022ba          0x4 c:/program files/microchip/xc16/v1.11/bin/bin/../../lib\libm-elf.a(floatunsisf.eo)
                  0x0022ba                  ___floatunsisf
 .libm.fpack      0x0022be         0x4c c:/program files/microchip/xc16/v1.11/bin/bin/../../lib\libm-elf.a(fpack.eo)
                  0x0022be                  __fpack
 .libm.funpack    0x00230a         0x2a c:/program files/microchip/xc16/v1.11/bin/bin/../../lib\libm-elf.a(funpack.eo)
                  0x00230a                  __funpack
 .libm.funpack2
                  0x002334         0x10 c:/program files/microchip/xc16/v1.11/bin/bin/../../lib\libm-elf.a(funpack2.eo)
                  0x002334                  __funpack2
 .libm.fPropagateNaN
                  0x002344         0x12 c:/program files/microchip/xc16/v1.11/bin/bin/../../lib\libm-elf.a(futil.eo)
                  0x002344                  __fPropagateNaN
 .libm.fbobExit
                  0x002356          0x8 c:/program files/microchip/xc16/v1.11/bin/bin/../../lib\libm-elf.a(futil.eo)
                  0x002356                  __fbopExit
 .libm.fbopReturnNaN
                  0x00235e          0x6 c:/program files/microchip/xc16/v1.11/bin/bin/../../lib\libm-elf.a(futil.eo)
                  0x00235e                  __fbopReturnNaN
 .libm.mulsf3     0x002364         0x68 c:/program files/microchip/xc16/v1.11/bin/bin/../../lib\libm-elf.a(mulsf3.eo)
                  0x002364                  ___mulsf3
 .libm.udivsi3    0x0023cc         0x20 c:/program files/microchip/xc16/v1.11/bin/bin/../../lib\libm-elf.a(udivsi3.eo)
                  0x0023cc                  ___udivsi3
 .libm.umodsi3    0x0023ec          0x6 c:/program files/microchip/xc16/v1.11/bin/bin/../../lib\libm-elf.a(umodsi3.eo)
                  0x0023ec                  ___umodsi3
 .libm.fcompare
                  0x0023f2         0x36 c:/program files/microchip/xc16/v1.11/bin/bin/../../lib\libm-elf.a(fcompare.eo)
                  0x0023f2                  __fcompare
 .libm.floatdisf
                  0x002428         0x20 c:/program files/microchip/xc16/v1.11/bin/bin/../../lib\libm-elf.a(floatdisf.eo)
                  0x002428                  ___floatdisf
 .libm.floatundisf
                  0x002448         0x5e c:/program files/microchip/xc16/v1.11/bin/bin/../../lib\libm-elf.a(floatundisf.eo)
                  0x002448                  ___floatundisf
 .libc.abort.abort
                  0x0024a6          0x8 c:/program files/microchip/xc16/v1.11/bin/bin/../../lib\liblega-c-elf.a(abort.XXeo)
                  0x0024a6                  _abort
 .libc._Tzoff._Tzoff
                  0x0024ae         0x88 c:/program files/microchip/xc16/v1.11/bin/bin/../../lib\liblega-c-elf.a(localtim.XXeo)
                  0x0024ae                  __Tzoff
 .libc.localtime.localtime
                  0x002536         0x1c c:/program files/microchip/xc16/v1.11/bin/bin/../../lib\liblega-c-elf.a(localtim.XXeo)
                  0x002536                  _localtime
 .libc.mktime.mktime
                  0x002552        0x16a c:/program files/microchip/xc16/v1.11/bin/bin/../../lib\liblega-c-elf.a(mktime.XXeo)
                  0x002552                  _mktime
 .libc.raise.raise
                  0x0026bc         0x88 c:/program files/microchip/xc16/v1.11/bin/bin/../../lib\liblega-c-elf.a(raise.XXeo)
                  0x0026bc                  _raise
 .libc.signal.signal
                  0x002744         0x16 c:/program files/microchip/xc16/v1.11/bin/bin/../../lib\liblega-c-elf.a(signal.XXeo)
                  0x002744                  _signal
 .libc.strlen.strlen
                  0x00275a         0x10 c:/program files/microchip/xc16/v1.11/bin/bin/../../lib\liblega-c-elf.a(strlen.XXeo)
                  0x00275a                  _strlen
 .libc.strtol.strtol
                  0x00276a         0x8e c:/program files/microchip/xc16/v1.11/bin/bin/../../lib\liblega-c-elf.a(strtol.XXeo)
                  0x00276a                  _strtol
 .libc._Gettime._Gettime
                  0x0027f8         0x44 c:/program files/microchip/xc16/v1.11/bin/bin/../../lib\liblega-c-elf.a(xgettime.XXeo)
                  0x0027f8                  __Gettime
 .libc.reformat.reformat
                  0x00283c         0x88 c:/program files/microchip/xc16/v1.11/bin/bin/../../lib\liblega-c-elf.a(xgetzone.XXeo)
 .libc.getzone.getzone
                  0x0028c4         0x24 c:/program files/microchip/xc16/v1.11/bin/bin/../../lib\liblega-c-elf.a(xgetzone.XXeo)
 .libc._Getzone._Getzone
                  0x0028e8         0x16 c:/program files/microchip/xc16/v1.11/bin/bin/../../lib\liblega-c-elf.a(xgetzone.XXeo)
                  0x0028e8                  __Getzone
 .libc._Daysto._Daysto
                  0x0028fe         0x2c c:/program files/microchip/xc16/v1.11/bin/bin/../../lib\liblega-c-elf.a(xttotm.XXeo)
                  0x0028fe                  __Daysto
 .libc._Ttotm._Ttotm
                  0x00292a         0xea c:/program files/microchip/xc16/v1.11/bin/bin/../../lib\liblega-c-elf.a(xttotm.XXeo)
                  0x00292a                  __Ttotm
 .libc.isalpha    0x002a14         0x14 c:/program files/microchip/xc16/v1.11/bin/bin/../../lib\liblega-c-elf.a(isalpha.XXelso)
                  0x002a14                  _isalpha
 .libc.isspace    0x002a28         0x10 c:/program files/microchip/xc16/v1.11/bin/bin/../../lib\liblega-c-elf.a(isspace.XXelso)
                  0x002a28                  _isspace
 .libc._Getptimes._Getptimes
                  0x002a38          0xc c:/program files/microchip/xc16/v1.11/bin/bin/../../lib\liblega-c-elf.a(asctime.XXelo)
                  0x002a38                  __Getptimes
 .libc.asctime.asctime
                  0x002a44         0x12 c:/program files/microchip/xc16/v1.11/bin/bin/../../lib\liblega-c-elf.a(asctime.XXelo)
                  0x002a44                  _asctime
 .libc._Geterrno._Geterrno
                  0x002a56          0xc c:/program files/microchip/xc16/v1.11/bin/bin/../../lib\liblega-c-elf.a(errno.XXelo)
                  0x002a56                  __Geterrno
 .libc.exit.exit
                  0x002a62         0x36 c:/program files/microchip/xc16/v1.11/bin/bin/../../lib\liblega-c-elf.a(exit.XXelo)
                  0x002a62                  _exit
 .libc.fputs.fputs
                  0x002a98         0x9a c:/program files/microchip/xc16/v1.11/bin/bin/../../lib\liblega-c-elf.a(fputs.XXelo)
                  0x002a98                  _fputs
 .libc.free.free
                  0x002b32         0x6a c:/program files/microchip/xc16/v1.11/bin/bin/../../lib\liblega-c-elf.a(free.XXelo)
                  0x002b32                  _free
 .libc.findmem.findmem
                  0x002b9c         0x76 c:/program files/microchip/xc16/v1.11/bin/bin/../../lib\liblega-c-elf.a(malloc.XXelo)
 .libc.malloc.malloc
                  0x002c12         0x6e c:/program files/microchip/xc16/v1.11/bin/bin/../../lib\liblega-c-elf.a(malloc.XXelo)
                  0x002c12                  _malloc
 .libc.memcpy.memcpy
                  0x002c80         0x12 c:/program files/microchip/xc16/v1.11/bin/bin/../../lib\liblega-c-elf.a(memcpy.XXelo)
                  0x002c80                  _memcpy
 .libc.memset.memset
                  0x002c92         0x12 c:/program files/microchip/xc16/v1.11/bin/bin/../../lib\liblega-c-elf.a(memset.XXelo)
                  0x002c92                  _memset
 .libc.strchr.strchr
                  0x002ca4         0x12 c:/program files/microchip/xc16/v1.11/bin/bin/../../lib\liblega-c-elf.a(strchr.XXelo)
                  0x002ca4                  _strchr
 .libc.strftime.strftime
                  0x002cb6         0x2a c:/program files/microchip/xc16/v1.11/bin/bin/../../lib\liblega-c-elf.a(strftime.XXelo)
                  0x002cb6                  _strftime
 .libc.strncpy.strncpy
                  0x002ce0         0x28 c:/program files/microchip/xc16/v1.11/bin/bin/../../lib\liblega-c-elf.a(strncpy.XXelo)
                  0x002ce0                  _strncpy
 .libc.strrchr.strrchr
                  0x002d08         0x16 c:/program files/microchip/xc16/v1.11/bin/bin/../../lib\liblega-c-elf.a(strrchr.XXelo)
                  0x002d08                  _strrchr
 .libc._Fwprep._Fwprep
                  0x002d1e         0x90 c:/program files/microchip/xc16/v1.11/bin/bin/../../lib\liblega-c-elf.a(xfwprep.XXelo)
                  0x002d1e                  __Fwprep
 .libc._Getmem._Getmem
                  0x002dae         0x14 c:/program files/microchip/xc16/v1.11/bin/bin/../../lib\liblega-c-elf.a(xgetmem.XXelo)
                  0x002dae                  __Getmem
 .libc._Tls_reg_rules._Tls_reg_rules
                  0x002dc2          0x4 c:/program files/microchip/xc16/v1.11/bin/bin/../../lib\liblega-c-elf.a(xisdst.XXelo)
 .libc._Tls_setupx_rules._Tls_setupx_rules
                  0x002dc6         0x16 c:/program files/microchip/xc16/v1.11/bin/bin/../../lib\liblega-c-elf.a(xisdst.XXelo)
 .libc.free_tls.clone.0.free_tls.clone.0
                  0x002ddc          0x4 c:/program files/microchip/xc16/v1.11/bin/bin/../../lib\liblega-c-elf.a(xisdst.XXelo)
 .libc._Tls_dtor_rules._Tls_dtor_rules
                  0x002de0          0x2 c:/program files/microchip/xc16/v1.11/bin/bin/../../lib\liblega-c-elf.a(xisdst.XXelo)
                  0x002de0                  xisdst.XXelo:__Tls_dtor_rules
 .libc._Isdst._Isdst
                  0x002de2         0xfc c:/program files/microchip/xc16/v1.11/bin/bin/../../lib\liblega-c-elf.a(xisdst.XXelo)
                  0x002de2                  __Isdst
 .libc._Stoul._Stoul
                  0x002ede        0x13a c:/program files/microchip/xc16/v1.11/bin/bin/../../lib\liblega-c-elf.a(xstoul.XXelo)
                  0x002ede                  __Stoul
 .libc._CStrftime._CStrftime
                  0x003018        0x144 c:/program files/microchip/xc16/v1.11/bin/bin/../../lib\liblega-c-elf.a(xstrftim.XXelo)
                  0x003018                  __CStrftime
 .libc.tolower    0x00315c          0xe c:/program files/microchip/xc16/v1.11/bin/bin/../../lib\liblega-c-elf.a(tolower.XXeso)
                  0x00315c                  _tolower
 .libc.div.div    0x00316a         0x16 c:/program files/microchip/xc16/v1.11/bin/bin/../../lib\liblega-c-elf.a(div.XXeo)
                  0x00316a                  _div
 .libc.closeallreg.closeallreg
                  0x003180          0x4 c:/program files/microchip/xc16/v1.11/bin/bin/../../lib\liblega-c-elf.a(fclose.XXeo)
 .libc._Closreg._Closreg
                  0x003184         0x14 c:/program files/microchip/xc16/v1.11/bin/bin/../../lib\liblega-c-elf.a(fclose.XXeo)
                  0x003184                  __Closreg
 .libc.fclose.fclose
                  0x003198         0x86 c:/program files/microchip/xc16/v1.11/bin/bin/../../lib\liblega-c-elf.a(fclose.XXeo)
                  0x003198                  _fclose
 .libc.closeall.closeall
                  0x00321e         0x18 c:/program files/microchip/xc16/v1.11/bin/bin/../../lib\liblega-c-elf.a(fclose.XXeo)
                  0x00321e                  fclose.XXeo:_closeall
 .libc._DNKfflush._DNKfflush
                  0x003236         0x7e c:/program files/microchip/xc16/v1.11/bin/bin/../../lib\liblega-c-elf.a(fflush.XXeo)
                  0x003236                  __DNKfflush
 .libc.ldiv.ldiv
                  0x0032b4         0x2a c:/program files/microchip/xc16/v1.11/bin/bin/../../lib\liblega-c-elf.a(ldiv.XXeo)
                  0x0032b4                  _ldiv
 .libc._Atexit._Atexit
                  0x0032de         0x18 c:/program files/microchip/xc16/v1.11/bin/bin/../../lib\liblega-c-elf.a(xatexit.XXeo)
                  0x0032de                  __Atexit
 .libc.wkyr.wkyr
                  0x0032f6         0x14 c:/program files/microchip/xc16/v1.11/bin/bin/../../lib\liblega-c-elf.a(xgentime.XXeo)
 .libc.cmp_era_date.cmp_era_date
                  0x00330a         0x7e c:/program files/microchip/xc16/v1.11/bin/bin/../../lib\liblega-c-elf.a(xgentime.XXeo)
 .libc.isleapyr.clone.0.isleapyr.clone.0
                  0x003388          0x2 c:/program files/microchip/xc16/v1.11/bin/bin/../../lib\liblega-c-elf.a(xgentime.XXeo)
 .libc.ISOwkyr.clone.1.ISOwkyr.clone.1
                  0x00338a         0x6a c:/program files/microchip/xc16/v1.11/bin/bin/../../lib\liblega-c-elf.a(xgentime.XXeo)
 .libc.ISOyear.ISOyear
                  0x0033f4         0x1e c:/program files/microchip/xc16/v1.11/bin/bin/../../lib\liblega-c-elf.a(xgentime.XXeo)
 .libc.ISOweek.clone.2.ISOweek.clone.2
                  0x003412         0x30 c:/program files/microchip/xc16/v1.11/bin/bin/../../lib\liblega-c-elf.a(xgentime.XXeo)
 .libc.getval.clone.3.getval.clone.3
                  0x003442         0x4e c:/program files/microchip/xc16/v1.11/bin/bin/../../lib\liblega-c-elf.a(xgentime.XXeo)
 .libc.getera.clone.4.getera.clone.4
                  0x003490         0x8c c:/program files/microchip/xc16/v1.11/bin/bin/../../lib\liblega-c-elf.a(xgentime.XXeo)
 .libc._Gentime._Gentime
                  0x00351c        0x42e c:/program files/microchip/xc16/v1.11/bin/bin/../../lib\liblega-c-elf.a(xgentime.XXeo)
                  0x00351c                  __Gentime
 .libc._LDunscale._LDunscale
                  0x00394a         0x54 c:/program files/microchip/xc16/v1.11/bin/bin/../../lib\liblega-c-elf.a(xldunsca.XXeo)
                  0x00394a                  __LDunscale
 .libc._Vacopy._Vacopy
                  0x00399e          0x4 c:/program files/microchip/xc16/v1.11/bin/bin/../../lib\liblega-c-elf.a(xvacopy.XXeo)
                  0x00399e                  __Vacopy
 .libc.memchr.memchr
                  0x0039a2         0x16 c:/program files/microchip/xc16/v1.11/bin/bin/../../lib\liblega-c-elf.a(memchr.XXelo)
                  0x0039a2                  _memchr
 .libc._Dnorm._Dnorm
                  0x0039b8         0x9a c:/program files/microchip/xc16/v1.11/bin/bin/../../lib\liblega-c-elf.a(xdnorm.XXelo)
                  0x0039b8                  __Dnorm
 .libc.getint.getint
                  0x003a52         0x22 c:/program files/microchip/xc16/v1.11/bin/bin/../../lib\liblega-c-elf.a(xgetdst.XXelo)
 .libc._Getdst._Getdst
                  0x003a74        0x102 c:/program files/microchip/xc16/v1.11/bin/bin/../../lib\liblega-c-elf.a(xgetdst.XXelo)
                  0x003a74                  __Getdst
 .libc._Litob._Litob
                  0x003b76        0x2b2 c:/program files/microchip/xc16/v1.11/bin/bin/../../lib\liblega-c-elf.a(xlitob.XXelo)
                  0x003b76                  __Litob
 .libc._Puttxt._Puttxt
                  0x003e28        0x17e c:/program files/microchip/xc16/v1.11/bin/bin/../../lib\liblega-c-elf.a(xputtxt.XXelo)
                  0x003e28                  __Puttxt
 .libc._exit      0x003fa6         0x16 c:/program files/microchip/xc16/v1.11/bin/bin/../../lib\liblega-pic30-elf.a(_exit.Leo)
                  0x003fa6                  __exit
 .libc.sbrk       0x003fbc         0x28 c:/program files/microchip/xc16/v1.11/bin/bin/../../lib\liblega-pic30-elf.a(sbrk.Leo)
                  0x003fbc                  _sbrk
 .libc.getenv     0x003fe4          0x2 c:/program files/microchip/xc16/v1.11/bin/bin/../../lib\liblega-pic30-elf.a(getenv.Leo)
                  0x003fe4                  _getenv
 .libc.brk        0x003fe6         0x1c c:/program files/microchip/xc16/v1.11/bin/bin/../../lib\liblega-pic30-elf.a(brk.Lelo)
                  0x003fe6                  _brk
 .libc.doclose.doclose
                  0x004002          0x4 c:/program files/microchip/xc16/v1.11/bin/bin/../../lib\liblega-pic30-elf.a(close.Leo)
 .libc.close      0x004006         0x12 c:/program files/microchip/xc16/v1.11/bin/bin/../../lib\liblega-pic30-elf.a(close.Leo)
                  0x004006                  _close
 .libc.dowrite.dowrite
                  0x004018          0x4 c:/program files/microchip/xc16/v1.11/bin/bin/../../lib\liblega-pic30-elf.a(write.Leo)
 .libc.write      0x00401c         0x5e c:/program files/microchip/xc16/v1.11/bin/bin/../../lib\liblega-pic30-elf.a(write.Leo)
                  0x00401c                  _write
 .libc.doremove.doremove
                  0x00407a          0x4 c:/program files/microchip/xc16/v1.11/bin/bin/../../lib\liblega-pic30-elf.a(remove.Leo)
 .libc.remove     0x00407e         0x12 c:/program files/microchip/xc16/v1.11/bin/bin/../../lib\liblega-pic30-elf.a(remove.Leo)
                  0x00407e                  _remove
 .libm.eqdf2      0x004090          0xa c:/program files/microchip/xc16/v1.11/bin/bin/../../lib\libm-elf.a(deqltle.eo)
                  0x004090                  ___eqdf2
                  0x004090                  ___ltdf2
                  0x004090                  ___ledf2
 .libm.gtdf2      0x00409a          0xa c:/program files/microchip/xc16/v1.11/bin/bin/../../lib\libm-elf.a(dgtge.eo)
                  0x00409a                  ___gtdf2
                  0x00409a                  ___gedf2
 .libm.divdf3     0x0040a4         0xb4 c:/program files/microchip/xc16/v1.11/bin/bin/../../lib\libm-elf.a(divdf3.eo)
                  0x0040a4                  ___divdf3
 .libm.dpack      0x004158         0x58 c:/program files/microchip/xc16/v1.11/bin/bin/../../lib\libm-elf.a(dpack.eo)
                  0x004158                  __dpack
 .libm.dunpack2
                  0x0041b0         0x32 c:/program files/microchip/xc16/v1.11/bin/bin/../../lib\libm-elf.a(dunpack2.eo)
                  0x0041b0                  __dunpack2
                  0x0041d2                  __dreturnNaN
                  0x0041d8                  __dunpack2exit
 .libm.extendsfdf2
                  0x0041e2         0x3e c:/program files/microchip/xc16/v1.11/bin/bin/../../lib\libm-elf.a(extendsfdf.eo)
                  0x0041e2                  ___extendsfdf2
 .libm.fixdfsi    0x004220         0x58 c:/program files/microchip/xc16/v1.11/bin/bin/../../lib\libm-elf.a(fixdfsi.eo)
                  0x004220                  _(float, int, long long, double, float, short, int)
 .libm.floatsidf
                  0x004278          0x6 c:/program files/microchip/xc16/v1.11/bin/bin/../../lib\libm-elf.a(floatsidf.eo)
                  0x004278                  ___floatsidf
 .libm.modsi3     0x00427e         0x1e c:/program files/microchip/xc16/v1.11/bin/bin/../../lib\libm-elf.a(modsi3.eo)
                  0x00427e                  ___modsi3
 .libm.muldf3     0x00429c         0xea c:/program files/microchip/xc16/v1.11/bin/bin/../../lib\libm-elf.a(muldf3.eo)
                  0x00429c                  ___muldf3
 .libm.subdf3     0x004386          0x4 c:/program files/microchip/xc16/v1.11/bin/bin/../../lib\libm-elf.a(subdf3.eo)
                  0x004386                  ___subdf3
 .libm.mulsi3     0x00438a          0xc c:/program files/microchip/xc16/v1.11/bin/bin/../../lib\libm-elf.a(mulsi3.eo)
                  0x00438a                  ___mulp32peds3
                  0x00438a                  ___mulsi3
                  0x00438a                  ___mulp32eds3
 .libm.__PplusBdi.__PplusBdi
                  0x004396         0x28 c:/program files/microchip/xc16/v1.11/bin/bin/../../lib\libm-elf.a(divmoddi3.eo)
 .libm.__PminusBdi.__PminusBdi
                  0x0043be         0x30 c:/program files/microchip/xc16/v1.11/bin/bin/../../lib\libm-elf.a(divmoddi3.eo)
 .libm.__udivmoddi3.__udivmoddi3
                  0x0043ee         0xc4 c:/program files/microchip/xc16/v1.11/bin/bin/../../lib\libm-elf.a(divmoddi3.eo)
                  0x0043ee                  ___udivmoddi3
 .libm.__udivdi3.__udivdi3
                  0x0044b2          0xe c:/program files/microchip/xc16/v1.11/bin/bin/../../lib\libm-elf.a(divmoddi3.eo)
                  0x0044b2                  ___udivdi3
 .libm.__umoddi3.__umoddi3
                  0x0044c0          0x8 c:/program files/microchip/xc16/v1.11/bin/bin/../../lib\libm-elf.a(divmoddi3.eo)
                  0x0044c0                  ___umoddi3
 .libm.__divdi3.__divdi3
                  0x0044c8         0x66 c:/program files/microchip/xc16/v1.11/bin/bin/../../lib\libm-elf.a(divmoddi3.eo)
                  0x0044c8                  ___divdi3
 .libm.__moddi3.__moddi3
                  0x00452e         0x5c c:/program files/microchip/xc16/v1.11/bin/bin/../../lib\libm-elf.a(divmoddi3.eo)
                  0x00452e                  ___moddi3
 .libm.__muldi3.__muldi3
                  0x00458a         0x52 c:/program files/microchip/xc16/v1.11/bin/bin/../../lib\libm-elf.a(muldi3.eo)
                  0x00458a                  ___muldi3
 .libm.adddf3     0x0045dc         0xfa c:/program files/microchip/xc16/v1.11/bin/bin/../../lib\libm-elf.a(adddf3.eo)
                  0x0045dc                  ___adddf3
 .libm.dcompare
                  0x0046d6         0x52 c:/program files/microchip/xc16/v1.11/bin/bin/../../lib\libm-elf.a(dcompare.eo)
                  0x0046d6                  __dcompare
 .libm.dPropagateNaN
                  0x004728         0x1c c:/program files/microchip/xc16/v1.11/bin/bin/../../lib\libm-elf.a(dpropagateNaN.eo)
                  0x004728                  __dPropagateNaN
 .libm.dtype      0x004744         0x24 c:/program files/microchip/xc16/v1.11/bin/bin/../../lib\libm-elf.a(dtype.eo)
                  0x004744                  __dtype
 .libm.dunpack    0x004768         0x4e c:/program files/microchip/xc16/v1.11/bin/bin/../../lib\libm-elf.a(dunpack.eo)
                  0x004768                  __dunpack
 .libm.floatdidf
                  0x0047b6         0x20 c:/program files/microchip/xc16/v1.11/bin/bin/../../lib\libm-elf.a(floatdidf.eo)
                  0x0047b6                  ___floatdidf
 .libm.floatundidf
                  0x0047d6         0x56 c:/program files/microchip/xc16/v1.11/bin/bin/../../lib\libm-elf.a(floatundidf.eo)
                  0x0047d6                  ___floatundidf
 .libm.umuldi3    0x00482c         0x44 c:/program files/microchip/xc16/v1.11/bin/bin/../../lib\libm-elf.a(umuldi3.eo)
                  0x00482c                  ___umuldi3

usercode
 *(usercode)

__CONFIG4
 *(__CONFIG4.sec)

__CONFIG3         0x02abfa          0x2
 *(__CONFIG3.sec)
 __CONFIG3.sec    0x02abfa          0x2 build/default/debug/_ext/1472/main.o

__CONFIG2         0x02abfc          0x2
 *(__CONFIG2.sec)
 __CONFIG2.sec    0x02abfc          0x2 build/default/debug/_ext/1472/main.o

__CONFIG1         0x02abfe          0x2
 *(__CONFIG1.sec)
 __CONFIG1.sec    0x02abfe          0x2 build/default/debug/_ext/1472/main.o

.icd                0x0800         0x50
                    0x0850                  . = (. + DEFINED (__ICD2RAM)?0x50:0x0)
 *fill*             0x0800         0x5000

.comment          0x000000         0x5e
 *(.comment)
 .comment         0x000000         0x5e c:/program files/microchip/xc16/v1.11/bin/bin/../../lib\liblega-c-elf.a(xfiles.XXeo)

.debug_info       0x000000      0x65fcf
 *(.debug_info)
 .debug_info      0x000000        0x75d build/default/debug/_ext/1360920944/SST39LF400.o
 .debug_info      0x00075d        0x22f build/default/debug/_ext/1360920944/TimeDelay.o
 .debug_info      0x00098c        0x918 build/default/debug/_ext/1360920944/MCP23S08.o
 .debug_info      0x0012a4        0x7c0 build/default/debug/_ext/1360920944/board.o
 .debug_info      0x001a64        0xdd8 build/default/debug/_ext/1360920944/SST25VF016.o
 .debug_info      0x00283c        0x398 build/default/debug/_ext/1360920944/MCP4822.o
 .debug_info      0x002bd4        0xa32 build/default/debug/_ext/1360920944/PCF2123.o
 .debug_info      0x003606       0x1130 build/default/debug/_ext/1360920944/TouchScreenAR1020.o
 .debug_info      0x004736       0x6177 build/default/debug/_ext/1268784391/drv_gfx_da210.o
 .debug_info      0x00a8ad        0x23f build/default/debug/_ext/1268784391/drv_gfx_da210_buffer.o
 .debug_info      0x00aaec        0x6c7 build/default/debug/_ext/798298840/comm_pkt_callback.o
 .debug_info      0x00b1b3        0x4fa build/default/debug/_ext/798298840/comm_pkt.o
 .debug_info      0x00b6ad        0xcdc build/default/debug/_ext/798298840/flash_programmer.o
 .debug_info      0x00c389        0x2bd build/default/debug/_ext/1111096632/heap_1.o
 .debug_info      0x00c646        0xaf3 build/default/debug/_ext/771517865/port.o
 .debug_info      0x00d139         0xc1 build/default/debug/_ext/771517865/portasm_PIC24.o
 .debug_info      0x00d1fa       0x1308 build/default/debug/_ext/1840719093/tasks.o
 .debug_info      0x00e502        0x8d8 build/default/debug/_ext/1840719093/croutine.o
 .debug_info      0x00edda        0xa9a build/default/debug/_ext/1840719093/timers.o
 .debug_info      0x00f874        0xaa9 build/default/debug/_ext/1840719093/queue.o
 .debug_info      0x01031d       0x2c07 build/default/debug/_ext/2044251986/gfx_gol.o
 .debug_info      0x012f24       0x255b build/default/debug/_ext/2044251986/gfx_gol_button.o
 .debug_info      0x01547f       0x226c build/default/debug/_ext/2044251986/gfx_gol_check_box.o
 .debug_info      0x0176eb       0x2390 build/default/debug/_ext/2044251986/gfx_gol_digital_meter.o
 .debug_info      0x019a7b       0x217d build/default/debug/_ext/2044251986/gfx_gol_edit_box.o
 .debug_info      0x01bbf8       0x21fd build/default/debug/_ext/2044251986/gfx_gol_group_box.o
 .debug_info      0x01ddf5       0x28b2 build/default/debug/_ext/2044251986/gfx_gol_list_box.o
 .debug_info      0x0206a7       0x2d0a build/default/debug/_ext/2044251986/gfx_gol_meter.o
 .debug_info      0x0233b1       0x220c build/default/debug/_ext/2044251986/gfx_gol_picture.o
 .debug_info      0x0255bd       0x2272 build/default/debug/_ext/2044251986/gfx_gol_progress_bar.o
 .debug_info      0x02782f       0x257b build/default/debug/_ext/2044251986/gfx_gol_radio_button.o
 .debug_info      0x029daa        0xff2 build/default/debug/_ext/2044251986/gfx_gol_scheme_default.o
 .debug_info      0x02ad9c       0x2812 build/default/debug/_ext/2044251986/gfx_gol_scroll_bar.o
 .debug_info      0x02d5ae       0x219d build/default/debug/_ext/2044251986/gfx_gol_static_text.o
 .debug_info      0x02f74b       0x2c63 build/default/debug/_ext/2044251986/gfx_gol_text_entry.o
 .debug_info      0x0323ae       0x22df build/default/debug/_ext/2044251986/gfx_gol_window.o
 .debug_info      0x03468d        0x158 build/default/debug/_ext/2044251986/gfx_palette.o
 .debug_info      0x0347e5       0x6894 build/default/debug/_ext/2044251986/gfx_primitive.o
 .debug_info      0x03b079        0x541 build/default/debug/_ext/1724691511/BlockQ.o
 .debug_info      0x03b5ba        0x3ef build/default/debug/_ext/1724691511/blocktim.o
 .debug_info      0x03b9a9        0x2ef build/default/debug/_ext/1724691511/comtest.o
 .debug_info      0x03bc98        0x2c6 build/default/debug/_ext/1724691511/integer.o
 .debug_info      0x03bf5e        0x54f build/default/debug/_ext/1063401512/drv_touch_screen.o
 .debug_info      0x03c4ad       0x222c build/default/debug/_ext/1472/main.o
 .debug_info      0x03e6d9        0x40e build/default/debug/_ext/1840719093/list.o
 .debug_info      0x03eae7        0x22c build/default/debug/_ext/809743516/ParTest.o
 .debug_info      0x03ed13        0x55b build/default/debug/_ext/1472/lcd.o
 .debug_info      0x03f26e       0x1120 build/default/debug/_ext/1472/taskTouchScreen.o
 .debug_info      0x04038e       0x224e build/default/debug/_ext/1472/taskGraphics.o
 .debug_info      0x0425dc       0x1c5b build/default/debug/_ext/1472/GDD_Screens.o
 .debug_info      0x044237        0xed0 build/default/debug/_ext/1472/osapi.o
 .debug_info      0x045107       0x27b5 build/default/debug/_ext/1472/GDD_Intro.o
 .debug_info      0x0478bc       0x1249 build/default/debug/_ext/1472/beep.o
 .debug_info      0x048b05       0x2e33 build/default/debug/_ext/1472/GDD_Clear.o
 .debug_info      0x04b938       0x1211 build/default/debug/_ext/638940289/new.o
 .debug_info      0x04cb49        0xb28 build/default/debug/_ext/1472/usb_callback.o
 .debug_info      0x04d671        0xa42 build/default/debug/_ext/1472/usb_descriptors.o
 .debug_info      0x04e0b3       0x2901 build/default/debug/_ext/1472/usb_device.o
 .debug_info      0x0509b4        0xaad build/default/debug/_ext/1472/taskBackground.o
 .debug_info      0x051461       0x29e4 build/default/debug/_ext/1472/stmotor.o
 .debug_info      0x053e45       0x1960 build/default/debug/_ext/1472/air_det.o
 .debug_info      0x0557a5        0x8d4 build/default/debug/_ext/1472/clock.o
 .debug_info      0x056079        0x95f build/default/debug/_ext/1472/keypad.o
 .debug_info      0x0569d8        0xe80 build/default/debug/_ext/1472/taskSPI.o
 .debug_info      0x057858       0x124b build/default/debug/_ext/1472/taskControl.o
 .debug_info      0x058aa3        0xf42 build/default/debug/_ext/1472/taskCalc.o
 .debug_info      0x0599e5        0x4ec build/default/debug/_ext/1472/taskUSB.o
 .debug_info      0x059ed1        0xb7f build/default/debug/_ext/1472/com.o
 .debug_info      0x05aa50        0x293 build/default/debug/_ext/1472/val_conv.o
 .debug_info      0x05ace3       0x1579 build/default/debug/_ext/1472/taskUART.o
 .debug_info      0x05c25c       0x15fa build/default/debug/_ext/1472/usb_device_cdc.o
 .debug_info      0x05d856        0x5f7 build/default/debug/_ext/1472/usb_hal_pic24f.o
 .debug_info      0x05de4d       0x2ade build/default/debug/_ext/1057314724/system.o
 .debug_info      0x06092b        0xc55 build/default/debug/_ext/1472/resource.o
 .debug_info      0x061580        0x12b build/default/debug/_ext/1472/mathutil.o
 .debug_info      0x0616ab       0x1035 build/default/debug/_ext/1472/GDD_SetProg.o
 .debug_info      0x0626e0       0x1095 build/default/debug/_ext/1472/GDD_SetDrug.o
 .debug_info      0x063775       0x1709 build/default/debug/_ext/1472/GDD_Alarm.o
 .debug_info      0x064e7e        0x6da c:/program files/microchip/xc16/v1.11/bin/bin/../../lib/PIC24F\libpPIC24Fxxx-elf.a(CloseSPI1.o)
 .debug_info      0x065558        0x20d c:/program files/microchip/xc16/v1.11/bin/bin/../../lib/PIC24F\libpPIC24Fxxx-elf.a(OpenSPI1.o)
 .debug_info      0x065765        0x508 c:/program files/microchip/xc16/v1.11/bin/bin/../../lib/PIC24F\libpPIC24Fxxx-elf.a(ReadSPI1.o)
 .debug_info      0x065c6d        0x362 c:/program files/microchip/xc16/v1.11/bin/bin/../../lib/PIC24F\libpPIC24Fxxx-elf.a(WriteSPI1.o)
 *(.gnu.linkonce.wi.*)

.debug_abbrev     0x000000       0x89b6
 *(.debug_abbrev)
 .debug_abbrev    0x000000        0x1fc build/default/debug/_ext/1360920944/SST39LF400.o
 .debug_abbrev    0x0001fc         0x68 build/default/debug/_ext/1360920944/TimeDelay.o
 .debug_abbrev    0x000264        0x16f build/default/debug/_ext/1360920944/MCP23S08.o
 .debug_abbrev    0x0003d3         0xe7 build/default/debug/_ext/1360920944/board.o
 .debug_abbrev    0x0004ba        0x1e1 build/default/debug/_ext/1360920944/SST25VF016.o
 .debug_abbrev    0x00069b         0xc7 build/default/debug/_ext/1360920944/MCP4822.o
 .debug_abbrev    0x000762        0x1cf build/default/debug/_ext/1360920944/PCF2123.o
 .debug_abbrev    0x000931        0x23c build/default/debug/_ext/1360920944/TouchScreenAR1020.o
 .debug_abbrev    0x000b6d        0x313 build/default/debug/_ext/1268784391/drv_gfx_da210.o
 .debug_abbrev    0x000e80         0x58 build/default/debug/_ext/1268784391/drv_gfx_da210_buffer.o
 .debug_abbrev    0x000ed8        0x199 build/default/debug/_ext/798298840/comm_pkt_callback.o
 .debug_abbrev    0x001071        0x157 build/default/debug/_ext/798298840/comm_pkt.o
 .debug_abbrev    0x0011c8        0x21e build/default/debug/_ext/798298840/flash_programmer.o
 .debug_abbrev    0x0013e6         0xe2 build/default/debug/_ext/1111096632/heap_1.o
 .debug_abbrev    0x0014c8        0x1e1 build/default/debug/_ext/771517865/port.o
 .debug_abbrev    0x0016a9         0x14 build/default/debug/_ext/771517865/portasm_PIC24.o
 .debug_abbrev    0x0016bd        0x1b7 build/default/debug/_ext/1840719093/tasks.o
 .debug_abbrev    0x001874        0x1dd build/default/debug/_ext/1840719093/croutine.o
 .debug_abbrev    0x001a51        0x170 build/default/debug/_ext/1840719093/timers.o
 .debug_abbrev    0x001bc1        0x17e build/default/debug/_ext/1840719093/queue.o
 .debug_abbrev    0x001d3f        0x33d build/default/debug/_ext/2044251986/gfx_gol.o
 .debug_abbrev    0x00207c        0x2d3 build/default/debug/_ext/2044251986/gfx_gol_button.o
 .debug_abbrev    0x00234f        0x29d build/default/debug/_ext/2044251986/gfx_gol_check_box.o
 .debug_abbrev    0x0025ec        0x26a build/default/debug/_ext/2044251986/gfx_gol_digital_meter.o
 .debug_abbrev    0x002856        0x261 build/default/debug/_ext/2044251986/gfx_gol_edit_box.o
 .debug_abbrev    0x002ab7        0x25e build/default/debug/_ext/2044251986/gfx_gol_group_box.o
 .debug_abbrev    0x002d15        0x282 build/default/debug/_ext/2044251986/gfx_gol_list_box.o
 .debug_abbrev    0x002f97        0x2e9 build/default/debug/_ext/2044251986/gfx_gol_meter.o
 .debug_abbrev    0x003280        0x27d build/default/debug/_ext/2044251986/gfx_gol_picture.o
 .debug_abbrev    0x0034fd        0x250 build/default/debug/_ext/2044251986/gfx_gol_progress_bar.o
 .debug_abbrev    0x00374d        0x2ae build/default/debug/_ext/2044251986/gfx_gol_radio_button.o
 .debug_abbrev    0x0039fb        0x12d build/default/debug/_ext/2044251986/gfx_gol_scheme_default.o
 .debug_abbrev    0x003b28        0x262 build/default/debug/_ext/2044251986/gfx_gol_scroll_bar.o
 .debug_abbrev    0x003d8a        0x25a build/default/debug/_ext/2044251986/gfx_gol_static_text.o
 .debug_abbrev    0x003fe4        0x285 build/default/debug/_ext/2044251986/gfx_gol_text_entry.o
 .debug_abbrev    0x004269        0x289 build/default/debug/_ext/2044251986/gfx_gol_window.o
 .debug_abbrev    0x0044f2         0x1f build/default/debug/_ext/2044251986/gfx_palette.o
 .debug_abbrev    0x004511        0x355 build/default/debug/_ext/2044251986/gfx_primitive.o
 .debug_abbrev    0x004866        0x119 build/default/debug/_ext/1724691511/BlockQ.o
 .debug_abbrev    0x00497f         0xec build/default/debug/_ext/1724691511/blocktim.o
 .debug_abbrev    0x004a6b         0x93 build/default/debug/_ext/1724691511/comtest.o
 .debug_abbrev    0x004afe         0xb8 build/default/debug/_ext/1724691511/integer.o
 .debug_abbrev    0x004bb6        0x102 build/default/debug/_ext/1063401512/drv_touch_screen.o
 .debug_abbrev    0x004cb8        0x358 build/default/debug/_ext/1472/main.o
 .debug_abbrev    0x005010         0xd8 build/default/debug/_ext/1840719093/list.o
 .debug_abbrev    0x0050e8         0x81 build/default/debug/_ext/809743516/ParTest.o
 .debug_abbrev    0x005169         0xef build/default/debug/_ext/1472/lcd.o
 .debug_abbrev    0x005258        0x243 build/default/debug/_ext/1472/taskTouchScreen.o
 .debug_abbrev    0x00549b        0x257 build/default/debug/_ext/1472/taskGraphics.o
 .debug_abbrev    0x0056f2          0x1 build/default/debug/_ext/1472/smallfont.o
 .debug_abbrev    0x0056f3          0x1 build/default/debug/_ext/1472/medfont.o
 .debug_abbrev    0x0056f4        0x261 build/default/debug/_ext/1472/GDD_Screens.o
 .debug_abbrev    0x005955        0x22d build/default/debug/_ext/1472/osapi.o
 .debug_abbrev    0x005b82        0x22e build/default/debug/_ext/1472/GDD_Intro.o
 .debug_abbrev    0x005db0        0x1c3 build/default/debug/_ext/1472/beep.o
 .debug_abbrev    0x005f73        0x29b build/default/debug/_ext/1472/GDD_Clear.o
 .debug_abbrev    0x00620e        0x13e build/default/debug/_ext/638940289/new.o
 .debug_abbrev    0x00634c        0x1b3 build/default/debug/_ext/1472/usb_callback.o
 .debug_abbrev    0x0064ff        0x124 build/default/debug/_ext/1472/usb_descriptors.o
 .debug_abbrev    0x006623        0x2bc build/default/debug/_ext/1472/usb_device.o
 .debug_abbrev    0x0068df        0x1c6 build/default/debug/_ext/1472/taskBackground.o
 .debug_abbrev    0x006aa5        0x231 build/default/debug/_ext/1472/stmotor.o
 .debug_abbrev    0x006cd6        0x1a8 build/default/debug/_ext/1472/air_det.o
 .debug_abbrev    0x006e7e        0x14f build/default/debug/_ext/1472/clock.o
 .debug_abbrev    0x006fcd        0x150 build/default/debug/_ext/1472/keypad.o
 .debug_abbrev    0x00711d        0x1c0 build/default/debug/_ext/1472/taskSPI.o
 .debug_abbrev    0x0072dd        0x1c3 build/default/debug/_ext/1472/taskControl.o
 .debug_abbrev    0x0074a0        0x1ff build/default/debug/_ext/1472/taskCalc.o
 .debug_abbrev    0x00769f        0x12a build/default/debug/_ext/1472/taskUSB.o
 .debug_abbrev    0x0077c9        0x16c build/default/debug/_ext/1472/com.o
 .debug_abbrev    0x007935         0xa2 build/default/debug/_ext/1472/val_conv.o
 .debug_abbrev    0x0079d7        0x1d0 build/default/debug/_ext/1472/taskUART.o
 .debug_abbrev    0x007ba7        0x25f build/default/debug/_ext/1472/usb_device_cdc.o
 .debug_abbrev    0x007e06         0xa1 build/default/debug/_ext/1472/usb_hal_pic24f.o
 .debug_abbrev    0x007ea7        0x25f build/default/debug/_ext/1057314724/system.o
 .debug_abbrev    0x008106        0x14c build/default/debug/_ext/1472/resource.o
 .debug_abbrev    0x008252         0x5f build/default/debug/_ext/1472/mathutil.o
 .debug_abbrev    0x0082b1        0x150 build/default/debug/_ext/1472/GDD_SetProg.o
 .debug_abbrev    0x008401        0x161 build/default/debug/_ext/1472/GDD_SetDrug.o
 .debug_abbrev    0x008562        0x1c7 build/default/debug/_ext/1472/GDD_Alarm.o
 .debug_abbrev    0x008729         0xa7 c:/program files/microchip/xc16/v1.11/bin/bin/../../lib/PIC24F\libpPIC24Fxxx-elf.a(CloseSPI1.o)
 .debug_abbrev    0x0087d0         0x5f c:/program files/microchip/xc16/v1.11/bin/bin/../../lib/PIC24F\libpPIC24Fxxx-elf.a(OpenSPI1.o)
 .debug_abbrev    0x00882f         0xbc c:/program files/microchip/xc16/v1.11/bin/bin/../../lib/PIC24F\libpPIC24Fxxx-elf.a(ReadSPI1.o)
 .debug_abbrev    0x0088eb         0xcb c:/program files/microchip/xc16/v1.11/bin/bin/../../lib/PIC24F\libpPIC24Fxxx-elf.a(WriteSPI1.o)

.debug_line       0x000000      0x23ebc
 *(.debug_line)
 .debug_line      0x000000        0x46b build/default/debug/_ext/1360920944/SST39LF400.o
 .debug_line      0x00046b        0x12e build/default/debug/_ext/1360920944/TimeDelay.o
 .debug_line      0x000599        0x384 build/default/debug/_ext/1360920944/MCP23S08.o
 .debug_line      0x00091d        0x20e build/default/debug/_ext/1360920944/board.o
 .debug_line      0x000b2b        0x7d0 build/default/debug/_ext/1360920944/SST25VF016.o
 .debug_line      0x0012fb        0x10a build/default/debug/_ext/1360920944/MCP4822.o
 .debug_line      0x001405        0x52f build/default/debug/_ext/1360920944/PCF2123.o
 .debug_line      0x001934        0x732 build/default/debug/_ext/1360920944/TouchScreenAR1020.o
 .debug_line      0x002066       0x341a build/default/debug/_ext/1268784391/drv_gfx_da210.o
 .debug_line      0x005480         0xa9 build/default/debug/_ext/1268784391/drv_gfx_da210_buffer.o
 .debug_line      0x005529        0x25a build/default/debug/_ext/798298840/comm_pkt_callback.o
 .debug_line      0x005783        0x2c4 build/default/debug/_ext/798298840/comm_pkt.o
 .debug_line      0x005a47        0x3e2 build/default/debug/_ext/798298840/flash_programmer.o
 .debug_line      0x005e29        0x17a build/default/debug/_ext/1111096632/heap_1.o
 .debug_line      0x005fa3        0x37b build/default/debug/_ext/771517865/port.o
 .debug_line      0x00631e         0x8e build/default/debug/_ext/771517865/portasm_PIC24.o
 .debug_line      0x0063ac        0xd8a build/default/debug/_ext/1840719093/tasks.o
 .debug_line      0x007136        0x4b0 build/default/debug/_ext/1840719093/croutine.o
 .debug_line      0x0075e6        0x658 build/default/debug/_ext/1840719093/timers.o
 .debug_line      0x007c3e        0x97a build/default/debug/_ext/1840719093/queue.o
 .debug_line      0x0085b8       0x188e build/default/debug/_ext/2044251986/gfx_gol.o
 .debug_line      0x009e46        0xc4a build/default/debug/_ext/2044251986/gfx_gol_button.o
 .debug_line      0x00aa90        0x858 build/default/debug/_ext/2044251986/gfx_gol_check_box.o
 .debug_line      0x00b2e8        0x881 build/default/debug/_ext/2044251986/gfx_gol_digital_meter.o
 .debug_line      0x00bb69        0x714 build/default/debug/_ext/2044251986/gfx_gol_edit_box.o
 .debug_line      0x00c27d        0x97a build/default/debug/_ext/2044251986/gfx_gol_group_box.o
 .debug_line      0x00cbf7        0xd9c build/default/debug/_ext/2044251986/gfx_gol_list_box.o
 .debug_line      0x00d993       0x14cd build/default/debug/_ext/2044251986/gfx_gol_meter.o
 .debug_line      0x00ee60        0x64e build/default/debug/_ext/2044251986/gfx_gol_picture.o
 .debug_line      0x00f4ae        0x9ef build/default/debug/_ext/2044251986/gfx_gol_progress_bar.o
 .debug_line      0x00fe9d        0x936 build/default/debug/_ext/2044251986/gfx_gol_radio_button.o
 .debug_line      0x0107d3        0x126 build/default/debug/_ext/2044251986/gfx_gol_scheme_default.o
 .debug_line      0x0108f9       0x101e build/default/debug/_ext/2044251986/gfx_gol_scroll_bar.o
 .debug_line      0x011917        0x5f3 build/default/debug/_ext/2044251986/gfx_gol_static_text.o
 .debug_line      0x011f0a       0x1225 build/default/debug/_ext/2044251986/gfx_gol_text_entry.o
 .debug_line      0x01312f        0x784 build/default/debug/_ext/2044251986/gfx_gol_window.o
 .debug_line      0x0138b3         0x24 build/default/debug/_ext/2044251986/gfx_palette.o
 .debug_line      0x0138d7       0x58a5 build/default/debug/_ext/2044251986/gfx_primitive.o
 .debug_line      0x01917c        0x351 build/default/debug/_ext/1724691511/BlockQ.o
 .debug_line      0x0194cd        0x4f1 build/default/debug/_ext/1724691511/blocktim.o
 .debug_line      0x0199be        0x236 build/default/debug/_ext/1724691511/comtest.o
 .debug_line      0x019bf4        0x171 build/default/debug/_ext/1724691511/integer.o
 .debug_line      0x019d65        0x2f2 build/default/debug/_ext/1063401512/drv_touch_screen.o
 .debug_line      0x01a057        0x6ce build/default/debug/_ext/1472/main.o
 .debug_line      0x01a725        0x25e build/default/debug/_ext/1840719093/list.o
 .debug_line      0x01a983        0x162 build/default/debug/_ext/809743516/ParTest.o
 .debug_line      0x01aae5        0x19e build/default/debug/_ext/1472/lcd.o
 .debug_line      0x01ac83        0x483 build/default/debug/_ext/1472/taskTouchScreen.o
 .debug_line      0x01b106        0x565 build/default/debug/_ext/1472/taskGraphics.o
 .debug_line      0x01b66b         0x24 build/default/debug/_ext/1472/smallfont.o
 .debug_line      0x01b68f         0x24 build/default/debug/_ext/1472/medfont.o
 .debug_line      0x01b6b3        0x71e build/default/debug/_ext/1472/GDD_Screens.o
 .debug_line      0x01bdd1        0x588 build/default/debug/_ext/1472/osapi.o
 .debug_line      0x01c359        0x524 build/default/debug/_ext/1472/GDD_Intro.o
 .debug_line      0x01c87d        0x267 build/default/debug/_ext/1472/beep.o
 .debug_line      0x01cae4        0xf3f build/default/debug/_ext/1472/GDD_Clear.o
 .debug_line      0x01da23         0xe6 build/default/debug/_ext/638940289/new.o
 .debug_line      0x01db09        0x367 build/default/debug/_ext/1472/usb_callback.o
 .debug_line      0x01de70         0xb9 build/default/debug/_ext/1472/usb_descriptors.o
 .debug_line      0x01df29       0x134f build/default/debug/_ext/1472/usb_device.o
 .debug_line      0x01f278        0x577 build/default/debug/_ext/1472/taskBackground.o
 .debug_line      0x01f7ef        0x75a build/default/debug/_ext/1472/stmotor.o
 .debug_line      0x01ff49        0x4c0 build/default/debug/_ext/1472/air_det.o
 .debug_line      0x020409        0x216 build/default/debug/_ext/1472/clock.o
 .debug_line      0x02061f        0x577 build/default/debug/_ext/1472/keypad.o
 .debug_line      0x020b96        0x480 build/default/debug/_ext/1472/taskSPI.o
 .debug_line      0x021016        0x456 build/default/debug/_ext/1472/taskControl.o
 .debug_line      0x02146c        0x897 build/default/debug/_ext/1472/taskCalc.o
 .debug_line      0x021d03        0x296 build/default/debug/_ext/1472/taskUSB.o
 .debug_line      0x021f99        0x3ee build/default/debug/_ext/1472/com.o
 .debug_line      0x022387        0x1ab build/default/debug/_ext/1472/val_conv.o
 .debug_line      0x022532        0x521 build/default/debug/_ext/1472/taskUART.o
 .debug_line      0x022a53        0x5f0 build/default/debug/_ext/1472/usb_device_cdc.o
 .debug_line      0x023043        0x135 build/default/debug/_ext/1472/usb_hal_pic24f.o
 .debug_line      0x023178        0x3ae build/default/debug/_ext/1057314724/system.o
 .debug_line      0x023526         0xd8 build/default/debug/_ext/1472/resource.o
 .debug_line      0x0235fe         0x1a build/default/debug/_ext/1472/res.o
 .debug_line      0x023618         0xa7 build/default/debug/_ext/1472/mathutil.o
 .debug_line      0x0236bf        0x13c build/default/debug/_ext/1472/GDD_SetProg.o
 .debug_line      0x0237fb        0x13c build/default/debug/_ext/1472/GDD_SetDrug.o
 .debug_line      0x023937        0x34b build/default/debug/_ext/1472/GDD_Alarm.o
 .debug_line      0x023c82         0x8d c:/program files/microchip/xc16/v1.11/bin/bin/../../lib/PIC24F\libpPIC24Fxxx-elf.a(CloseSPI1.o)
 .debug_line      0x023d0f         0x8c c:/program files/microchip/xc16/v1.11/bin/bin/../../lib/PIC24F\libpPIC24Fxxx-elf.a(OpenSPI1.o)
 .debug_line      0x023d9b         0x94 c:/program files/microchip/xc16/v1.11/bin/bin/../../lib/PIC24F\libpPIC24Fxxx-elf.a(ReadSPI1.o)
 .debug_line      0x023e2f         0x8d c:/program files/microchip/xc16/v1.11/bin/bin/../../lib/PIC24F\libpPIC24Fxxx-elf.a(WriteSPI1.o)

.debug_frame      0x000000       0x3ca8
 *(.debug_frame)
 .debug_frame     0x000000         0xc4 build/default/debug/_ext/1360920944/SST39LF400.o
 .debug_frame     0x0000c4         0x34 build/default/debug/_ext/1360920944/TimeDelay.o
 .debug_frame     0x0000f8         0xc4 build/default/debug/_ext/1360920944/MCP23S08.o
 .debug_frame     0x0001bc         0x54 build/default/debug/_ext/1360920944/board.o
 .debug_frame     0x000210         0xa4 build/default/debug/_ext/1360920944/SST25VF016.o
 .debug_frame     0x0002b4         0x24 build/default/debug/_ext/1360920944/MCP4822.o
 .debug_frame     0x0002d8         0x94 build/default/debug/_ext/1360920944/PCF2123.o
 .debug_frame     0x00036c        0x114 build/default/debug/_ext/1360920944/TouchScreenAR1020.o
 .debug_frame     0x000480        0x3a0 build/default/debug/_ext/1268784391/drv_gfx_da210.o
 .debug_frame     0x000820         0x44 build/default/debug/_ext/798298840/comm_pkt_callback.o
 .debug_frame     0x000864         0x94 build/default/debug/_ext/798298840/comm_pkt.o
 .debug_frame     0x0008f8         0x54 build/default/debug/_ext/798298840/flash_programmer.o
 .debug_frame     0x00094c         0x54 build/default/debug/_ext/1111096632/heap_1.o
 .debug_frame     0x0009a0         0x84 build/default/debug/_ext/771517865/port.o
 .debug_frame     0x000a24        0x214 build/default/debug/_ext/1840719093/tasks.o
 .debug_frame     0x000c38         0x84 build/default/debug/_ext/1840719093/croutine.o
 .debug_frame     0x000cbc         0xf4 build/default/debug/_ext/1840719093/timers.o
 .debug_frame     0x000db0        0x124 build/default/debug/_ext/1840719093/queue.o
 .debug_frame     0x000ed4        0x234 build/default/debug/_ext/2044251986/gfx_gol.o
 .debug_frame     0x001108         0xc0 build/default/debug/_ext/2044251986/gfx_gol_button.o
 .debug_frame     0x0011c8         0xcc build/default/debug/_ext/2044251986/gfx_gol_check_box.o
 .debug_frame     0x001294         0x84 build/default/debug/_ext/2044251986/gfx_gol_digital_meter.o
 .debug_frame     0x001318         0xb0 build/default/debug/_ext/2044251986/gfx_gol_edit_box.o
 .debug_frame     0x0013c8         0x74 build/default/debug/_ext/2044251986/gfx_gol_group_box.o
 .debug_frame     0x00143c        0x100 build/default/debug/_ext/2044251986/gfx_gol_list_box.o
 .debug_frame     0x00153c        0x110 build/default/debug/_ext/2044251986/gfx_gol_meter.o
 .debug_frame     0x00164c         0x90 build/default/debug/_ext/2044251986/gfx_gol_picture.o
 .debug_frame     0x0016dc         0xb0 build/default/debug/_ext/2044251986/gfx_gol_progress_bar.o
 .debug_frame     0x00178c         0xf8 build/default/debug/_ext/2044251986/gfx_gol_radio_button.o
 .debug_frame     0x001884        0x168 build/default/debug/_ext/2044251986/gfx_gol_scroll_bar.o
 .debug_frame     0x0019ec         0x84 build/default/debug/_ext/2044251986/gfx_gol_static_text.o
 .debug_frame     0x001a70        0x194 build/default/debug/_ext/2044251986/gfx_gol_text_entry.o
 .debug_frame     0x001c04         0xa0 build/default/debug/_ext/2044251986/gfx_gol_window.o
 .debug_frame     0x001ca4        0x6a4 build/default/debug/_ext/2044251986/gfx_primitive.o
 .debug_frame     0x002348         0x54 build/default/debug/_ext/1724691511/BlockQ.o
 .debug_frame     0x00239c         0x54 build/default/debug/_ext/1724691511/blocktim.o
 .debug_frame     0x0023f0         0x44 build/default/debug/_ext/1724691511/comtest.o
 .debug_frame     0x002434         0x44 build/default/debug/_ext/1724691511/integer.o
 .debug_frame     0x002478         0x44 build/default/debug/_ext/1063401512/drv_touch_screen.o
 .debug_frame     0x0024bc         0xc4 build/default/debug/_ext/1472/main.o
 .debug_frame     0x002580         0x64 build/default/debug/_ext/1840719093/list.o
 .debug_frame     0x0025e4         0x44 build/default/debug/_ext/809743516/ParTest.o
 .debug_frame     0x002628         0x44 build/default/debug/_ext/1472/lcd.o
 .debug_frame     0x00266c         0x64 build/default/debug/_ext/1472/taskTouchScreen.o
 .debug_frame     0x0026d0         0x74 build/default/debug/_ext/1472/taskGraphics.o
 .debug_frame     0x002744         0xa4 build/default/debug/_ext/1472/GDD_Screens.o
 .debug_frame     0x0027e8         0xb4 build/default/debug/_ext/1472/osapi.o
 .debug_frame     0x00289c         0xe8 build/default/debug/_ext/1472/GDD_Intro.o
 .debug_frame     0x002984         0x74 build/default/debug/_ext/1472/beep.o
 .debug_frame     0x0029f8        0x820 build/default/debug/_ext/1472/GDD_Clear.o
 .debug_frame     0x003218         0xa4 build/default/debug/_ext/1472/usb_callback.o
 .debug_frame     0x0032bc        0x1b4 build/default/debug/_ext/1472/usb_device.o
 .debug_frame     0x003470         0x64 build/default/debug/_ext/1472/taskBackground.o
 .debug_frame     0x0034d4         0xb4 build/default/debug/_ext/1472/stmotor.o
 .debug_frame     0x003588         0x84 build/default/debug/_ext/1472/air_det.o
 .debug_frame     0x00360c         0x64 build/default/debug/_ext/1472/clock.o
 .debug_frame     0x003670         0x54 build/default/debug/_ext/1472/keypad.o
 .debug_frame     0x0036c4         0x54 build/default/debug/_ext/1472/taskSPI.o
 .debug_frame     0x003718         0x34 build/default/debug/_ext/1472/taskControl.o
 .debug_frame     0x00374c         0xc4 build/default/debug/_ext/1472/taskCalc.o
 .debug_frame     0x003810         0x24 build/default/debug/_ext/1472/taskUSB.o
 .debug_frame     0x003834         0x94 build/default/debug/_ext/1472/com.o
 .debug_frame     0x0038c8        0x128 build/default/debug/_ext/1472/val_conv.o
 .debug_frame     0x0039f0         0x84 build/default/debug/_ext/1472/taskUART.o
 .debug_frame     0x003a74         0x94 build/default/debug/_ext/1472/usb_device_cdc.o
 .debug_frame     0x003b08         0x24 build/default/debug/_ext/1472/usb_hal_pic24f.o
 .debug_frame     0x003b2c         0x64 build/default/debug/_ext/1057314724/system.o
 .debug_frame     0x003b90         0x24 build/default/debug/_ext/1472/mathutil.o
 .debug_frame     0x003bb4         0x64 build/default/debug/_ext/1472/GDD_Alarm.o
 .debug_frame     0x003c18         0x24 c:/program files/microchip/xc16/v1.11/bin/bin/../../lib/PIC24F\libpPIC24Fxxx-elf.a(CloseSPI1.o)
 .debug_frame     0x003c3c         0x24 c:/program files/microchip/xc16/v1.11/bin/bin/../../lib/PIC24F\libpPIC24Fxxx-elf.a(OpenSPI1.o)
 .debug_frame     0x003c60         0x24 c:/program files/microchip/xc16/v1.11/bin/bin/../../lib/PIC24F\libpPIC24Fxxx-elf.a(ReadSPI1.o)
 .debug_frame     0x003c84         0x24 c:/program files/microchip/xc16/v1.11/bin/bin/../../lib/PIC24F\libpPIC24Fxxx-elf.a(WriteSPI1.o)

.debug_str        0x000000       0x300b
 *(.debug_str)
 .debug_str       0x000000         0x20 build/default/debug/_ext/1360920944/SST39LF400.o
 .debug_str       0x000020         0x15 build/default/debug/_ext/1360920944/MCP23S08.o
 .debug_str       0x000035         0x47 build/default/debug/_ext/1360920944/board.o
 .debug_str       0x00007c         0x27 build/default/debug/_ext/1360920944/SST25VF016.o
 .debug_str       0x0000a3          0xd build/default/debug/_ext/1360920944/MCP4822.o
 .debug_str       0x0000b0         0x16 build/default/debug/_ext/1360920944/PCF2123.o
 .debug_str       0x0000c6         0x5a build/default/debug/_ext/1360920944/TouchScreenAR1020.o
 .debug_str       0x000120        0x329 build/default/debug/_ext/1268784391/drv_gfx_da210.o
 .debug_str       0x000449         0x54 build/default/debug/_ext/798298840/comm_pkt_callback.o
 .debug_str       0x00049d         0x33 build/default/debug/_ext/798298840/comm_pkt.o
 .debug_str       0x0004d0         0x70 build/default/debug/_ext/798298840/flash_programmer.o
 .debug_str       0x000540         0x45 build/default/debug/_ext/771517865/port.o
 .debug_str       0x000585        0x23f build/default/debug/_ext/1840719093/tasks.o
 .debug_str       0x0007c4        0x13f build/default/debug/_ext/1840719093/croutine.o
 .debug_str       0x000903         0xc9 build/default/debug/_ext/1840719093/timers.o
 .debug_str       0x0009cc         0xa5 build/default/debug/_ext/1840719093/queue.o
 .debug_str       0x000a71        0x113 build/default/debug/_ext/2044251986/gfx_gol.o
 .debug_str       0x000b84         0xc3 build/default/debug/_ext/2044251986/gfx_gol_button.o
 .debug_str       0x000c47         0x85 build/default/debug/_ext/2044251986/gfx_gol_check_box.o
 .debug_str       0x000ccc         0x8e build/default/debug/_ext/2044251986/gfx_gol_digital_meter.o
 .debug_str       0x000d5a         0x85 build/default/debug/_ext/2044251986/gfx_gol_edit_box.o
 .debug_str       0x000ddf         0x7c build/default/debug/_ext/2044251986/gfx_gol_group_box.o
 .debug_str       0x000e5b         0xac build/default/debug/_ext/2044251986/gfx_gol_list_box.o
 .debug_str       0x000f07         0xdc build/default/debug/_ext/2044251986/gfx_gol_meter.o
 .debug_str       0x000fe3         0x8c build/default/debug/_ext/2044251986/gfx_gol_picture.o
 .debug_str       0x00106f         0x72 build/default/debug/_ext/2044251986/gfx_gol_progress_bar.o
 .debug_str       0x0010e1         0x97 build/default/debug/_ext/2044251986/gfx_gol_radio_button.o
 .debug_str       0x001178         0x6a build/default/debug/_ext/2044251986/gfx_gol_scheme_default.o
 .debug_str       0x0011e2         0xaf build/default/debug/_ext/2044251986/gfx_gol_scroll_bar.o
 .debug_str       0x001291         0x7c build/default/debug/_ext/2044251986/gfx_gol_static_text.o
 .debug_str       0x00130d        0x102 build/default/debug/_ext/2044251986/gfx_gol_text_entry.o
 .debug_str       0x00140f         0x8e build/default/debug/_ext/2044251986/gfx_gol_window.o
 .debug_str       0x00149d        0x2c2 build/default/debug/_ext/2044251986/gfx_primitive.o
 .debug_str       0x00175f         0x3d build/default/debug/_ext/1724691511/BlockQ.o
 .debug_str       0x00179c         0x2c build/default/debug/_ext/1724691511/blocktim.o
 .debug_str       0x0017c8          0xd build/default/debug/_ext/1724691511/comtest.o
 .debug_str       0x0017d5         0x46 build/default/debug/_ext/1063401512/drv_touch_screen.o
 .debug_str       0x00181b         0xc0 build/default/debug/_ext/1472/main.o
 .debug_str       0x0018db         0x2b build/default/debug/_ext/1840719093/list.o
 .debug_str       0x001906          0x9 build/default/debug/_ext/809743516/ParTest.o
 .debug_str       0x00190f         0x1e build/default/debug/_ext/1472/lcd.o
 .debug_str       0x00192d         0xa1 build/default/debug/_ext/1472/taskTouchScreen.o
 .debug_str       0x0019ce         0xa6 build/default/debug/_ext/1472/taskGraphics.o
 .debug_str       0x001a74        0x12c build/default/debug/_ext/1472/GDD_Screens.o
 .debug_str       0x001ba0         0xd8 build/default/debug/_ext/1472/osapi.o
 .debug_str       0x001c78        0x115 build/default/debug/_ext/1472/GDD_Intro.o
 .debug_str       0x001d8d         0x62 build/default/debug/_ext/1472/beep.o
 .debug_str       0x001def        0x1f1 build/default/debug/_ext/1472/GDD_Clear.o
 .debug_str       0x001fe0         0x6a build/default/debug/_ext/638940289/new.o
 .debug_str       0x00204a         0x5b build/default/debug/_ext/1472/usb_callback.o
 .debug_str       0x0020a5         0x58 build/default/debug/_ext/1472/usb_descriptors.o
 .debug_str       0x0020fd        0x293 build/default/debug/_ext/1472/usb_device.o
 .debug_str       0x002390         0x68 build/default/debug/_ext/1472/taskBackground.o
 .debug_str       0x0023f8        0x1dd build/default/debug/_ext/1472/stmotor.o
 .debug_str       0x0025d5        0x102 build/default/debug/_ext/1472/air_det.o
 .debug_str       0x0026d7         0x25 build/default/debug/_ext/1472/clock.o
 .debug_str       0x0026fc         0x78 build/default/debug/_ext/1472/keypad.o
 .debug_str       0x002774         0x7b build/default/debug/_ext/1472/taskSPI.o
 .debug_str       0x0027ef         0xd1 build/default/debug/_ext/1472/taskControl.o
 .debug_str       0x0028c0        0x10d build/default/debug/_ext/1472/taskCalc.o
 .debug_str       0x0029cd         0x49 build/default/debug/_ext/1472/taskUSB.o
 .debug_str       0x002a16         0xa3 build/default/debug/_ext/1472/com.o
 .debug_str       0x002ab9         0x78 build/default/debug/_ext/1472/taskUART.o
 .debug_str       0x002b31         0xde build/default/debug/_ext/1472/usb_device_cdc.o
 .debug_str       0x002c0f         0x1e build/default/debug/_ext/1472/usb_hal_pic24f.o
 .debug_str       0x002c2d        0x119 build/default/debug/_ext/1057314724/system.o
 .debug_str       0x002d46         0x75 build/default/debug/_ext/1472/resource.o
 .debug_str       0x002dbb         0xaf build/default/debug/_ext/1472/GDD_SetProg.o
 .debug_str       0x002e6a         0xcb build/default/debug/_ext/1472/GDD_SetDrug.o
 .debug_str       0x002f35         0x75 build/default/debug/_ext/1472/GDD_Alarm.o
 .debug_str       0x002faa         0x1f c:/program files/microchip/xc16/v1.11/bin/bin/../../lib/PIC24F\libpPIC24Fxxx-elf.a(CloseSPI1.o)
 .debug_str       0x002fc9         0x1b c:/program files/microchip/xc16/v1.11/bin/bin/../../lib/PIC24F\libpPIC24Fxxx-elf.a(OpenSPI1.o)
 .debug_str       0x002fe4         0x1a c:/program files/microchip/xc16/v1.11/bin/bin/../../lib/PIC24F\libpPIC24Fxxx-elf.a(ReadSPI1.o)
 .debug_str       0x002ffe          0xd c:/program files/microchip/xc16/v1.11/bin/bin/../../lib/PIC24F\libpPIC24Fxxx-elf.a(WriteSPI1.o)

.debug_loc
 *(.debug_loc)

.debug_macinfo
 *(.debug_macinfo)

.debug_pubnames
                  0x000000       0x5a1d
 *(.debug_pubnames)
 .debug_pubnames
                  0x000000        0x111 build/default/debug/_ext/1360920944/SST39LF400.o
 .debug_pubnames
                  0x000111         0x2c build/default/debug/_ext/1360920944/TimeDelay.o
 .debug_pubnames
                  0x00013d        0x125 build/default/debug/_ext/1360920944/MCP23S08.o
 .debug_pubnames
                  0x000262         0x4d build/default/debug/_ext/1360920944/board.o
 .debug_pubnames
                  0x0002af         0xde build/default/debug/_ext/1360920944/SST25VF016.o
 .debug_pubnames
                  0x00038d         0x23 build/default/debug/_ext/1360920944/MCP4822.o
 .debug_pubnames
                  0x0003b0         0xa3 build/default/debug/_ext/1360920944/PCF2123.o
 .debug_pubnames
                  0x000453        0x1cb build/default/debug/_ext/1360920944/TouchScreenAR1020.o
 .debug_pubnames
                  0x00061e        0x31e build/default/debug/_ext/1268784391/drv_gfx_da210.o
 .debug_pubnames
                  0x00093c         0x67 build/default/debug/_ext/1268784391/drv_gfx_da210_buffer.o
 .debug_pubnames
                  0x0009a3         0x58 build/default/debug/_ext/798298840/comm_pkt_callback.o
 .debug_pubnames
                  0x0009fb         0xf6 build/default/debug/_ext/798298840/comm_pkt.o
 .debug_pubnames
                  0x000af1         0xe9 build/default/debug/_ext/798298840/flash_programmer.o
 .debug_pubnames
                  0x000bda         0x64 build/default/debug/_ext/1111096632/heap_1.o
 .debug_pubnames
                  0x000c3e         0xc0 build/default/debug/_ext/771517865/port.o
 .debug_pubnames
                  0x000cfe        0x4c5 build/default/debug/_ext/1840719093/tasks.o
 .debug_pubnames
                  0x0011c3        0x1f4 build/default/debug/_ext/1840719093/croutine.o
 .debug_pubnames
                  0x0013b7         0x84 build/default/debug/_ext/1840719093/timers.o
 .debug_pubnames
                  0x00143b        0x14a build/default/debug/_ext/1840719093/queue.o
 .debug_pubnames
                  0x001585        0x3ca build/default/debug/_ext/2044251986/gfx_gol.o
 .debug_pubnames
                  0x00194f         0xf6 build/default/debug/_ext/2044251986/gfx_gol_button.o
 .debug_pubnames
                  0x001a45         0xe8 build/default/debug/_ext/2044251986/gfx_gol_check_box.o
 .debug_pubnames
                  0x001b2d         0xd5 build/default/debug/_ext/2044251986/gfx_gol_digital_meter.o
 .debug_pubnames
                  0x001c02         0xd2 build/default/debug/_ext/2044251986/gfx_gol_edit_box.o
 .debug_pubnames
                  0x001cd4         0xca build/default/debug/_ext/2044251986/gfx_gol_group_box.o
 .debug_pubnames
                  0x001d9e        0x183 build/default/debug/_ext/2044251986/gfx_gol_list_box.o
 .debug_pubnames
                  0x001f21        0x178 build/default/debug/_ext/2044251986/gfx_gol_meter.o
 .debug_pubnames
                  0x002099         0xbe build/default/debug/_ext/2044251986/gfx_gol_picture.o
 .debug_pubnames
                  0x002157         0xe8 build/default/debug/_ext/2044251986/gfx_gol_progress_bar.o
 .debug_pubnames
                  0x00223f        0x13d build/default/debug/_ext/2044251986/gfx_gol_radio_button.o
 .debug_pubnames
                  0x00237c         0x27 build/default/debug/_ext/2044251986/gfx_gol_scheme_default.o
 .debug_pubnames
                  0x0023a3        0x20d build/default/debug/_ext/2044251986/gfx_gol_scroll_bar.o
 .debug_pubnames
                  0x0025b0         0xe4 build/default/debug/_ext/2044251986/gfx_gol_static_text.o
 .debug_pubnames
                  0x002694        0x21c build/default/debug/_ext/2044251986/gfx_gol_text_entry.o
 .debug_pubnames
                  0x0028b0         0xbe build/default/debug/_ext/2044251986/gfx_gol_window.o
 .debug_pubnames
                  0x00296e        0xab9 build/default/debug/_ext/2044251986/gfx_primitive.o
 .debug_pubnames
                  0x003427         0x52 build/default/debug/_ext/1724691511/BlockQ.o
 .debug_pubnames
                  0x003479         0x53 build/default/debug/_ext/1724691511/blocktim.o
 .debug_pubnames
                  0x0034cc         0x2c build/default/debug/_ext/1724691511/comtest.o
 .debug_pubnames
                  0x0034f8         0x52 build/default/debug/_ext/1724691511/integer.o
 .debug_pubnames
                  0x00354a         0x88 build/default/debug/_ext/1063401512/drv_touch_screen.o
 .debug_pubnames
                  0x0035d2        0x172 build/default/debug/_ext/1472/main.o
 .debug_pubnames
                  0x003744         0x71 build/default/debug/_ext/1840719093/list.o
 .debug_pubnames
                  0x0037b5         0x52 build/default/debug/_ext/809743516/ParTest.o
 .debug_pubnames
                  0x003807         0x85 build/default/debug/_ext/1472/lcd.o
 .debug_pubnames
                  0x00388c        0x11f build/default/debug/_ext/1472/taskTouchScreen.o
 .debug_pubnames
                  0x0039ab         0xb7 build/default/debug/_ext/1472/taskGraphics.o
 .debug_pubnames
                  0x003a62        0x218 build/default/debug/_ext/1472/GDD_Screens.o
 .debug_pubnames
                  0x003c7a        0x174 build/default/debug/_ext/1472/osapi.o
 .debug_pubnames
                  0x003dee         0xe8 build/default/debug/_ext/1472/GDD_Intro.o
 .debug_pubnames
                  0x003ed6         0xac build/default/debug/_ext/1472/beep.o
 .debug_pubnames
                  0x003f82        0x223 build/default/debug/_ext/1472/GDD_Clear.o
 .debug_pubnames
                  0x0041a5        0x37a build/default/debug/_ext/638940289/new.o
 .debug_pubnames
                  0x00451f        0x12b build/default/debug/_ext/1472/usb_callback.o
 .debug_pubnames
                  0x00464a         0xe7 build/default/debug/_ext/1472/usb_descriptors.o
 .debug_pubnames
                  0x004731        0x33a build/default/debug/_ext/1472/usb_device.o
 .debug_pubnames
                  0x004a6b         0x8a build/default/debug/_ext/1472/taskBackground.o
 .debug_pubnames
                  0x004af5        0x234 build/default/debug/_ext/1472/stmotor.o
 .debug_pubnames
                  0x004d29        0x1e9 build/default/debug/_ext/1472/air_det.o
 .debug_pubnames
                  0x004f12         0x63 build/default/debug/_ext/1472/clock.o
 .debug_pubnames
                  0x004f75         0x9b build/default/debug/_ext/1472/keypad.o
 .debug_pubnames
                  0x005010         0x99 build/default/debug/_ext/1472/taskSPI.o
 .debug_pubnames
                  0x0050a9         0xd8 build/default/debug/_ext/1472/taskControl.o
 .debug_pubnames
                  0x005181        0x21e build/default/debug/_ext/1472/taskCalc.o
 .debug_pubnames
                  0x00539f         0x39 build/default/debug/_ext/1472/taskUSB.o
 .debug_pubnames
                  0x0053d8         0xba build/default/debug/_ext/1472/com.o
 .debug_pubnames
                  0x005492         0x4c build/default/debug/_ext/1472/val_conv.o
 .debug_pubnames
                  0x0054de         0x97 build/default/debug/_ext/1472/taskUART.o
 .debug_pubnames
                  0x005575        0x1b2 build/default/debug/_ext/1472/usb_device_cdc.o
 .debug_pubnames
                  0x005727         0x28 build/default/debug/_ext/1472/usb_hal_pic24f.o
 .debug_pubnames
                  0x00574f         0xbe build/default/debug/_ext/1057314724/system.o
 .debug_pubnames
                  0x00580d         0x1f build/default/debug/_ext/1472/resource.o
 .debug_pubnames
                  0x00582c         0x1c build/default/debug/_ext/1472/mathutil.o
 .debug_pubnames
                  0x005848         0x44 build/default/debug/_ext/1472/GDD_SetProg.o
 .debug_pubnames
                  0x00588c         0x80 build/default/debug/_ext/1472/GDD_SetDrug.o
 .debug_pubnames
                  0x00590c         0x93 build/default/debug/_ext/1472/GDD_Alarm.o
 .debug_pubnames
                  0x00599f         0x20 c:/program files/microchip/xc16/v1.11/bin/bin/../../lib/PIC24F\libpPIC24Fxxx-elf.a(CloseSPI1.o)
 .debug_pubnames
                  0x0059bf         0x1f c:/program files/microchip/xc16/v1.11/bin/bin/../../lib/PIC24F\libpPIC24Fxxx-elf.a(OpenSPI1.o)
 .debug_pubnames
                  0x0059de         0x1f c:/program files/microchip/xc16/v1.11/bin/bin/../../lib/PIC24F\libpPIC24Fxxx-elf.a(ReadSPI1.o)
 .debug_pubnames
                  0x0059fd         0x20 c:/program files/microchip/xc16/v1.11/bin/bin/../../lib/PIC24F\libpPIC24Fxxx-elf.a(WriteSPI1.o)

.debug_ranges     0x000000         0x40
 *(.debug_ranges)
 .debug_ranges    0x000000         0x10 c:/program files/microchip/xc16/v1.11/bin/bin/../../lib/PIC24F\libpPIC24Fxxx-elf.a(CloseSPI1.o)
 .debug_ranges    0x000010         0x10 c:/program files/microchip/xc16/v1.11/bin/bin/../../lib/PIC24F\libpPIC24Fxxx-elf.a(OpenSPI1.o)
 .debug_ranges    0x000020         0x10 c:/program files/microchip/xc16/v1.11/bin/bin/../../lib/PIC24F\libpPIC24Fxxx-elf.a(ReadSPI1.o)
 .debug_ranges    0x000030         0x10 c:/program files/microchip/xc16/v1.11/bin/bin/../../lib/PIC24F\libpPIC24Fxxx-elf.a(WriteSPI1.o)

.debug_aranges    0x000000        0x710
 *(.debug_aranges)
 .debug_aranges
                  0x000000         0x18 build/default/debug/_ext/1360920944/SST39LF400.o
 .debug_aranges
                  0x000018         0x18 build/default/debug/_ext/1360920944/TimeDelay.o
 .debug_aranges
                  0x000030         0x18 build/default/debug/_ext/1360920944/MCP23S08.o
 .debug_aranges
                  0x000048         0x18 build/default/debug/_ext/1360920944/board.o
 .debug_aranges
                  0x000060         0x18 build/default/debug/_ext/1360920944/SST25VF016.o
 .debug_aranges
                  0x000078         0x18 build/default/debug/_ext/1360920944/MCP4822.o
 .debug_aranges
                  0x000090         0x18 build/default/debug/_ext/1360920944/PCF2123.o
 .debug_aranges
                  0x0000a8         0x18 build/default/debug/_ext/1360920944/TouchScreenAR1020.o
 .debug_aranges
                  0x0000c0         0x18 build/default/debug/_ext/1268784391/drv_gfx_da210.o
 .debug_aranges
                  0x0000d8         0x18 build/default/debug/_ext/798298840/comm_pkt_callback.o
 .debug_aranges
                  0x0000f0         0x18 build/default/debug/_ext/798298840/comm_pkt.o
 .debug_aranges
                  0x000108         0x18 build/default/debug/_ext/798298840/flash_programmer.o
 .debug_aranges
                  0x000120         0x18 build/default/debug/_ext/1111096632/heap_1.o
 .debug_aranges
                  0x000138         0x18 build/default/debug/_ext/771517865/port.o
 .debug_aranges
                  0x000150         0x18 build/default/debug/_ext/771517865/portasm_PIC24.o
 .debug_aranges
                  0x000168         0x18 build/default/debug/_ext/1840719093/tasks.o
 .debug_aranges
                  0x000180         0x18 build/default/debug/_ext/1840719093/croutine.o
 .debug_aranges
                  0x000198         0x18 build/default/debug/_ext/1840719093/timers.o
 .debug_aranges
                  0x0001b0         0x18 build/default/debug/_ext/1840719093/queue.o
 .debug_aranges
                  0x0001c8         0x18 build/default/debug/_ext/2044251986/gfx_gol.o
 .debug_aranges
                  0x0001e0         0x18 build/default/debug/_ext/2044251986/gfx_gol_button.o
 .debug_aranges
                  0x0001f8         0x18 build/default/debug/_ext/2044251986/gfx_gol_check_box.o
 .debug_aranges
                  0x000210         0x18 build/default/debug/_ext/2044251986/gfx_gol_digital_meter.o
 .debug_aranges
                  0x000228         0x18 build/default/debug/_ext/2044251986/gfx_gol_edit_box.o
 .debug_aranges
                  0x000240         0x18 build/default/debug/_ext/2044251986/gfx_gol_group_box.o
 .debug_aranges
                  0x000258         0x18 build/default/debug/_ext/2044251986/gfx_gol_list_box.o
 .debug_aranges
                  0x000270         0x18 build/default/debug/_ext/2044251986/gfx_gol_meter.o
 .debug_aranges
                  0x000288         0x18 build/default/debug/_ext/2044251986/gfx_gol_picture.o
 .debug_aranges
                  0x0002a0         0x18 build/default/debug/_ext/2044251986/gfx_gol_progress_bar.o
 .debug_aranges
                  0x0002b8         0x18 build/default/debug/_ext/2044251986/gfx_gol_radio_button.o
 .debug_aranges
                  0x0002d0         0x18 build/default/debug/_ext/2044251986/gfx_gol_scroll_bar.o
 .debug_aranges
                  0x0002e8         0x18 build/default/debug/_ext/2044251986/gfx_gol_static_text.o
 .debug_aranges
                  0x000300         0x18 build/default/debug/_ext/2044251986/gfx_gol_text_entry.o
 .debug_aranges
                  0x000318         0x18 build/default/debug/_ext/2044251986/gfx_gol_window.o
 .debug_aranges
                  0x000330         0x18 build/default/debug/_ext/2044251986/gfx_primitive.o
 .debug_aranges
                  0x000348         0x18 build/default/debug/_ext/1724691511/BlockQ.o
 .debug_aranges
                  0x000360         0x18 build/default/debug/_ext/1724691511/blocktim.o
 .debug_aranges
                  0x000378         0x18 build/default/debug/_ext/1724691511/comtest.o
 .debug_aranges
                  0x000390         0x18 build/default/debug/_ext/1724691511/integer.o
 .debug_aranges
                  0x0003a8         0x18 build/default/debug/_ext/1063401512/drv_touch_screen.o
 .debug_aranges
                  0x0003c0         0x18 build/default/debug/_ext/1472/main.o
 .debug_aranges
                  0x0003d8         0x18 build/default/debug/_ext/1840719093/list.o
 .debug_aranges
                  0x0003f0         0x18 build/default/debug/_ext/809743516/ParTest.o
 .debug_aranges
                  0x000408         0x18 build/default/debug/_ext/1472/lcd.o
 .debug_aranges
                  0x000420         0x18 build/default/debug/_ext/1472/taskTouchScreen.o
 .debug_aranges
                  0x000438         0x18 build/default/debug/_ext/1472/taskGraphics.o
 .debug_aranges
                  0x000450         0x18 build/default/debug/_ext/1472/GDD_Screens.o
 .debug_aranges
                  0x000468         0x18 build/default/debug/_ext/1472/osapi.o
 .debug_aranges
                  0x000480         0x18 build/default/debug/_ext/1472/GDD_Intro.o
 .debug_aranges
                  0x000498         0x18 build/default/debug/_ext/1472/beep.o
 .debug_aranges
                  0x0004b0         0x18 build/default/debug/_ext/1472/GDD_Clear.o
 .debug_aranges
                  0x0004c8         0x18 build/default/debug/_ext/1472/usb_callback.o
 .debug_aranges
                  0x0004e0         0x18 build/default/debug/_ext/1472/usb_device.o
 .debug_aranges
                  0x0004f8         0x18 build/default/debug/_ext/1472/taskBackground.o
 .debug_aranges
                  0x000510         0x18 build/default/debug/_ext/1472/stmotor.o
 .debug_aranges
                  0x000528         0x18 build/default/debug/_ext/1472/air_det.o
 .debug_aranges
                  0x000540         0x18 build/default/debug/_ext/1472/clock.o
 .debug_aranges
                  0x000558         0x18 build/default/debug/_ext/1472/keypad.o
 .debug_aranges
                  0x000570         0x18 build/default/debug/_ext/1472/taskSPI.o
 .debug_aranges
                  0x000588         0x18 build/default/debug/_ext/1472/taskControl.o
 .debug_aranges
                  0x0005a0         0x18 build/default/debug/_ext/1472/taskCalc.o
 .debug_aranges
                  0x0005b8         0x18 build/default/debug/_ext/1472/taskUSB.o
 .debug_aranges
                  0x0005d0         0x18 build/default/debug/_ext/1472/com.o
 .debug_aranges
                  0x0005e8         0x18 build/default/debug/_ext/1472/val_conv.o
 .debug_aranges
                  0x000600         0x18 build/default/debug/_ext/1472/taskUART.o
 .debug_aranges
                  0x000618         0x18 build/default/debug/_ext/1472/usb_device_cdc.o
 .debug_aranges
                  0x000630         0x18 build/default/debug/_ext/1472/usb_hal_pic24f.o
 .debug_aranges
                  0x000648         0x18 build/default/debug/_ext/1057314724/system.o
 .debug_aranges
                  0x000660         0x18 build/default/debug/_ext/1472/mathutil.o
 .debug_aranges
                  0x000678         0x18 build/default/debug/_ext/1472/GDD_Alarm.o
 .debug_aranges
                  0x000690         0x20 c:/program files/microchip/xc16/v1.11/bin/bin/../../lib/PIC24F\libpPIC24Fxxx-elf.a(CloseSPI1.o)
 .debug_aranges
                  0x0006b0         0x20 c:/program files/microchip/xc16/v1.11/bin/bin/../../lib/PIC24F\libpPIC24Fxxx-elf.a(OpenSPI1.o)
 .debug_aranges
                  0x0006d0         0x20 c:/program files/microchip/xc16/v1.11/bin/bin/../../lib/PIC24F\libpPIC24Fxxx-elf.a(ReadSPI1.o)
 .debug_aranges
                  0x0006f0         0x20 c:/program files/microchip/xc16/v1.11/bin/bin/../../lib/PIC24F\libpPIC24Fxxx-elf.a(WriteSPI1.o)

.application_ivt
                  0x001400        0x114
                  0x001400          0x2 SHORT 0x1514 ABSOLUTE (__reset)
                  0x001401          0x2 SHORT 0x4
                  0x001402          0x2 SHORT 0x0 ((ABSOLUTE (__reset) >> 0x10) & 0x7f)
                  0x001403          0x2 SHORT 0x0
                  0x001404                  __DEFAULT_VECTOR = .
                  0x001404          0x2 SHORT 0x22582 DEFINED (__DefaultInterrupt)?ABSOLUTE (__DefaultInterrupt):ABSOLUTE (__DefaultInterrupt)
                  0x001405          0x2 SHORT 0x4
                  0x001406          0x2 SHORT 0x2 DEFINED (__DefaultInterrupt)?((ABSOLUTE (__DefaultInterrupt) >> 0x10) & 0x7f):((ABSOLUTE (__DefaultInterrupt) >> 0x10) & 0x7f)
                  0x001407          0x2 SHORT 0x0
                  0x001408          0x2 SHORT 0x22582 DEFINED (__OscillatorFail)?ABSOLUTE (__OscillatorFail):ABSOLUTE (__DefaultInterrupt)
                  0x001409          0x2 SHORT 0x4
                  0x00140a          0x2 SHORT 0x2 DEFINED (__OscillatorFail)?((ABSOLUTE (__OscillatorFail) >> 0x10) & 0x7f):((ABSOLUTE (__DefaultInterrupt) >> 0x10) & 0x7f)
                  0x00140b          0x2 SHORT 0x0
                  0x00140c          0x2 SHORT 0x1b3cc DEFINED (__AddressError)?ABSOLUTE (__AddressError):ABSOLUTE (__DefaultInterrupt)
                  0x00140d          0x2 SHORT 0x4
                  0x00140e          0x2 SHORT 0x1 DEFINED (__AddressError)?((ABSOLUTE (__AddressError) >> 0x10) & 0x7f):((ABSOLUTE (__DefaultInterrupt) >> 0x10) & 0x7f)
                  0x00140f          0x2 SHORT 0x0
                  0x001410          0x2 SHORT 0x1b3b8 DEFINED (__StackError)?ABSOLUTE (__StackError):ABSOLUTE (__DefaultInterrupt)
                  0x001411          0x2 SHORT 0x4
                  0x001412          0x2 SHORT 0x1 DEFINED (__StackError)?((ABSOLUTE (__StackError) >> 0x10) & 0x7f):((ABSOLUTE (__DefaultInterrupt) >> 0x10) & 0x7f)
                  0x001413          0x2 SHORT 0x0
                  0x001414          0x2 SHORT 0x1b3a4 DEFINED (__MathError)?ABSOLUTE (__MathError):ABSOLUTE (__DefaultInterrupt)
                  0x001415          0x2 SHORT 0x4
                  0x001416          0x2 SHORT 0x1 DEFINED (__MathError)?((ABSOLUTE (__MathError) >> 0x10) & 0x7f):((ABSOLUTE (__DefaultInterrupt) >> 0x10) & 0x7f)
                  0x001417          0x2 SHORT 0x0
                  0x001418          0x2 SHORT 0x22582 DEFINED (__INT0Interrupt)?ABSOLUTE (__INT0Interrupt):ABSOLUTE (__DefaultInterrupt)
                  0x001419          0x2 SHORT 0x4
                  0x00141a          0x2 SHORT 0x2 DEFINED (__INT0Interrupt)?((ABSOLUTE (__INT0Interrupt) >> 0x10) & 0x7f):((ABSOLUTE (__DefaultInterrupt) >> 0x10) & 0x7f)
                  0x00141b          0x2 SHORT 0x0
                  0x00141c          0x2 SHORT 0x22582 DEFINED (__IC1Interrupt)?ABSOLUTE (__IC1Interrupt):ABSOLUTE (__DefaultInterrupt)
                  0x00141d          0x2 SHORT 0x4
                  0x00141e          0x2 SHORT 0x2 DEFINED (__IC1Interrupt)?((ABSOLUTE (__IC1Interrupt) >> 0x10) & 0x7f):((ABSOLUTE (__DefaultInterrupt) >> 0x10) & 0x7f)
                  0x00141f          0x2 SHORT 0x0
                  0x001420          0x2 SHORT 0x2110a DEFINED (__OC1Interrupt)?ABSOLUTE (__OC1Interrupt):ABSOLUTE (__DefaultInterrupt)
                  0x001421          0x2 SHORT 0x4
                  0x001422          0x2 SHORT 0x2 DEFINED (__OC1Interrupt)?((ABSOLUTE (__OC1Interrupt) >> 0x10) & 0x7f):((ABSOLUTE (__DefaultInterrupt) >> 0x10) & 0x7f)
                  0x001423          0x2 SHORT 0x0
                  0x001424          0x2 SHORT 0x220be DEFINED (__T1Interrupt)?ABSOLUTE (__T1Interrupt):ABSOLUTE (__DefaultInterrupt)
                  0x001425          0x2 SHORT 0x4
                  0x001426          0x2 SHORT 0x2 DEFINED (__T1Interrupt)?((ABSOLUTE (__T1Interrupt) >> 0x10) & 0x7f):((ABSOLUTE (__DefaultInterrupt) >> 0x10) & 0x7f)
                  0x001427          0x2 SHORT 0x0
                  0x001428          0x2 SHORT 0x22582 DEFINED (__IC2Interrupt)?ABSOLUTE (__IC2Interrupt):ABSOLUTE (__DefaultInterrupt)
                  0x001429          0x2 SHORT 0x4
                  0x00142a          0x2 SHORT 0x2 DEFINED (__IC2Interrupt)?((ABSOLUTE (__IC2Interrupt) >> 0x10) & 0x7f):((ABSOLUTE (__DefaultInterrupt) >> 0x10) & 0x7f)
                  0x00142b          0x2 SHORT 0x0
                  0x00142c          0x2 SHORT 0x19ba0 DEFINED (__OC2Interrupt)?ABSOLUTE (__OC2Interrupt):ABSOLUTE (__DefaultInterrupt)
                  0x00142d          0x2 SHORT 0x4
                  0x00142e          0x2 SHORT 0x1 DEFINED (__OC2Interrupt)?((ABSOLUTE (__OC2Interrupt) >> 0x10) & 0x7f):((ABSOLUTE (__DefaultInterrupt) >> 0x10) & 0x7f)
                  0x00142f          0x2 SHORT 0x0
                  0x001430          0x2 SHORT 0x19ba4 DEFINED (__T2Interrupt)?ABSOLUTE (__T2Interrupt):ABSOLUTE (__DefaultInterrupt)
                  0x001431          0x2 SHORT 0x4
                  0x001432          0x2 SHORT 0x1 DEFINED (__T2Interrupt)?((ABSOLUTE (__T2Interrupt) >> 0x10) & 0x7f):((ABSOLUTE (__DefaultInterrupt) >> 0x10) & 0x7f)
                  0x001433          0x2 SHORT 0x0
                  0x001434          0x2 SHORT 0x1ff24 DEFINED (__T3Interrupt)?ABSOLUTE (__T3Interrupt):ABSOLUTE (__DefaultInterrupt)
                  0x001435          0x2 SHORT 0x4
                  0x001436          0x2 SHORT 0x1 DEFINED (__T3Interrupt)?((ABSOLUTE (__T3Interrupt) >> 0x10) & 0x7f):((ABSOLUTE (__DefaultInterrupt) >> 0x10) & 0x7f)
                  0x001437          0x2 SHORT 0x0
                  0x001438          0x2 SHORT 0x22582 DEFINED (__SPI1ErrInterrupt)?ABSOLUTE (__SPI1ErrInterrupt):ABSOLUTE (__DefaultInterrupt)
                  0x001439          0x2 SHORT 0x4
                  0x00143a          0x2 SHORT 0x2 DEFINED (__SPI1ErrInterrupt)?((ABSOLUTE (__SPI1ErrInterrupt) >> 0x10) & 0x7f):((ABSOLUTE (__DefaultInterrupt) >> 0x10) & 0x7f)
                  0x00143b          0x2 SHORT 0x0
                  0x00143c          0x2 SHORT 0x22582 DEFINED (__SPI1Interrupt)?ABSOLUTE (__SPI1Interrupt):ABSOLUTE (__DefaultInterrupt)
                  0x00143d          0x2 SHORT 0x4
                  0x00143e          0x2 SHORT 0x2 DEFINED (__SPI1Interrupt)?((ABSOLUTE (__SPI1Interrupt) >> 0x10) & 0x7f):((ABSOLUTE (__DefaultInterrupt) >> 0x10) & 0x7f)
                  0x00143f          0x2 SHORT 0x0