Microchip Technology Inc, vv3_31 (A) >

Tool Name:
  c:\program files\microchip\mplabc30\v3.31\bin\bin\..\bin/pic30-elf-ld.exe

Command:
  -p24FJ256DA210 \
  -o \
  dist/default/debug/VLG_MEMAD.X.debug.elf \
  -Lc:/program files/microchip/mplabc30/v3.31/bin/bin/.. \
  -Lc:/program files/microchip/mplabc30/v3.31/bin/bin/../../lib \
  -Lc:/program files/microchip/mplabc30/v3.31/bin/bin/../../lib/PIC24E \
  -Lc:/program files/microchip/mplabc30/v3.31/bin/bin/../../support/PIC24E/gld \
  -Lc:/program files/microchip/mplabc30/v3.31/bin/bin/../../lib/PIC24F \
  -Lc:/program files/microchip/mplabc30/v3.31/bin/bin/../../support/PIC24F/gld \
  -Lc:/program files/microchip/mplabc30/v3.31/bin/bin/../../lib/PIC24H \
  -Lc:/program files/microchip/mplabc30/v3.31/bin/bin/../../support/PIC24H/gld \
  -Lc:/program files/microchip/mplabc30/v3.31/bin/bin/../../lib/dsPIC30F \
  -Lc:/program files/microchip/mplabc30/v3.31/bin/bin/../../support/dsPIC30F/gld \
  -Lc:/program files/microchip/mplabc30/v3.31/bin/bin/../../lib/dsPIC33E \
  -Lc:/program files/microchip/mplabc30/v3.31/bin/bin/../../support/dsPIC33E/gld \
  -Lc:/program files/microchip/mplabc30/v3.31/bin/bin/../../lib/dsPIC33F \
  -Lc:/program files/microchip/mplabc30/v3.31/bin/bin/../../support/dsPIC33F/gld \
  build/default/debug/_ext/1360920944/TouchScreenResistive.o \
  build/default/debug/_ext/1360920944/SST39LF400.o \
  build/default/debug/_ext/1360920944/TouchScreen.o \
  build/default/debug/_ext/1360920944/TimeDelay.o \
  build/default/debug/_ext/1360920944/MCP23S08.o \
  build/default/debug/_ext/1360920944/board.o \
  build/default/debug/_ext/1360920944/SST25VF016.o \
  build/default/debug/_ext/1360920944/TouchScreenAR1020.o \
  build/default/debug/_ext/1360920944/MCP4822.o \
  build/default/debug/_ext/1360920944/PCF2123.o \
  build/default/debug/_ext/1575306571/TCON_SSD1289.o \
  build/default/debug/_ext/1575306571/gfxepmp.o \
  build/default/debug/_ext/1575306571/mchpGfxDrv.o \
  build/default/debug/_ext/1575306571/mchpGfxDrvBuffer.o \
  build/default/debug/_ext/798298840/FlashProgrammer.o \
  build/default/debug/_ext/798298840/comm_pkt_callback.o \
  build/default/debug/_ext/798298840/comm_pkt.o \
  build/default/debug/_ext/1111096632/heap_1.o \
  build/default/debug/_ext/771517865/port.o \
  build/default/debug/_ext/771517865/portasm_PIC24.o \
  build/default/debug/_ext/1840719093/tasks.o \
  build/default/debug/_ext/1840719093/croutine.o \
  build/default/debug/_ext/1840719093/timers.o \
  build/default/debug/_ext/1840719093/queue.o \
  build/default/debug/_ext/1713430119/Window.o \
  build/default/debug/_ext/1713430119/Button.o \
  build/default/debug/_ext/1713430119/CheckBox.o \
  build/default/debug/_ext/1713430119/EditBox.o \
  build/default/debug/_ext/1713430119/GOL.o \
  build/default/debug/_ext/1713430119/GOLFontDefault.o \
  build/default/debug/_ext/1713430119/GroupBox.o \
  build/default/debug/_ext/1713430119/ListBox.o \
  build/default/debug/_ext/1713430119/Meter.o \
  build/default/debug/_ext/1713430119/Picture.o \
  build/default/debug/_ext/1713430119/Primitive.o \
  build/default/debug/_ext/1713430119/ProgressBar.o \
  build/default/debug/_ext/1713430119/RadioButton.o \
  build/default/debug/_ext/1713430119/RoundDial.o \
  build/default/debug/_ext/1713430119/Slider.o \
  build/default/debug/_ext/1713430119/StaticText.o \
  build/default/debug/_ext/1713430119/GOLSchemeDefault.o \
  build/default/debug/_ext/1713430119/DigitalMeter.o \
  build/default/debug/_ext/1724691511/BlockQ.o \
  build/default/debug/_ext/1724691511/blocktim.o \
  build/default/debug/_ext/1724691511/comtest.o \
  build/default/debug/_ext/1724691511/integer.o \
  build/default/debug/_ext/1472/main.o \
  build/default/debug/_ext/1840719093/list.o \
  build/default/debug/_ext/809743516/ParTest.o \
  build/default/debug/_ext/1472/lcd.o \
  build/default/debug/_ext/1472/taskTouchScreen.o \
  build/default/debug/_ext/1472/taskGraphics.o \
  build/default/debug/_ext/1472/smallfont.o \
  build/default/debug/_ext/1472/medfont.o \
  build/default/debug/_ext/1472/GDD_Screens.o \
  build/default/debug/_ext/1472/GDD_Resource.o \
  build/default/debug/_ext/1472/osapi.o \
  build/default/debug/_ext/1472/GDD_Options.o \
  build/default/debug/_ext/1472/GDD_Intro.o \
  build/default/debug/_ext/1472/beep.o \
  build/default/debug/_ext/1472/GDD_Clear.o \
  build/default/debug/_ext/638940289/new.o \
  build/default/debug/_ext/1472/usb_callback.o \
  build/default/debug/_ext/1472/usb_descriptors.o \
  build/default/debug/_ext/1472/usb_device.o \
  build/default/debug/_ext/1472/GDD_Test.o \
  build/default/debug/_ext/1472/GDD_SetProg.o \
  build/default/debug/_ext/1472/taskBackground.o \
  build/default/debug/_ext/1472/GDD_Adjust.o \
  build/default/debug/_ext/1472/GDD_SetDrug.o \
  build/default/debug/_ext/1472/MATHUTL.o \
  build/default/debug/_ext/1472/GDD_Prime.o \
[...]
Memory Configuration

Name             Origin             Length             Attributes
data             0x000800           0x018000           a !xr
reset            0x000000           0x000004  
ivt              0x000004           0x0000fc  
aivt             0x000104           0x0000fc  
app_ivt          0x001400           0x000114  
program          0x001514           0x0296e4           xr
CONFIG4          0x02abf8           0x000002  
CONFIG3          0x02abfa           0x000002  
CONFIG2          0x02abfc           0x000002  
CONFIG1          0x02abfe           0x000002  
*default*        0x000000           0xffffffff  

Linker script and memory map

LOAD build/default/debug/_ext/1360920944/TouchScreenResistive.o
LOAD build/default/debug/_ext/1360920944/SST39LF400.o
LOAD build/default/debug/_ext/1360920944/TouchScreen.o
LOAD build/default/debug/_ext/1360920944/TimeDelay.o
LOAD build/default/debug/_ext/1360920944/MCP23S08.o
LOAD build/default/debug/_ext/1360920944/board.o
LOAD build/default/debug/_ext/1360920944/SST25VF016.o
LOAD build/default/debug/_ext/1360920944/TouchScreenAR1020.o
LOAD build/default/debug/_ext/1360920944/MCP4822.o
LOAD build/default/debug/_ext/1360920944/PCF2123.o
LOAD build/default/debug/_ext/1575306571/TCON_SSD1289.o
LOAD build/default/debug/_ext/1575306571/gfxepmp.o
LOAD build/default/debug/_ext/1575306571/mchpGfxDrv.o
LOAD build/default/debug/_ext/1575306571/mchpGfxDrvBuffer.o
LOAD build/default/debug/_ext/798298840/FlashProgrammer.o
LOAD build/default/debug/_ext/798298840/comm_pkt_callback.o
LOAD build/default/debug/_ext/798298840/comm_pkt.o
LOAD build/default/debug/_ext/1111096632/heap_1.o
LOAD build/default/debug/_ext/771517865/port.o
LOAD build/default/debug/_ext/771517865/portasm_PIC24.o
LOAD build/default/debug/_ext/1840719093/tasks.o
LOAD build/default/debug/_ext/1840719093/croutine.o
LOAD build/default/debug/_ext/1840719093/timers.o
LOAD build/default/debug/_ext/1840719093/queue.o
LOAD build/default/debug/_ext/1713430119/Window.o
LOAD build/default/debug/_ext/1713430119/Button.o
LOAD build/default/debug/_ext/1713430119/CheckBox.o
LOAD build/default/debug/_ext/1713430119/EditBox.o
LOAD build/default/debug/_ext/1713430119/GOL.o
LOAD build/default/debug/_ext/1713430119/GOLFontDefault.o
LOAD build/default/debug/_ext/1713430119/GroupBox.o
LOAD build/default/debug/_ext/1713430119/ListBox.o
LOAD build/default/debug/_ext/1713430119/Meter.o
LOAD build/default/debug/_ext/1713430119/Picture.o
LOAD build/default/debug/_ext/1713430119/Primitive.o
LOAD build/default/debug/_ext/1713430119/ProgressBar.o
LOAD build/default/debug/_ext/1713430119/RadioButton.o
LOAD build/default/debug/_ext/1713430119/RoundDial.o
LOAD build/default/debug/_ext/1713430119/Slider.o
LOAD build/default/debug/_ext/1713430119/StaticText.o
LOAD build/default/debug/_ext/1713430119/GOLSchemeDefault.o
LOAD build/default/debug/_ext/1713430119/DigitalMeter.o
LOAD build/default/debug/_ext/1724691511/BlockQ.o
LOAD build/default/debug/_ext/1724691511/blocktim.o
LOAD build/default/debug/_ext/1724691511/comtest.o
LOAD build/default/debug/_ext/1724691511/integer.o
LOAD build/default/debug/_ext/1472/main.o
LOAD build/default/debug/_ext/1840719093/list.o
LOAD build/default/debug/_ext/809743516/ParTest.o
LOAD build/default/debug/_ext/1472/lcd.o
LOAD build/default/debug/_ext/1472/taskTouchScreen.o
LOAD build/default/debug/_ext/1472/taskGraphics.o
LOAD build/default/debug/_ext/1472/smallfont.o
LOAD build/default/debug/_ext/1472/medfont.o
LOAD build/default/debug/_ext/1472/GDD_Screens.o
LOAD build/default/debug/_ext/1472/GDD_Resource.o
LOAD build/default/debug/_ext/1472/osapi.o
LOAD build/default/debug/_ext/1472/GDD_Options.o
LOAD build/default/debug/_ext/1472/GDD_Intro.o
LOAD build/default/debug/_ext/1472/beep.o
LOAD build/default/debug/_ext/1472/GDD_Clear.o
LOAD build/default/debug/_ext/638940289/new.o
LOAD build/default/debug/_ext/1472/usb_callback.o
LOAD build/default/debug/_ext/1472/usb_descriptors.o
LOAD build/default/debug/_ext/1472/usb_device.o
LOAD build/default/debug/_ext/1472/GDD_Test.o
LOAD build/default/debug/_ext/1472/GDD_SetProg.o
LOAD build/default/debug/_ext/1472/taskBackground.o
LOAD build/default/debug/_ext/1472/GDD_Adjust.o
LOAD build/default/debug/_ext/1472/GDD_SetDrug.o
LOAD build/default/debug/_ext/1472/MATHUTL.o
LOAD build/default/debug/_ext/1472/GDD_Prime.o
LOAD build/default/debug/_ext/1472/stmotor.o
LOAD build/default/debug/_ext/1472/air_det.o
LOAD build/default/debug/_ext/1472/clock.o
LOAD build/default/debug/_ext/1472/keypad.o
LOAD build/default/debug/_ext/1472/taskSPI.o
LOAD build/default/debug/_ext/1472/GDD_Confirm.o
LOAD build/default/debug/_ext/1472/GDD_Run.o
LOAD build/default/debug/_ext/1472/GDD_Pwrdown.o
LOAD build/default/debug/_ext/1472/GDD_Alarm.o
LOAD build/default/debug/_ext/1472/taskControl.o
LOAD build/default/debug/_ext/1472/taskCalc.o
LOAD build/default/debug/_ext/1472/GDD_Calib.o
LOAD build/default/debug/_ext/1472/GDD_Bolus.o
LOAD build/default/debug/_ext/1472/GDD_SetMenu.o
LOAD build/default/debug/_ext/1472/GDD_Setup.o
LOAD build/default/debug/_ext/1472/GDD_Checkup.o
LOAD build/default/debug/_ext/1472/GDD_RateCalib.o
LOAD build/default/debug/_ext/1472/taskUSB.o
LOAD build/default/debug/_ext/1472/usb_hal_pic24.o
LOAD build/default/debug/_ext/1472/usb_function_cdc.o
LOAD build/default/debug/_ext/1472/com.o
LOAD build/default/debug/_ext/1472/val_conv.o
LOAD build/default/debug/_ext/1472/taskUART.o
                    0x0001                  __MPLAB_BUILD = 0x1
                    0x0001                  __ICD2RAM = 0x1
LOAD c:/program files/microchip/mplabc30/v3.31/bin/bin/../../lib/PIC24F\libpPIC24Fxxx-elf.a
                    0x2abf8                  __CONFIG4 = 0x2abf8
                    0x2abfa                  __CONFIG3 = 0x2abfa
                    0x2abfc                  __CONFIG2 = 0x2abfc
                    0x2abfe                  __CONFIG1 = 0x2abfe
                    0x0004                  __IVT_BASE = 0x4
                    0x0104                  __AIVT_BASE = 0x104
                    0x0800                  __DATA_BASE = 0x800
                    0x0200                  __CODE_BASE = 0x200
                    0x1400                  __APP_IVT_BASE = 0x1400

.reset            0x000000          0x4
                  0x000000          0x2 SHORT 0x1514 ABSOLUTE (__reset)
                  0x000001          0x2 SHORT 0x4
                  0x000002          0x2 SHORT 0x0 ((ABSOLUTE (__reset) >> 0x10) & 0x7f)
                  0x000003          0x2 SHORT 0x0

.text             0x001514       0x342c
 *(.init)
 .init            0x001514         0x2e c:/program files/microchip/mplabc30/v3.31/bin/bin/../../lib\liblega-pic30-elf.a(crt0_extended.o)
                  0x001514                  __resetPRI
                  0x001514                  __reset
                  0x001536                  __psv_init
 .init            0x001542         0x9a c:/program files/microchip/mplabc30/v3.31/bin/bin/../../lib\liblega-pic30-elf.a(data_init_extended.o)
                  0x001542                  __data_init
                  0x001542                  __data_init_extended
 *(.user_init)
 *(.handle)
 .handle          0x0015dc        0x168 jump_table
 *(.libc)
 .libc            0x001744         0x2e c:/program files/microchip/mplabc30/v3.31/bin/bin/../../lib\liblega-c-elf.a(sprintf_cdfFnopsuxX.XXeo)
                  0x001744                  sprintf_cdfFnopsuxX.XXeo:_prout
                  0x001750                  __sprintf_fF
                  0x001750                  __sprintf_cdfFnopuxX
                  0x001750                  __sprintf_cdfFnopsuxX
                  0x001750                  __sprintf_cdnopuxX
                  0x001750                  __sprintf_cdnopsuxX
 .libc            0x001772        0x172 c:/program files/microchip/mplabc30/v3.31/bin/bin/../../lib\liblega-c-elf.a(xprintf_cdfFnopsuxX.XXeo)
                  0x001772                  ___Printf_fF
                  0x001772                  ___Printf_cdfFnopuxX
                  0x001772                  ___Printf_cdfFnopsuxX
                  0x001772                  ___Printf_cdnopuxX
                  0x001772                  ___Printf_cdnopsuxX
 .libc            0x0018e4        0x2fc c:/program files/microchip/mplabc30/v3.31/bin/bin/../../lib\liblega-c-elf.a(xputfld_cdfFnopsuxX.XXeo)
                  0x0018e4                  ___Putfld_cdnopuxX
                  0x0018e4                  ___Putfld_cdnopsuxX
                  0x0018e4                  ___Putfld_cdfFnopuxX
                  0x0018e4                  ___Putfld_cdfFnopsuxX
                  0x0018e4                  ___Putfld_fF
 .libc            0x001be0        0x246 c:/program files/microchip/mplabc30/v3.31/bin/bin/../../lib\liblega-c-elf.a(xldtob_cdfFnopsuxX.XXeo)
                  0x001be0                  ___Ldtob_cdfFnopsuxX
                  0x001be0                  ___Ldtob_fF
                  0x001be0                  ___Ldtob_cdfFnopuxX
 .libc            0x001e26        0x20e c:/program files/microchip/mplabc30/v3.31/bin/bin/../../lib\liblega-c-elf.a(xgenld_cdfFnopsuxX.XXeo)
                  0x001e26                  ___Genld_fF
                  0x001e26                  ___Genld_cdfFnopsuxX
                  0x001e26                  ___Genld_cdfFnopuxX
 *(.libm)
 *(.libdsp)
 *(.lib*)
 .libperi         0x002034          0x8 c:/program files/microchip/mplabc30/v3.31/bin/bin/../../lib/PIC24F\libpPIC24Fxxx-elf.a(CloseSPI1.o)
                  0x002034                  _CloseSPI1
 .libperi         0x00203c          0x8 c:/program files/microchip/mplabc30/v3.31/bin/bin/../../lib/PIC24F\libpPIC24Fxxx-elf.a(OpenSPI1.o)
                  0x00203c                  _OpenSPI1
 .libperi         0x002044         0x12 c:/program files/microchip/mplabc30/v3.31/bin/bin/../../lib/PIC24F\libpPIC24Fxxx-elf.a(ReadSPI1.o)
                  0x002044                  _ReadSPI1
 .libperi         0x002056          0xe c:/program files/microchip/mplabc30/v3.31/bin/bin/../../lib/PIC24F\libpPIC24Fxxx-elf.a(WriteSPI1.o)
                  0x002056                  _WriteSPI1
 .libc.memcpy_helper
                  0x002064         0x36 c:/program files/microchip/mplabc30/v3.31/bin/bin/../../lib\liblega-pic30-elf.a(memcpy_helper.Leo)
                  0x002064                  __memcpy_helper
 .libm.subsf3     0x00209a         0xbc c:/program files/microchip/mplabc30/v3.31/bin/bin/../../lib\libm-elf.a(addsf3.eo)
                  0x00209a                  ___subsf3
                  0x00209c                  ___addsf3
 .libm.cosf       0x002156          0x4 c:/program files/microchip/mplabc30/v3.31/bin/bin/../../lib\libm-elf.a(cosf.eo)
                  0x002156                  _cosf
 .libm.divfs3     0x00215a         0x84 c:/program files/microchip/mplabc30/v3.31/bin/bin/../../lib\libm-elf.a(divsf3.eo)
                  0x00215a                  ___divsf3
 .libm.divsi3     0x0021de         0x1e c:/program files/microchip/mplabc30/v3.31/bin/bin/../../lib\libm-elf.a(divsi3.eo)
                  0x0021de                  ___divsi3
 .libm.eqsf2      0x0021fc          0x4 c:/program files/microchip/mplabc30/v3.31/bin/bin/../../lib\libm-elf.a(feqltle.eo)
                  0x0021fc                  ___eqsf2
                  0x0021fc                  ___ltsf2
                  0x0021fc                  ___lesf2
 .libm.gtsf2      0x002200          0x4 c:/program files/microchip/mplabc30/v3.31/bin/bin/../../lib\libm-elf.a(fgtge.eo)
                  0x002200                  ___gesf2
                  0x002200                  ___gtsf2
 .libm.fixsfsi    0x002204         0x42 c:/program files/microchip/mplabc30/v3.31/bin/bin/../../lib\libm-elf.a(fixsfsi.eo)
                  0x002204                  _(float, int, long long, short, float, short, int)
 .libm.fixunssfsi
                  0x002246         0x36 c:/program files/microchip/mplabc30/v3.31/bin/bin/../../lib\libm-elf.a(fixunssfsi.eo)
                  0x002246                  ___fixunssfsi
 .libm.floatsisf
                  0x00227c         0x56 c:/program files/microchip/mplabc30/v3.31/bin/bin/../../lib\libm-elf.a(floatsisf.eo)
                  0x00227c                  ___floatsisf
 .libm.fpack      0x0022d2         0x4c c:/program files/microchip/mplabc30/v3.31/bin/bin/../../lib\libm-elf.a(fpack.eo)
                  0x0022d2                  __fpack
 .libm.funpack    0x00231e         0x2a c:/program files/microchip/mplabc30/v3.31/bin/bin/../../lib\libm-elf.a(funpack.eo)
                  0x00231e                  __funpack
 .libm.funpack2
                  0x002348         0x10 c:/program files/microchip/mplabc30/v3.31/bin/bin/../../lib\libm-elf.a(funpack2.eo)
                  0x002348                  __funpack2
 .libm.fPropagateNaN
                  0x002358         0x12 c:/program files/microchip/mplabc30/v3.31/bin/bin/../../lib\libm-elf.a(futil.eo)
                  0x002358                  __fPropagateNaN
 .libm.fbobExit
                  0x00236a          0x8 c:/program files/microchip/mplabc30/v3.31/bin/bin/../../lib\libm-elf.a(futil.eo)
                  0x00236a                  __fbopExit
 .libm.fbopReturnNaN
                  0x002372          0x6 c:/program files/microchip/mplabc30/v3.31/bin/bin/../../lib\libm-elf.a(futil.eo)
                  0x002372                  __fbopReturnNaN
 .libm.mulsf3     0x002378         0x68 c:/program files/microchip/mplabc30/v3.31/bin/bin/../../lib\libm-elf.a(mulsf3.eo)
                  0x002378                  ___mulsf3
 .libm.sincosf    0x0023e0         0xd2 c:/program files/microchip/mplabc30/v3.31/bin/bin/../../lib\libm-elf.a(sincosf.eo)
                  0x0023e0                  __sincosf
 .libm.sinf       0x0024b2          0x4 c:/program files/microchip/mplabc30/v3.31/bin/bin/../../lib\libm-elf.a(sinf.eo)
                  0x0024b2                  _sinf
 .libm.udivsi3    0x0024b6         0x20 c:/program files/microchip/mplabc30/v3.31/bin/bin/../../lib\libm-elf.a(udivsi3.eo)
                  0x0024b6                  ___udivsi3
 .libm.umodsi3    0x0024d6          0x6 c:/program files/microchip/mplabc30/v3.31/bin/bin/../../lib\libm-elf.a(umodsi3.eo)
                  0x0024d6                  ___umodsi3
 .libm.fcompare
                  0x0024dc         0x36 c:/program files/microchip/mplabc30/v3.31/bin/bin/../../lib\libm-elf.a(fcompare.eo)
                  0x0024dc                  __fcompare
 .libm.fmodf      0x002512          0x4 c:/program files/microchip/mplabc30/v3.31/bin/bin/../../lib\libm-elf.a(fmodf.eo)
                  0x002512                  _fmodf
 .libm.fmodrem    0x002516         0x9e c:/program files/microchip/mplabc30/v3.31/bin/bin/../../lib\libm-elf.a(fmodrem.eo)
                  0x002516                  __fmodrem
 .libc.abort      0x0025b4          0x8 c:/program files/microchip/mplabc30/v3.31/bin/bin/../../lib\liblega-c-elf.a(abort.XXeo)
                  0x0025b4                  _abort
 .libc.exit       0x0025bc         0x24 c:/program files/microchip/mplabc30/v3.31/bin/bin/../../lib\liblega-c-elf.a(exit.XXeo)
                  0x0025bc                  _exit
 .libc.free       0x0025e0         0x68 c:/program files/microchip/mplabc30/v3.31/bin/bin/../../lib\liblega-c-elf.a(free.XXeo)
                  0x0025e0                  _free
 .libc._Tzoff     0x002648         0x92 c:/program files/microchip/mplabc30/v3.31/bin/bin/../../lib\liblega-c-elf.a(localtim.XXeo)
                  0x002648                  __Tzoff
 .libc.localtime
                  0x0026da         0x14 c:/program files/microchip/mplabc30/v3.31/bin/bin/../../lib\liblega-c-elf.a(localtim.XXeo)
                  0x0026da                  _localtime
 .libc.malloc     0x0026ee         0xa4 c:/program files/microchip/mplabc30/v3.31/bin/bin/../../lib\liblega-c-elf.a(malloc.XXeo)
                  0x0026ee                  _malloc
 .libc.memcmp     0x002792         0x1c c:/program files/microchip/mplabc30/v3.31/bin/bin/../../lib\liblega-c-elf.a(memcmp.XXeo)
                  0x002792                  _memcmp
 .libc.memcpy     0x0027ae          0xe c:/program files/microchip/mplabc30/v3.31/bin/bin/../../lib\liblega-c-elf.a(memcpy.XXeo)
                  0x0027ae                  _memcpy
 .libc.memset     0x0027bc          0xe c:/program files/microchip/mplabc30/v3.31/bin/bin/../../lib\liblega-c-elf.a(memset.XXeo)
                  0x0027bc                  _memset
 .libc.mktime     0x0027ca        0x130 c:/program files/microchip/mplabc30/v3.31/bin/bin/../../lib\liblega-c-elf.a(mktime.XXeo)
                  0x0027ca                  _mktime
 .libc.raise      0x0028fa         0x86 c:/program files/microchip/mplabc30/v3.31/bin/bin/../../lib\liblega-c-elf.a(raise.XXeo)
                  0x0028fa                  _raise
 .libc.signal     0x002980         0x1c c:/program files/microchip/mplabc30/v3.31/bin/bin/../../lib\liblega-c-elf.a(signal.XXeo)
                  0x002980                  _signal
 .libc.strftime
                  0x00299c         0x26 c:/program files/microchip/mplabc30/v3.31/bin/bin/../../lib\liblega-c-elf.a(strftime.XXeo)
                  0x00299c                  _strftime
 .libc.strlen     0x0029c2          0xe c:/program files/microchip/mplabc30/v3.31/bin/bin/../../lib\liblega-c-elf.a(strlen.XXeo)
                  0x0029c2                  _strlen
 .libc.strncpy    0x0029d0         0x22 c:/program files/microchip/mplabc30/v3.31/bin/bin/../../lib\liblega-c-elf.a(strncpy.XXeo)
                  0x0029d0                  _strncpy
 .libc.strtol     0x0029f2         0x92 c:/program files/microchip/mplabc30/v3.31/bin/bin/../../lib\liblega-c-elf.a(strtol.XXeo)
                  0x0029f2                  _strtol
 .libc._Getmem    0x002a84          0xe c:/program files/microchip/mplabc30/v3.31/bin/bin/../../lib\liblega-c-elf.a(xgetmem.XXeo)
                  0x002a84                  __Getmem
 .libc._Gettime
                  0x002a92         0x40 c:/program files/microchip/mplabc30/v3.31/bin/bin/../../lib\liblega-c-elf.a(xgettime.XXeo)
                  0x002a92                  __Gettime
 .libc._Getzone
                  0x002ad2         0xb8 c:/program files/microchip/mplabc30/v3.31/bin/bin/../../lib\liblega-c-elf.a(xgetzone.XXeo)
                  0x002ad2                  __Getzone
 .libc._Stoul     0x002b8a        0x128 c:/program files/microchip/mplabc30/v3.31/bin/bin/../../lib\liblega-c-elf.a(xstoul.XXeo)
                  0x002b8a                  __Stoul
 .libc._CStrftime
                  0x002cb2         0xde c:/program files/microchip/mplabc30/v3.31/bin/bin/../../lib\liblega-c-elf.a(xstrftim.XXeo)
                  0x002cb2                  __CStrftime
 .libc._Daysto    0x002d90         0x38 c:/program files/microchip/mplabc30/v3.31/bin/bin/../../lib\liblega-c-elf.a(xttotm.XXeo)
                  0x002d90                  __Daysto
 .libc._Ttotm     0x002dc8         0xf6 c:/program files/microchip/mplabc30/v3.31/bin/bin/../../lib\liblega-c-elf.a(xttotm.XXeo)
                  0x002dc8                  __Ttotm
 .libc.isalpha    0x002ebe         0x14 c:/program files/microchip/mplabc30/v3.31/bin/bin/../../lib\liblega-c-elf.a(isalpha.XXelo)
                  0x002ebe                  _isalpha
 .libc.isspace    0x002ed2         0x10 c:/program files/microchip/mplabc30/v3.31/bin/bin/../../lib\liblega-c-elf.a(isspace.XXelo)
                  0x002ed2                  _isspace
 .libc.tolower    0x002ee2          0xe c:/program files/microchip/mplabc30/v3.31/bin/bin/../../lib\liblega-c-elf.a(tolower.XXelo)
                  0x002ee2                  _tolower
 .libc.div        0x002ef0         0x16 c:/program files/microchip/mplabc30/v3.31/bin/bin/../../lib\liblega-c-elf.a(div.XXelo)
                  0x002ef0                  _div
 .libc.fputs      0x002f06         0x96 c:/program files/microchip/mplabc30/v3.31/bin/bin/../../lib\liblega-c-elf.a(fputs.XXelo)
                  0x002f06                  _fputs
 .libc.ldiv       0x002f9c         0x3a c:/program files/microchip/mplabc30/v3.31/bin/bin/../../lib\liblega-c-elf.a(ldiv.XXelo)
                  0x002f9c                  _ldiv
 .libc.strchr     0x002fd6         0x12 c:/program files/microchip/mplabc30/v3.31/bin/bin/../../lib\liblega-c-elf.a(strchr.XXelo)
                  0x002fd6                  _strchr
 .libc.strrchr    0x002fe8         0x16 c:/program files/microchip/mplabc30/v3.31/bin/bin/../../lib\liblega-c-elf.a(strrchr.XXelo)
                  0x002fe8                  _strrchr
 .libc.getval     0x002ffe         0x4a c:/program files/microchip/mplabc30/v3.31/bin/bin/../../lib\liblega-c-elf.a(xgentime.XXelo)
 .libc.wkyr       0x003048         0x16 c:/program files/microchip/mplabc30/v3.31/bin/bin/../../lib\liblega-c-elf.a(xgentime.XXelo)
 .libc.ISOwkyr    0x00305e         0x5a c:/program files/microchip/mplabc30/v3.31/bin/bin/../../lib\liblega-c-elf.a(xgentime.XXelo)
 .libc.ISOyear    0x0030b8         0x1a c:/program files/microchip/mplabc30/v3.31/bin/bin/../../lib\liblega-c-elf.a(xgentime.XXelo)
 .libc.cmp_era_date
                  0x0030d2         0x96 c:/program files/microchip/mplabc30/v3.31/bin/bin/../../lib\liblega-c-elf.a(xgentime.XXelo)
 .libc.getera     0x003168         0x94 c:/program files/microchip/mplabc30/v3.31/bin/bin/../../lib\liblega-c-elf.a(xgentime.XXelo)
 .libc._Gentime
                  0x0031fc        0x3de c:/program files/microchip/mplabc30/v3.31/bin/bin/../../lib\liblega-c-elf.a(xgentime.XXelo)
                  0x0031fc                  __Gentime
 .libc._Tls_dtor_rules
                  0x0035da          0x4 c:/program files/microchip/mplabc30/v3.31/bin/bin/../../lib\liblega-c-elf.a(xisdst.XXelo)
                  0x0035da                  xisdst.XXelo:__Tls_dtor_rules
 .libc._Tls_setupx_rules
                  0x0035de         0x16 c:/program files/microchip/mplabc30/v3.31/bin/bin/../../lib\liblega-c-elf.a(xisdst.XXelo)
                  0x0035de                  xisdst.XXelo:__Tls_setupx_rules
 .libc._Isdst     0x0035f4        0x108 c:/program files/microchip/mplabc30/v3.31/bin/bin/../../lib\liblega-c-elf.a(xisdst.XXelo)
                  0x0035f4                  __Isdst
 .libc._LDunscale
                  0x0036fc         0x58 c:/program files/microchip/mplabc30/v3.31/bin/bin/../../lib\liblega-c-elf.a(xldunsca.XXelo)
                  0x0036fc                  __LDunscale
 .libc._Litob     0x003754        0x316 c:/program files/microchip/mplabc30/v3.31/bin/bin/../../lib\liblega-c-elf.a(xlitob.XXelo)
                  0x003754                  __Litob
 .libc._Puttxt    0x003a6a        0x17c c:/program files/microchip/mplabc30/v3.31/bin/bin/../../lib\liblega-c-elf.a(xputtxt.XXelo)
                  0x003a6a                  __Puttxt
 .libc._Vacopy    0x003be6          0xa c:/program files/microchip/mplabc30/v3.31/bin/bin/../../lib\liblega-c-elf.a(xvacopy.XXelo)
                  0x003be6                  __Vacopy
 .libc._Getptimes
                  0x003bf0          0xc c:/program files/microchip/mplabc30/v3.31/bin/bin/../../lib\liblega-c-elf.a(asctime.XXeo)
                  0x003bf0                  __Getptimes
 .libc.asctime    0x003bfc         0x1e c:/program files/microchip/mplabc30/v3.31/bin/bin/../../lib\liblega-c-elf.a(asctime.XXeo)
                  0x003bfc                  _asctime
 .libc._DNKfflush
                  0x003c1a         0x7a c:/program files/microchip/mplabc30/v3.31/bin/bin/../../lib\liblega-c-elf.a(fflush.XXeo)
                  0x003c1a                  __DNKfflush
 .libc.memchr     0x003c94         0x14 c:/program files/microchip/mplabc30/v3.31/bin/bin/../../lib\liblega-c-elf.a(memchr.XXeo)
                  0x003c94                  _memchr
 .libc._Atexit    0x003ca8         0x1a c:/program files/microchip/mplabc30/v3.31/bin/bin/../../lib\liblega-c-elf.a(xatexit.XXeo)
                  0x003ca8                  __Atexit
 .libc._Dnorm     0x003cc2         0x98 c:/program files/microchip/mplabc30/v3.31/bin/bin/../../lib\liblega-c-elf.a(xdnorm.XXeo)
                  0x003cc2                  __Dnorm
 .libc._Fwprep    0x003d5a         0x86 c:/program files/microchip/mplabc30/v3.31/bin/bin/../../lib\liblega-c-elf.a(xfwprep.XXeo)
                  0x003d5a                  __Fwprep
 .libc.getint     0x003de0         0x24 c:/program files/microchip/mplabc30/v3.31/bin/bin/../../lib\liblega-c-elf.a(xgetdst.XXeo)
 .libc._Getdst    0x003e04         0xfa c:/program files/microchip/mplabc30/v3.31/bin/bin/../../lib\liblega-c-elf.a(xgetdst.XXeo)
                  0x003e04                  __Getdst
 .libc._Closreg
                  0x003efe         0x14 c:/program files/microchip/mplabc30/v3.31/bin/bin/../../lib\liblega-c-elf.a(fclose.XXelo)
                  0x003efe                  __Closreg
 .libc.fclose     0x003f12         0x8a c:/program files/microchip/mplabc30/v3.31/bin/bin/../../lib\liblega-c-elf.a(fclose.XXelo)
                  0x003f12                  _fclose
 .libc.closeall
                  0x003f9c         0x18 c:/program files/microchip/mplabc30/v3.31/bin/bin/../../lib\liblega-c-elf.a(fclose.XXelo)
                  0x003f9c                  fclose.XXelo:_closeall
 .libc._exit      0x003fb4         0x10 c:/program files/microchip/mplabc30/v3.31/bin/bin/../../lib\liblega-pic30-elf.a(_exit.Leo)
                  0x003fb4                  __exit
 .libc.close      0x003fc4         0x12 c:/program files/microchip/mplabc30/v3.31/bin/bin/../../lib\liblega-pic30-elf.a(close.Leo)
                  0x003fc4                  _close
 .libc.write      0x003fd6         0x6e c:/program files/microchip/mplabc30/v3.31/bin/bin/../../lib\liblega-pic30-elf.a(write.Leo)
                  0x003fd6                  _write
 .libc.remove     0x004044         0x12 c:/program files/microchip/mplabc30/v3.31/bin/bin/../../lib\liblega-pic30-elf.a(remove.Leo)
                  0x004044                  _remove
 .libc.sbrk       0x004056         0x2c c:/program files/microchip/mplabc30/v3.31/bin/bin/../../lib\liblega-pic30-elf.a(sbrk.Leo)
                  0x004056                  _sbrk
 .libc.getenv     0x004082          0x2 c:/program files/microchip/mplabc30/v3.31/bin/bin/../../lib\liblega-pic30-elf.a(getenv.Leo)
                  0x004082                  _getenv
 .libc.brk        0x004084         0x1e c:/program files/microchip/mplabc30/v3.31/bin/bin/../../lib\liblega-pic30-elf.a(brk.Lelo)
                  0x004084                  _brk
 .libm.eqdf2      0x0040a2          0xa c:/program files/microchip/mplabc30/v3.31/bin/bin/../../lib\libm-elf.a(deqltle.eo)
                  0x0040a2                  ___eqdf2
                  0x0040a2                  ___ltdf2
                  0x0040a2                  ___ledf2
 .libm.gtdf2      0x0040ac          0xa c:/program files/microchip/mplabc30/v3.31/bin/bin/../../lib\libm-elf.a(dgtge.eo)
                  0x0040ac                  ___gtdf2
                  0x0040ac                  ___gedf2
 .libm.divdf3     0x0040b6         0xb4 c:/program files/microchip/mplabc30/v3.31/bin/bin/../../lib\libm-elf.a(divdf3.eo)
                  0x0040b6                  ___divdf3
 .libm.dpack      0x00416a         0x58 c:/program files/microchip/mplabc30/v3.31/bin/bin/../../lib\libm-elf.a(dpack.eo)
                  0x00416a                  __dpack
 .libm.dunpack2
                  0x0041c2         0x32 c:/program files/microchip/mplabc30/v3.31/bin/bin/../../lib\libm-elf.a(dunpack2.eo)
                  0x0041c2                  __dunpack2
                  0x0041e4                  __dreturnNaN
                  0x0041ea                  __dunpack2exit
 .libm.extendsfdf2
                  0x0041f4         0x3e c:/program files/microchip/mplabc30/v3.31/bin/bin/../../lib\libm-elf.a(extendsfdf.eo)
                  0x0041f4                  ___extendsfdf2
 .libm.fixdfsi    0x004232         0x58 c:/program files/microchip/mplabc30/v3.31/bin/bin/../../lib\libm-elf.a(fixdfsi.eo)
                  0x004232                  _(float, int, long long, double, float, short, int)
 .libm.floatdisf
                  0x00428a         0x78 c:/program files/microchip/mplabc30/v3.31/bin/bin/../../lib\libm-elf.a(floatdisf.eo)
                  0x00428a                  ___floatdisf
 .libm.floatsidf
                  0x004302          0x6 c:/program files/microchip/mplabc30/v3.31/bin/bin/../../lib\libm-elf.a(floatsidf.eo)
                  0x004302                  ___floatsidf
 .libm.modsi3     0x004308         0x1e c:/program files/microchip/mplabc30/v3.31/bin/bin/../../lib\libm-elf.a(modsi3.eo)
                  0x004308                  ___modsi3
 .libm.muldf3     0x004326         0xea c:/program files/microchip/mplabc30/v3.31/bin/bin/../../lib\libm-elf.a(muldf3.eo)
                  0x004326                  ___muldf3
 .libm.subdf3     0x004410          0x4 c:/program files/microchip/mplabc30/v3.31/bin/bin/../../lib\libm-elf.a(subdf3.eo)
                  0x004410                  ___subdf3
 .libc.mulsi3     0x004414          0xc c:/program files/microchip/mplabc30/v3.31/bin/bin/../../lib\libm-elf.a(mulsi3.eo)
                  0x004414                  ___mulp32peds3
                  0x004414                  ___mulsi3
                  0x004414                  ___mulp32eds3
 .libm.__PplusBdi
                  0x004420         0x26 c:/program files/microchip/mplabc30/v3.31/bin/bin/../../lib\libm-elf.a(divmoddi3.eo)
 .libm.__udivmoddi3
                  0x004446        0x128 c:/program files/microchip/mplabc30/v3.31/bin/bin/../../lib\libm-elf.a(divmoddi3.eo)
                  0x004446                  ___udivmoddi3
 .libm.__udivdi3
                  0x00456e          0xe c:/program files/microchip/mplabc30/v3.31/bin/bin/../../lib\libm-elf.a(divmoddi3.eo)
                  0x00456e                  ___udivdi3
 .libm.__umoddi3
                  0x00457c          0x8 c:/program files/microchip/mplabc30/v3.31/bin/bin/../../lib\libm-elf.a(divmoddi3.eo)
                  0x00457c                  ___umoddi3
 .libm.__divdi3
                  0x004584         0x6c c:/program files/microchip/mplabc30/v3.31/bin/bin/../../lib\libm-elf.a(divmoddi3.eo)
                  0x004584                  ___divdi3
 .libm.__moddi3
                  0x0045f0         0x68 c:/program files/microchip/mplabc30/v3.31/bin/bin/../../lib\libm-elf.a(divmoddi3.eo)
                  0x0045f0                  ___moddi3
 .libm.__muldi3
                  0x004658         0x5c c:/program files/microchip/mplabc30/v3.31/bin/bin/../../lib\libm-elf.a(muldi3.eo)
                  0x004658                  ___muldi3
 .libm.adddf3     0x0046b4         0xfa c:/program files/microchip/mplabc30/v3.31/bin/bin/../../lib\libm-elf.a(adddf3.eo)
                  0x0046b4                  ___adddf3
 .libm.dcompare
                  0x0047ae         0x52 c:/program files/microchip/mplabc30/v3.31/bin/bin/../../lib\libm-elf.a(dcompare.eo)
                  0x0047ae                  __dcompare
 .libm.dPropagateNaN
                  0x004800         0x1c c:/program files/microchip/mplabc30/v3.31/bin/bin/../../lib\libm-elf.a(dpropagateNaN.eo)
                  0x004800                  __dPropagateNaN
 .libm.dtype      0x00481c         0x24 c:/program files/microchip/mplabc30/v3.31/bin/bin/../../lib\libm-elf.a(dtype.eo)
                  0x00481c                  __dtype
 .libm.dunpack    0x004840         0x4e c:/program files/microchip/mplabc30/v3.31/bin/bin/../../lib\libm-elf.a(dunpack.eo)
                  0x004840                  __dunpack
 .libm.floatdidf
                  0x00488e         0x6e c:/program files/microchip/mplabc30/v3.31/bin/bin/../../lib\libm-elf.a(floatdidf.eo)
                  0x00488e                  ___floatdidf
 .libm.umuldi3    0x0048fc         0x44 c:/program files/microchip/mplabc30/v3.31/bin/bin/../../lib\libm-elf.a(umuldi3.eo)
                  0x0048fc                  ___umuldi3

usercode
 *(usercode)

__CONFIG4
 *(__CONFIG4.sec)

__CONFIG3         0x02abfa          0x2
 *(__CONFIG3.sec)
 __CONFIG3.sec    0x02abfa          0x2 build/default/debug/_ext/1472/main.o

__CONFIG2         0x02abfc          0x2
 *(__CONFIG2.sec)
 __CONFIG2.sec    0x02abfc          0x2 build/default/debug/_ext/1472/main.o

__CONFIG1         0x02abfe          0x2
 *(__CONFIG1.sec)
 __CONFIG1.sec    0x02abfe          0x2 build/default/debug/_ext/1472/main.o

.icd                0x0800         0x50
                    0x0850                  . = (. + DEFINED (__ICD2RAM)?0x50:0x0)
 *fill*             0x0800         0x5000

.comment          0x000000         0x5e
 *(.comment)
 .comment         0x000000         0x5e c:/program files/microchip/mplabc30/v3.31/bin/bin/../../lib\liblega-c-elf.a(xfiles.XXeo)

.debug_info       0x000000      0x4d413
 *(.debug_info)
 .debug_info      0x000000        0x13f build/default/debug/_ext/1360920944/TouchScreenResistive.o
 .debug_info      0x00013f       0x1569 build/default/debug/_ext/1360920944/SST39LF400.o
 .debug_info      0x0016a8        0x7a3 build/default/debug/_ext/1360920944/TouchScreen.o
 .debug_info      0x001e4b        0x230 build/default/debug/_ext/1360920944/TimeDelay.o
 .debug_info      0x00207b        0x617 build/default/debug/_ext/1360920944/MCP23S08.o
 .debug_info      0x002692        0x763 build/default/debug/_ext/1360920944/board.o
 .debug_info      0x002df5        0x5bf build/default/debug/_ext/1360920944/SST25VF016.o
 .debug_info      0x0033b4        0xfd6 build/default/debug/_ext/1360920944/TouchScreenAR1020.o
 .debug_info      0x00438a        0x38b build/default/debug/_ext/1360920944/MCP4822.o
 .debug_info      0x004715        0x6f4 build/default/debug/_ext/1360920944/PCF2123.o
 .debug_info      0x004e09        0x170 build/default/debug/_ext/1575306571/TCON_SSD1289.o
 .debug_info      0x004f79        0x195 build/default/debug/_ext/1575306571/gfxepmp.o
 .debug_info      0x00510e       0x56d4 build/default/debug/_ext/1575306571/mchpGfxDrv.o
 .debug_info      0x00a7e2        0x231 build/default/debug/_ext/1575306571/mchpGfxDrvBuffer.o
 .debug_info      0x00aa13        0x760 build/default/debug/_ext/798298840/FlashProgrammer.o
 .debug_info      0x00b173        0x528 build/default/debug/_ext/798298840/comm_pkt_callback.o
 .debug_info      0x00b69b        0x517 build/default/debug/_ext/798298840/comm_pkt.o
 .debug_info      0x00bbb2        0x2be build/default/debug/_ext/1111096632/heap_1.o
 .debug_info      0x00be70        0xa51 build/default/debug/_ext/771517865/port.o
 .debug_info      0x00c8c1         0xc1 build/default/debug/_ext/771517865/portasm_PIC24.o
 .debug_info      0x00c982       0x12e7 build/default/debug/_ext/1840719093/tasks.o
 .debug_info      0x00dc69        0x8ff build/default/debug/_ext/1840719093/croutine.o
 .debug_info      0x00e568        0xa9b build/default/debug/_ext/1840719093/timers.o
 .debug_info      0x00f003        0xaaa build/default/debug/_ext/1840719093/queue.o
 .debug_info      0x00faad        0x162 build/default/debug/_ext/1713430119/Window.o
 .debug_info      0x00fc0f        0xb4d build/default/debug/_ext/1713430119/Button.o
 .debug_info      0x01075c        0x164 build/default/debug/_ext/1713430119/CheckBox.o
 .debug_info      0x0108c0        0xb24 build/default/debug/_ext/1713430119/EditBox.o
 .debug_info      0x0113e4        0xc7d build/default/debug/_ext/1713430119/GOL.o
 .debug_info      0x012061        0x2ad build/default/debug/_ext/1713430119/GOLFontDefault.o
 .debug_info      0x01230e        0x164 build/default/debug/_ext/1713430119/GroupBox.o
 .debug_info      0x012472        0xdf0 build/default/debug/_ext/1713430119/ListBox.o
 .debug_info      0x013262       0x13aa build/default/debug/_ext/1713430119/Meter.o
 .debug_info      0x01460c        0x8cc build/default/debug/_ext/1713430119/Picture.o
 .debug_info      0x014ed8       0x2462 build/default/debug/_ext/1713430119/Primitive.o
 .debug_info      0x01733a        0xb01 build/default/debug/_ext/1713430119/ProgressBar.o
 .debug_info      0x017e3b       0x108e build/default/debug/_ext/1713430119/RadioButton.o
 .debug_info      0x018ec9        0x165 build/default/debug/_ext/1713430119/RoundDial.o
 .debug_info      0x01902e       0x1327 build/default/debug/_ext/1713430119/Slider.o
 .debug_info      0x01a355        0x92c build/default/debug/_ext/1713430119/StaticText.o
 .debug_info      0x01ac81        0x3ad build/default/debug/_ext/1713430119/GOLSchemeDefault.o
 .debug_info      0x01b02e        0xa8d build/default/debug/_ext/1713430119/DigitalMeter.o
 .debug_info      0x01babb        0x542 build/default/debug/_ext/1724691511/BlockQ.o
 .debug_info      0x01bffd        0x3f0 build/default/debug/_ext/1724691511/blocktim.o
 .debug_info      0x01c3ed        0x2dd build/default/debug/_ext/1724691511/comtest.o
 .debug_info      0x01c6ca        0x2b4 build/default/debug/_ext/1724691511/integer.o
 .debug_info      0x01c97e       0x1247 build/default/debug/_ext/1472/main.o
 .debug_info      0x01dbc5        0x3fc build/default/debug/_ext/1840719093/list.o
 .debug_info      0x01dfc1        0x1fa build/default/debug/_ext/809743516/ParTest.o
 .debug_info      0x01e1bb        0x6b4 build/default/debug/_ext/1472/lcd.o
 .debug_info      0x01e86f        0xf12 build/default/debug/_ext/1472/taskTouchScreen.o
 .debug_info      0x01f781        0xef1 build/default/debug/_ext/1472/taskGraphics.o
 .debug_info      0x020672        0x298 build/default/debug/_ext/1472/smallfont.o
 .debug_info      0x02090a        0x297 build/default/debug/_ext/1472/medfont.o
 .debug_info      0x020ba1       0x103c build/default/debug/_ext/1472/GDD_Screens.o
 .debug_info      0x021bdd        0x257 build/default/debug/_ext/1472/GDD_Resource.o
 .debug_info      0x021e34        0xb3e build/default/debug/_ext/1472/osapi.o
 .debug_info      0x022972       0x18b4 build/default/debug/_ext/1472/GDD_Options.o
 .debug_info      0x024226       0x11f2 build/default/debug/_ext/1472/GDD_Intro.o
 .debug_info      0x025418        0xe6f build/default/debug/_ext/1472/beep.o
 .debug_info      0x026287       0x189f build/default/debug/_ext/1472/GDD_Clear.o
 .debug_info      0x027b26        0x9b5 build/default/debug/_ext/638940289/new.o
 .debug_info      0x0284db        0xa80 build/default/debug/_ext/1472/usb_callback.o
 .debug_info      0x028f5b        0x6c1 build/default/debug/_ext/1472/usb_descriptors.o
 .debug_info      0x02961c       0x24a8 build/default/debug/_ext/1472/usb_device.o
 .debug_info      0x02bac4        0xe3f build/default/debug/_ext/1472/GDD_Test.o
 .debug_info      0x02c903        0xcda build/default/debug/_ext/1472/GDD_SetProg.o
 .debug_info      0x02d5dd        0x966 build/default/debug/_ext/1472/taskBackground.o
 .debug_info      0x02df43       0x1ade build/default/debug/_ext/1472/GDD_Adjust.o
 .debug_info      0x02fa21        0xc9d build/default/debug/_ext/1472/GDD_SetDrug.o
 .debug_info      0x0306be        0x12d build/default/debug/_ext/1472/MATHUTL.o
 .debug_info      0x0307eb       0x175c build/default/debug/_ext/1472/GDD_Prime.o
 .debug_info      0x031f47       0x2514 build/default/debug/_ext/1472/stmotor.o
 .debug_info      0x03445b       0x150b build/default/debug/_ext/1472/air_det.o
 .debug_info      0x035966        0x86a build/default/debug/_ext/1472/clock.o
 .debug_info      0x0361d0        0x61e build/default/debug/_ext/1472/keypad.o
 .debug_info      0x0367ee        0xc19 build/default/debug/_ext/1472/taskSPI.o
 .debug_info      0x037407       0x175a build/default/debug/_ext/1472/GDD_Confirm.o
 .debug_info      0x038b61       0x18c2 build/default/debug/_ext/1472/GDD_Run.o
 .debug_info      0x03a423        0xce5 build/default/debug/_ext/1472/GDD_Pwrdown.o
 .debug_info      0x03b108       0x1c9d build/default/debug/_ext/1472/GDD_Alarm.o
 .debug_info      0x03cda5       0x13e3 build/default/debug/_ext/1472/taskControl.o
 .debug_info      0x03e188        0xea5 build/default/debug/_ext/1472/taskCalc.o
 .debug_info      0x03f02d       0x1385 build/default/debug/_ext/1472/GDD_Calib.o
 .debug_info      0x0403b2       0x1896 build/default/debug/_ext/1472/GDD_Bolus.o
 .debug_info      0x041c48       0x1511 build/default/debug/_ext/1472/GDD_SetMenu.o
 .debug_info      0x043159       0x17f2 build/default/debug/_ext/1472/GDD_Setup.o
 .debug_info      0x04494b       0x1cea build/default/debug/_ext/1472/GDD_Checkup.o
 .debug_info      0x046635       0x160c build/default/debug/_ext/1472/GDD_RateCalib.o
 .debug_info      0x047c41        0x4ab build/default/debug/_ext/1472/taskUSB.o
 .debug_info      0x0480ec        0x5ca build/default/debug/_ext/1472/usb_hal_pic24.o
 .debug_info      0x0486b6       0x17f6 build/default/debug/_ext/1472/usb_function_cdc.o
 .debug_info      0x049eac        0xab6 build/default/debug/_ext/1472/com.o
 .debug_info      0x04a962        0x26f build/default/debug/_ext/1472/val_conv.o
 .debug_info      0x04abd1       0x11d1 build/default/debug/_ext/1472/taskUART.o
 .debug_info      0x04bda2        0x10e c:/program files/microchip/mplabc30/v3.31/bin/bin/../../lib\liblega-pic30-elf.a(_exit.Leo)
 .debug_info      0x04beb0        0x4f5 c:/program files/microchip/mplabc30/v3.31/bin/bin/../../lib\liblega-pic30-elf.a(close.Leo)
 .debug_info      0x04c3a5        0x7f3 c:/program files/microchip/mplabc30/v3.31/bin/bin/../../lib\liblega-pic30-elf.a(write.Leo)
 .debug_info      0x04cb98        0x4f3 c:/program files/microchip/mplabc30/v3.31/bin/bin/../../lib\liblega-pic30-elf.a(remove.Leo)
 .debug_info      0x04d08b         0xeb c:/program files/microchip/mplabc30/v3.31/bin/bin/../../lib\liblega-pic30-elf.a(sbrk.Leo)
 .debug_info      0x04d176         0xda c:/program files/microchip/mplabc30/v3.31/bin/bin/../../lib\liblega-pic30-elf.a(getenv.Leo)
 .debug_info      0x04d250         0xc1 c:/program files/microchip/mplabc30/v3.31/bin/bin/../../lib\liblega-pic30-elf.a(c30_uart.Leo)
 .debug_info      0x04d311        0x102 c:/program files/microchip/mplabc30/v3.31/bin/bin/../../lib\liblega-pic30-elf.a(brk.Lelo)
 *(.gnu.linkonce.wi.*)

.debug_abbrev     0x000000       0x84bf
 *(.debug_abbrev)
 .debug_abbrev    0x000000         0x2a build/default/debug/_ext/1360920944/TouchScreenResistive.o
 .debug_abbrev    0x00002a        0x212 build/default/debug/_ext/1360920944/SST39LF400.o
 .debug_abbrev    0x00023c        0x164 build/default/debug/_ext/1360920944/TouchScreen.o
 .debug_abbrev    0x0003a0         0x73 build/default/debug/_ext/1360920944/TimeDelay.o
 .debug_abbrev    0x000413        0x164 build/default/debug/_ext/1360920944/MCP23S08.o
 .debug_abbrev    0x000577         0xe1 build/default/debug/_ext/1360920944/board.o
 .debug_abbrev    0x000658        0x197 build/default/debug/_ext/1360920944/SST25VF016.o
 .debug_abbrev    0x0007ef        0x241 build/default/debug/_ext/1360920944/TouchScreenAR1020.o
 .debug_abbrev    0x000a30         0xd2 build/default/debug/_ext/1360920944/MCP4822.o
 .debug_abbrev    0x000b02        0x182 build/default/debug/_ext/1360920944/PCF2123.o
 .debug_abbrev    0x000c84         0x2a build/default/debug/_ext/1575306571/TCON_SSD1289.o
 .debug_abbrev    0x000cae         0x4f build/default/debug/_ext/1575306571/gfxepmp.o
 .debug_abbrev    0x000cfd        0x22b build/default/debug/_ext/1575306571/mchpGfxDrv.o
 .debug_abbrev    0x000f28         0x63 build/default/debug/_ext/1575306571/mchpGfxDrvBuffer.o
 .debug_abbrev    0x000f8b        0x1ab build/default/debug/_ext/798298840/FlashProgrammer.o
 .debug_abbrev    0x001136        0x159 build/default/debug/_ext/798298840/comm_pkt_callback.o
 .debug_abbrev    0x00128f        0x16d build/default/debug/_ext/798298840/comm_pkt.o
 .debug_abbrev    0x0013fc         0xed build/default/debug/_ext/1111096632/heap_1.o
 .debug_abbrev    0x0014e9        0x1ca build/default/debug/_ext/771517865/port.o
 .debug_abbrev    0x0016b3         0x14 build/default/debug/_ext/771517865/portasm_PIC24.o
 .debug_abbrev    0x0016c7        0x1b1 build/default/debug/_ext/1840719093/tasks.o
 .debug_abbrev    0x001878        0x1d7 build/default/debug/_ext/1840719093/croutine.o
 .debug_abbrev    0x001a4f        0x17b build/default/debug/_ext/1840719093/timers.o
 .debug_abbrev    0x001bca        0x189 build/default/debug/_ext/1840719093/queue.o
 .debug_abbrev    0x001d53         0x2a build/default/debug/_ext/1713430119/Window.o
 .debug_abbrev    0x001d7d        0x1ad build/default/debug/_ext/1713430119/Button.o
 .debug_abbrev    0x001f2a         0x2a build/default/debug/_ext/1713430119/CheckBox.o
 .debug_abbrev    0x001f54        0x171 build/default/debug/_ext/1713430119/EditBox.o
 .debug_abbrev    0x0020c5        0x1de build/default/debug/_ext/1713430119/GOL.o
 .debug_abbrev    0x0022a3         0xa9 build/default/debug/_ext/1713430119/GOLFontDefault.o
 .debug_abbrev    0x00234c         0x2a build/default/debug/_ext/1713430119/GroupBox.o
 .debug_abbrev    0x002376        0x1d3 build/default/debug/_ext/1713430119/ListBox.o
 .debug_abbrev    0x002549        0x22a build/default/debug/_ext/1713430119/Meter.o
 .debug_abbrev    0x002773        0x105 build/default/debug/_ext/1713430119/Picture.o
 .debug_abbrev    0x002878        0x1f8 build/default/debug/_ext/1713430119/Primitive.o
 .debug_abbrev    0x002a70        0x13f build/default/debug/_ext/1713430119/ProgressBar.o
 .debug_abbrev    0x002baf        0x1d2 build/default/debug/_ext/1713430119/RadioButton.o
 .debug_abbrev    0x002d81         0x2a build/default/debug/_ext/1713430119/RoundDial.o
 .debug_abbrev    0x002dab        0x20c build/default/debug/_ext/1713430119/Slider.o
 .debug_abbrev    0x002fb7        0x11c build/default/debug/_ext/1713430119/StaticText.o
 .debug_abbrev    0x0030d3         0xcb build/default/debug/_ext/1713430119/GOLSchemeDefault.o
 .debug_abbrev    0x00319e        0x161 build/default/debug/_ext/1713430119/DigitalMeter.o
 .debug_abbrev    0x0032ff        0x124 build/default/debug/_ext/1724691511/BlockQ.o
 .debug_abbrev    0x003423         0xf7 build/default/debug/_ext/1724691511/blocktim.o
 .debug_abbrev    0x00351a         0x9e build/default/debug/_ext/1724691511/comtest.o
 .debug_abbrev    0x0035b8         0xb6 build/default/debug/_ext/1724691511/integer.o
 .debug_abbrev    0x00366e        0x223 build/default/debug/_ext/1472/main.o
 .debug_abbrev    0x003891         0xd8 build/default/debug/_ext/1840719093/list.o
 .debug_abbrev    0x003969         0x81 build/default/debug/_ext/809743516/ParTest.o
 .debug_abbrev    0x0039ea        0x158 build/default/debug/_ext/1472/lcd.o
 .debug_abbrev    0x003b42        0x1c0 build/default/debug/_ext/1472/taskTouchScreen.o
 .debug_abbrev    0x003d02        0x1b0 build/default/debug/_ext/1472/taskGraphics.o
 .debug_abbrev    0x003eb2         0xa9 build/default/debug/_ext/1472/smallfont.o
 .debug_abbrev    0x003f5b         0xa9 build/default/debug/_ext/1472/medfont.o
 .debug_abbrev    0x004004        0x1c4 build/default/debug/_ext/1472/GDD_Screens.o
 .debug_abbrev    0x0041c8         0xa6 build/default/debug/_ext/1472/GDD_Resource.o
 .debug_abbrev    0x00426e        0x200 build/default/debug/_ext/1472/osapi.o
 .debug_abbrev    0x00446e        0x1c4 build/default/debug/_ext/1472/GDD_Options.o
 .debug_abbrev    0x004632        0x190 build/default/debug/_ext/1472/GDD_Intro.o
 .debug_abbrev    0x0047c2        0x185 build/default/debug/_ext/1472/beep.o
 .debug_abbrev    0x004947        0x21d build/default/debug/_ext/1472/GDD_Clear.o
 .debug_abbrev    0x004b64         0xde build/default/debug/_ext/638940289/new.o
 .debug_abbrev    0x004c42        0x182 build/default/debug/_ext/1472/usb_callback.o
 .debug_abbrev    0x004dc4         0xd1 build/default/debug/_ext/1472/usb_descriptors.o
 .debug_abbrev    0x004e95        0x2b4 build/default/debug/_ext/1472/usb_device.o
 .debug_abbrev    0x005149        0x190 build/default/debug/_ext/1472/GDD_Test.o
 .debug_abbrev    0x0052d9        0x181 build/default/debug/_ext/1472/GDD_SetProg.o
 .debug_abbrev    0x00545a        0x122 build/default/debug/_ext/1472/taskBackground.o
 .debug_abbrev    0x00557c        0x1d1 build/default/debug/_ext/1472/GDD_Adjust.o
 .debug_abbrev    0x00574d        0x16a build/default/debug/_ext/1472/GDD_SetDrug.o
 .debug_abbrev    0x0058b7         0x5f build/default/debug/_ext/1472/MATHUTL.o
 .debug_abbrev    0x005916        0x204 build/default/debug/_ext/1472/GDD_Prime.o
 .debug_abbrev    0x005b1a        0x1d9 build/default/debug/_ext/1472/stmotor.o
 .debug_abbrev    0x005cf3        0x15b build/default/debug/_ext/1472/air_det.o
 .debug_abbrev    0x005e4e        0x149 build/default/debug/_ext/1472/clock.o
 .debug_abbrev    0x005f97        0x127 build/default/debug/_ext/1472/keypad.o
 .debug_abbrev    0x0060be        0x150 build/default/debug/_ext/1472/taskSPI.o
 .debug_abbrev    0x00620e        0x219 build/default/debug/_ext/1472/GDD_Confirm.o
 .debug_abbrev    0x006427        0x1f3 build/default/debug/_ext/1472/GDD_Run.o
 .debug_abbrev    0x00661a        0x150 build/default/debug/_ext/1472/GDD_Pwrdown.o
 .debug_abbrev    0x00676a        0x223 build/default/debug/_ext/1472/GDD_Alarm.o
 .debug_abbrev    0x00698d        0x17e build/default/debug/_ext/1472/taskControl.o
 .debug_abbrev    0x006b0b        0x1e8 build/default/debug/_ext/1472/taskCalc.o
 .debug_abbrev    0x006cf3        0x199 build/default/debug/_ext/1472/GDD_Calib.o
 .debug_abbrev    0x006e8c        0x204 build/default/debug/_ext/1472/GDD_Bolus.o
 .debug_abbrev    0x007090        0x197 build/default/debug/_ext/1472/GDD_SetMenu.o
 .debug_abbrev    0x007227        0x1d2 build/default/debug/_ext/1472/GDD_Setup.o
 .debug_abbrev    0x0073f9        0x213 build/default/debug/_ext/1472/GDD_Checkup.o
 .debug_abbrev    0x00760c        0x1e8 build/default/debug/_ext/1472/GDD_RateCalib.o
 .debug_abbrev    0x0077f4        0x135 build/default/debug/_ext/1472/taskUSB.o
 .debug_abbrev    0x007929         0xc0 build/default/debug/_ext/1472/usb_hal_pic24.o
 .debug_abbrev    0x0079e9        0x1db build/default/debug/_ext/1472/usb_function_cdc.o
 .debug_abbrev    0x007bc4        0x155 build/default/debug/_ext/1472/com.o
 .debug_abbrev    0x007d19         0xa0 build/default/debug/_ext/1472/val_conv.o
 .debug_abbrev    0x007db9        0x1a3 build/default/debug/_ext/1472/taskUART.o
 .debug_abbrev    0x007f5c         0x59 c:/program files/microchip/mplabc30/v3.31/bin/bin/../../lib\liblega-pic30-elf.a(_exit.Leo)
 .debug_abbrev    0x007fb5        0x117 c:/program files/microchip/mplabc30/v3.31/bin/bin/../../lib\liblega-pic30-elf.a(close.Leo)
 .debug_abbrev    0x0080cc        0x176 c:/program files/microchip/mplabc30/v3.31/bin/bin/../../lib\liblega-pic30-elf.a(write.Leo)
 .debug_abbrev    0x008242        0x117 c:/program files/microchip/mplabc30/v3.31/bin/bin/../../lib\liblega-pic30-elf.a(remove.Leo)
 .debug_abbrev    0x008359         0x6a c:/program files/microchip/mplabc30/v3.31/bin/bin/../../lib\liblega-pic30-elf.a(sbrk.Leo)
 .debug_abbrev    0x0083c3         0x53 c:/program files/microchip/mplabc30/v3.31/bin/bin/../../lib\liblega-pic30-elf.a(getenv.Leo)
 .debug_abbrev    0x008416         0x30 c:/program files/microchip/mplabc30/v3.31/bin/bin/../../lib\liblega-pic30-elf.a(c30_uart.Leo)
 .debug_abbrev    0x008446         0x79 c:/program files/microchip/mplabc30/v3.31/bin/bin/../../lib\liblega-pic30-elf.a(brk.Lelo)

.debug_line       0x000000      0x2a761
 *(.debug_line)
 .debug_line      0x000000        0x11b build/default/debug/_ext/1360920944/TouchScreenResistive.o
 .debug_line      0x00011b        0x6f1 build/default/debug/_ext/1360920944/SST39LF400.o
 .debug_line      0x00080c        0x572 build/default/debug/_ext/1360920944/TouchScreen.o
 .debug_line      0x000d7e        0x1e9 build/default/debug/_ext/1360920944/TimeDelay.o
 .debug_line      0x000f67        0x657 build/default/debug/_ext/1360920944/MCP23S08.o
 .debug_line      0x0015be        0x5b4 build/default/debug/_ext/1360920944/board.o
 .debug_line      0x001b72        0xab1 build/default/debug/_ext/1360920944/SST25VF016.o
 .debug_line      0x002623        0xa57 build/default/debug/_ext/1360920944/TouchScreenAR1020.o
 .debug_line      0x00307a        0x4ce build/default/debug/_ext/1360920944/MCP4822.o
 .debug_line      0x003548        0x7da build/default/debug/_ext/1360920944/PCF2123.o
 .debug_line      0x003d22        0x151 build/default/debug/_ext/1575306571/TCON_SSD1289.o
 .debug_line      0x003e73        0x17c build/default/debug/_ext/1575306571/gfxepmp.o
 .debug_line      0x003fef       0x2d39 build/default/debug/_ext/1575306571/mchpGfxDrv.o
 .debug_line      0x006d28        0x198 build/default/debug/_ext/1575306571/mchpGfxDrvBuffer.o
 .debug_line      0x006ec0        0x44d build/default/debug/_ext/798298840/FlashProgrammer.o
 .debug_line      0x00730d        0x2df build/default/debug/_ext/798298840/comm_pkt_callback.o
 .debug_line      0x0075ec        0x334 build/default/debug/_ext/798298840/comm_pkt.o
 .debug_line      0x007920        0x22e build/default/debug/_ext/1111096632/heap_1.o
 .debug_line      0x007b4e        0x362 build/default/debug/_ext/771517865/port.o
 .debug_line      0x007eb0         0x8e build/default/debug/_ext/771517865/portasm_PIC24.o
 .debug_line      0x007f3e        0xbe8 build/default/debug/_ext/1840719093/tasks.o
 .debug_line      0x008b26        0x477 build/default/debug/_ext/1840719093/croutine.o
 .debug_line      0x008f9d        0x634 build/default/debug/_ext/1840719093/timers.o
 .debug_line      0x0095d1        0x8aa build/default/debug/_ext/1840719093/queue.o
 .debug_line      0x009e7b        0x224 build/default/debug/_ext/1713430119/Window.o
 .debug_line      0x00a09f        0x753 build/default/debug/_ext/1713430119/Button.o
 .debug_line      0x00a7f2        0x224 build/default/debug/_ext/1713430119/CheckBox.o
 .debug_line      0x00aa16        0x6f7 build/default/debug/_ext/1713430119/EditBox.o
 .debug_line      0x00b10d        0xa41 build/default/debug/_ext/1713430119/GOL.o
 .debug_line      0x00bb4e        0x106 build/default/debug/_ext/1713430119/GOLFontDefault.o
 .debug_line      0x00bc54        0x224 build/default/debug/_ext/1713430119/GroupBox.o
 .debug_line      0x00be78        0xb04 build/default/debug/_ext/1713430119/ListBox.o
 .debug_line      0x00c97c        0xbf4 build/default/debug/_ext/1713430119/Meter.o
 .debug_line      0x00d570        0x4c4 build/default/debug/_ext/1713430119/Picture.o
 .debug_line      0x00da34       0x2217 build/default/debug/_ext/1713430119/Primitive.o
 .debug_line      0x00fc4b        0x780 build/default/debug/_ext/1713430119/ProgressBar.o
 .debug_line      0x0103cb        0x752 build/default/debug/_ext/1713430119/RadioButton.o
 .debug_line      0x010b1d        0x224 build/default/debug/_ext/1713430119/RoundDial.o
 .debug_line      0x010d41        0xb73 build/default/debug/_ext/1713430119/Slider.o
 .debug_line      0x0118b4        0x5cf build/default/debug/_ext/1713430119/StaticText.o
 .debug_line      0x011e83        0x11a build/default/debug/_ext/1713430119/GOLSchemeDefault.o
 .debug_line      0x011f9d        0x691 build/default/debug/_ext/1713430119/DigitalMeter.o
 .debug_line      0x01262e        0x3c2 build/default/debug/_ext/1724691511/BlockQ.o
 .debug_line      0x0129f0        0x566 build/default/debug/_ext/1724691511/blocktim.o
 .debug_line      0x012f56        0x2b3 build/default/debug/_ext/1724691511/comtest.o
 .debug_line      0x013209        0x26e build/default/debug/_ext/1724691511/integer.o
 .debug_line      0x013477        0x7ba build/default/debug/_ext/1472/main.o
 .debug_line      0x013c31        0x2c1 build/default/debug/_ext/1840719093/list.o
 .debug_line      0x013ef2        0x212 build/default/debug/_ext/809743516/ParTest.o
 .debug_line      0x014104        0x50f build/default/debug/_ext/1472/lcd.o
 .debug_line      0x014613        0x97d build/default/debug/_ext/1472/taskTouchScreen.o
 .debug_line      0x014f90        0xb40 build/default/debug/_ext/1472/taskGraphics.o
 .debug_line      0x015ad0        0x233 build/default/debug/_ext/1472/smallfont.o
 .debug_line      0x015d03        0x231 build/default/debug/_ext/1472/medfont.o
 .debug_line      0x015f34        0x91b build/default/debug/_ext/1472/GDD_Screens.o
 .debug_line      0x01684f        0x236 build/default/debug/_ext/1472/GDD_Resource.o
 .debug_line      0x016a85        0x6d7 build/default/debug/_ext/1472/osapi.o
 .debug_line      0x01715c        0xb61 build/default/debug/_ext/1472/GDD_Options.o
 .debug_line      0x017cbd        0x6ae build/default/debug/_ext/1472/GDD_Intro.o
 .debug_line      0x01836b        0x57f build/default/debug/_ext/1472/beep.o
 .debug_line      0x0188ea       0x142b build/default/debug/_ext/1472/GDD_Clear.o
 .debug_line      0x019d15        0x243 build/default/debug/_ext/638940289/new.o
 .debug_line      0x019f58        0x61f build/default/debug/_ext/1472/usb_callback.o
 .debug_line      0x01a577        0x1a3 build/default/debug/_ext/1472/usb_descriptors.o
 .debug_line      0x01a71a       0x1130 build/default/debug/_ext/1472/usb_device.o
 .debug_line      0x01b84a        0x768 build/default/debug/_ext/1472/GDD_Test.o
 .debug_line      0x01bfb2        0x56d build/default/debug/_ext/1472/GDD_SetProg.o
 .debug_line      0x01c51f        0x81b build/default/debug/_ext/1472/taskBackground.o
 .debug_line      0x01cd3a        0xa9f build/default/debug/_ext/1472/GDD_Adjust.o
 .debug_line      0x01d7d9        0x56d build/default/debug/_ext/1472/GDD_SetDrug.o
 .debug_line      0x01dd46         0x9c build/default/debug/_ext/1472/MATHUTL.o
 .debug_line      0x01dde2        0x849 build/default/debug/_ext/1472/GDD_Prime.o
 .debug_line      0x01e62b        0x9af build/default/debug/_ext/1472/stmotor.o
 .debug_line      0x01efda        0x7a0 build/default/debug/_ext/1472/air_det.o
 .debug_line      0x01f77a        0x550 build/default/debug/_ext/1472/clock.o
 .debug_line      0x01fcca        0x7c5 build/default/debug/_ext/1472/keypad.o
 .debug_line      0x02048f        0x67f build/default/debug/_ext/1472/taskSPI.o
 .debug_line      0x020b0e        0xa94 build/default/debug/_ext/1472/GDD_Confirm.o
 .debug_line      0x0215a2        0xc5c build/default/debug/_ext/1472/GDD_Run.o
 .debug_line      0x0221fe        0x674 build/default/debug/_ext/1472/GDD_Pwrdown.o
 .debug_line      0x022872        0xa68 build/default/debug/_ext/1472/GDD_Alarm.o
 .debug_line      0x0232da        0x641 build/default/debug/_ext/1472/taskControl.o
 .debug_line      0x02391b        0xb90 build/default/debug/_ext/1472/taskCalc.o
 .debug_line      0x0244ab        0xa38 build/default/debug/_ext/1472/GDD_Calib.o
 .debug_line      0x024ee3        0xb04 build/default/debug/_ext/1472/GDD_Bolus.o
 .debug_line      0x0259e7        0x84e build/default/debug/_ext/1472/GDD_SetMenu.o
 .debug_line      0x026235        0xb64 build/default/debug/_ext/1472/GDD_Setup.o
 .debug_line      0x026d99        0xc78 build/default/debug/_ext/1472/GDD_Checkup.o
 .debug_line      0x027a11        0x835 build/default/debug/_ext/1472/GDD_RateCalib.o
 .debug_line      0x028246        0x4e1 build/default/debug/_ext/1472/taskUSB.o
 .debug_line      0x028727        0x21f build/default/debug/_ext/1472/usb_hal_pic24.o
 .debug_line      0x028946        0x5cb build/default/debug/_ext/1472/usb_function_cdc.o
 .debug_line      0x028f11        0x740 build/default/debug/_ext/1472/com.o
 .debug_line      0x029651        0x53b build/default/debug/_ext/1472/val_conv.o
 .debug_line      0x029b8c        0x6dd build/default/debug/_ext/1472/taskUART.o
 .debug_line      0x02a269         0x74 c:/program files/microchip/mplabc30/v3.31/bin/bin/../../lib\liblega-pic30-elf.a(_exit.Leo)
 .debug_line      0x02a2dd         0xdf c:/program files/microchip/mplabc30/v3.31/bin/bin/../../lib\liblega-pic30-elf.a(close.Leo)
 .debug_line      0x02a3bc        0x16a c:/program files/microchip/mplabc30/v3.31/bin/bin/../../lib\liblega-pic30-elf.a(write.Leo)
 .debug_line      0x02a526         0xe0 c:/program files/microchip/mplabc30/v3.31/bin/bin/../../lib\liblega-pic30-elf.a(remove.Leo)
 .debug_line      0x02a606         0x78 c:/program files/microchip/mplabc30/v3.31/bin/bin/../../lib\liblega-pic30-elf.a(sbrk.Leo)
 .debug_line      0x02a67e         0x4a c:/program files/microchip/mplabc30/v3.31/bin/bin/../../lib\liblega-pic30-elf.a(getenv.Leo)
 .debug_line      0x02a6c8         0x32 c:/program files/microchip/mplabc30/v3.31/bin/bin/../../lib\liblega-pic30-elf.a(c30_uart.Leo)
 .debug_line      0x02a6fa         0x67 c:/program files/microchip/mplabc30/v3.31/bin/bin/../../lib\liblega-pic30-elf.a(brk.Lelo)

.debug_frame      0x000000       0x5d74
 *(.debug_frame)
 .debug_frame     0x000000         0xc7 build/default/debug/_ext/1360920944/SST39LF400.o
 .debug_frame     0x0000c7         0x57 build/default/debug/_ext/1360920944/TouchScreen.o
 .debug_frame     0x00011e         0x37 build/default/debug/_ext/1360920944/TimeDelay.o
 .debug_frame     0x000155         0xc7 build/default/debug/_ext/1360920944/MCP23S08.o
 .debug_frame     0x00021c         0x57 build/default/debug/_ext/1360920944/board.o
 .debug_frame     0x000273         0xa7 build/default/debug/_ext/1360920944/SST25VF016.o
 .debug_frame     0x00031a        0x117 build/default/debug/_ext/1360920944/TouchScreenAR1020.o
 .debug_frame     0x000431         0x27 build/default/debug/_ext/1360920944/MCP4822.o
 .debug_frame     0x000458         0x97 build/default/debug/_ext/1360920944/PCF2123.o
 .debug_frame     0x0004ef        0x703 build/default/debug/_ext/1575306571/mchpGfxDrv.o
 .debug_frame     0x000bf2         0x67 build/default/debug/_ext/798298840/FlashProgrammer.o
 .debug_frame     0x000c59         0x47 build/default/debug/_ext/798298840/comm_pkt_callback.o
 .debug_frame     0x000ca0         0x97 build/default/debug/_ext/798298840/comm_pkt.o
 .debug_frame     0x000d37         0x57 build/default/debug/_ext/1111096632/heap_1.o
 .debug_frame     0x000d8e         0x87 build/default/debug/_ext/771517865/port.o
 .debug_frame     0x000e15        0x217 build/default/debug/_ext/1840719093/tasks.o
 .debug_frame     0x00102c         0x87 build/default/debug/_ext/1840719093/croutine.o
 .debug_frame     0x0010b3         0xf7 build/default/debug/_ext/1840719093/timers.o
 .debug_frame     0x0011aa        0x127 build/default/debug/_ext/1840719093/queue.o
 .debug_frame     0x0012d1         0x77 build/default/debug/_ext/1713430119/Button.o
 .debug_frame     0x001348         0x87 build/default/debug/_ext/1713430119/EditBox.o
 .debug_frame     0x0013cf         0xd7 build/default/debug/_ext/1713430119/GOL.o
 .debug_frame     0x0014a6         0xc7 build/default/debug/_ext/1713430119/ListBox.o
 .debug_frame     0x00156d         0x77 build/default/debug/_ext/1713430119/Meter.o
 .debug_frame     0x0015e4         0x47 build/default/debug/_ext/1713430119/Picture.o
 .debug_frame     0x00162b        0x257 build/default/debug/_ext/1713430119/Primitive.o
 .debug_frame     0x001882         0xaa build/default/debug/_ext/1713430119/ProgressBar.o
 .debug_frame     0x00192c         0x87 build/default/debug/_ext/1713430119/RadioButton.o
 .debug_frame     0x0019b3         0xc7 build/default/debug/_ext/1713430119/Slider.o
 .debug_frame     0x001a7a         0x57 build/default/debug/_ext/1713430119/StaticText.o
 .debug_frame     0x001ad1         0x67 build/default/debug/_ext/1713430119/DigitalMeter.o
 .debug_frame     0x001b38         0x57 build/default/debug/_ext/1724691511/BlockQ.o
 .debug_frame     0x001b8f         0x57 build/default/debug/_ext/1724691511/blocktim.o
 .debug_frame     0x001be6         0x47 build/default/debug/_ext/1724691511/comtest.o
 .debug_frame     0x001c2d         0x47 build/default/debug/_ext/1724691511/integer.o
 .debug_frame     0x001c74         0xc7 build/default/debug/_ext/1472/main.o
 .debug_frame     0x001d3b         0x67 build/default/debug/_ext/1840719093/list.o
 .debug_frame     0x001da2         0x47 build/default/debug/_ext/809743516/ParTest.o
 .debug_frame     0x001de9         0x57 build/default/debug/_ext/1472/lcd.o
 .debug_frame     0x001e40         0xdb build/default/debug/_ext/1472/taskTouchScreen.o
 .debug_frame     0x001f1b         0x77 build/default/debug/_ext/1472/taskGraphics.o
 .debug_frame     0x001f92         0x97 build/default/debug/_ext/1472/GDD_Screens.o
 .debug_frame     0x002029         0xb7 build/default/debug/_ext/1472/osapi.o
 .debug_frame     0x0020e0        0x417 build/default/debug/_ext/1472/GDD_Options.o
 .debug_frame     0x0024f7         0xb5 build/default/debug/_ext/1472/GDD_Intro.o
 .debug_frame     0x0025ac         0x77 build/default/debug/_ext/1472/beep.o
 .debug_frame     0x002623        0x85e build/default/debug/_ext/1472/GDD_Clear.o
 .debug_frame     0x002e81         0xa7 build/default/debug/_ext/1472/usb_callback.o
 .debug_frame     0x002f28        0x1b7 build/default/debug/_ext/1472/usb_device.o
 .debug_frame     0x0030df        0x271 build/default/debug/_ext/1472/GDD_Test.o
 .debug_frame     0x003350        0x13c build/default/debug/_ext/1472/GDD_SetProg.o
 .debug_frame     0x00348c         0x67 build/default/debug/_ext/1472/taskBackground.o
 .debug_frame     0x0034f3        0x288 build/default/debug/_ext/1472/GDD_Adjust.o
 .debug_frame     0x00377b        0x13c build/default/debug/_ext/1472/GDD_SetDrug.o
 .debug_frame     0x0038b7         0x27 build/default/debug/_ext/1472/MATHUTL.o
 .debug_frame     0x0038de        0x1f3 build/default/debug/_ext/1472/GDD_Prime.o
 .debug_frame     0x003ad1         0xb7 build/default/debug/_ext/1472/stmotor.o
 .debug_frame     0x003b88         0x87 build/default/debug/_ext/1472/air_det.o
 .debug_frame     0x003c0f         0x67 build/default/debug/_ext/1472/clock.o
 .debug_frame     0x003c76         0x57 build/default/debug/_ext/1472/keypad.o
 .debug_frame     0x003ccd         0x57 build/default/debug/_ext/1472/taskSPI.o
 .debug_frame     0x003d24        0x354 build/default/debug/_ext/1472/GDD_Confirm.o
 .debug_frame     0x004078        0x467 build/default/debug/_ext/1472/GDD_Run.o
 .debug_frame     0x0044df         0x77 build/default/debug/_ext/1472/GDD_Pwrdown.o
 .debug_frame     0x004556        0x1e8 build/default/debug/_ext/1472/GDD_Alarm.o
 .debug_frame     0x00473e         0x37 build/default/debug/_ext/1472/taskControl.o
 .debug_frame     0x004775         0xc7 build/default/debug/_ext/1472/taskCalc.o
 .debug_frame     0x00483c        0x16f build/default/debug/_ext/1472/GDD_Calib.o
 .debug_frame     0x0049ab        0x39b build/default/debug/_ext/1472/GDD_Bolus.o
 .debug_frame     0x004d46        0x314 build/default/debug/_ext/1472/GDD_SetMenu.o
 .debug_frame     0x00505a        0x29c build/default/debug/_ext/1472/GDD_Setup.o
 .debug_frame     0x0052f6        0x3ff build/default/debug/_ext/1472/GDD_Checkup.o
 .debug_frame     0x0056f5        0x1c9 build/default/debug/_ext/1472/GDD_RateCalib.o
 .debug_frame     0x0058be         0x27 build/default/debug/_ext/1472/taskUSB.o
 .debug_frame     0x0058e5         0x27 build/default/debug/_ext/1472/usb_hal_pic24.o
 .debug_frame     0x00590c         0x97 build/default/debug/_ext/1472/usb_function_cdc.o
 .debug_frame     0x0059a3         0x97 build/default/debug/_ext/1472/com.o
 .debug_frame     0x005a3a        0x1a2 build/default/debug/_ext/1472/val_conv.o
 .debug_frame     0x005bdc         0x87 build/default/debug/_ext/1472/taskUART.o
 .debug_frame     0x005c63         0x27 c:/program files/microchip/mplabc30/v3.31/bin/bin/../../lib\liblega-pic30-elf.a(_exit.Leo)
 .debug_frame     0x005c8a         0x27 c:/program files/microchip/mplabc30/v3.31/bin/bin/../../lib\liblega-pic30-elf.a(close.Leo)
 .debug_frame     0x005cb1         0x27 c:/program files/microchip/mplabc30/v3.31/bin/bin/../../lib\liblega-pic30-elf.a(write.Leo)
 .debug_frame     0x005cd8         0x27 c:/program files/microchip/mplabc30/v3.31/bin/bin/../../lib\liblega-pic30-elf.a(remove.Leo)
 .debug_frame     0x005cff         0x27 c:/program files/microchip/mplabc30/v3.31/bin/bin/../../lib\liblega-pic30-elf.a(sbrk.Leo)
 .debug_frame     0x005d26         0x27 c:/program files/microchip/mplabc30/v3.31/bin/bin/../../lib\liblega-pic30-elf.a(getenv.Leo)
 .debug_frame     0x005d4d         0x27 c:/program files/microchip/mplabc30/v3.31/bin/bin/../../lib\liblega-pic30-elf.a(brk.Lelo)

.debug_str        0x000000        0xe38
 *(.debug_str)
 .debug_str       0x000000          0xd build/default/debug/_ext/1360920944/TouchScreenResistive.o
 .debug_str       0x00000d         0x15 build/default/debug/_ext/1360920944/SST39LF400.o
 .debug_str       0x000022          0xd build/default/debug/_ext/1360920944/TouchScreen.o
 .debug_str       0x00002f          0xd build/default/debug/_ext/1360920944/TimeDelay.o
 .debug_str       0x00003c         0x15 build/default/debug/_ext/1360920944/MCP23S08.o
 .debug_str       0x000051         0x34 build/default/debug/_ext/1360920944/board.o
 .debug_str       0x000085         0x15 build/default/debug/_ext/1360920944/SST25VF016.o
 .debug_str       0x00009a         0x34 build/default/debug/_ext/1360920944/TouchScreenAR1020.o
 .debug_str       0x0000ce          0xd build/default/debug/_ext/1360920944/MCP4822.o
 .debug_str       0x0000db          0xd build/default/debug/_ext/1360920944/PCF2123.o
 .debug_str       0x0000e8          0xd build/default/debug/_ext/1575306571/TCON_SSD1289.o
 .debug_str       0x0000f5          0xd build/default/debug/_ext/1575306571/gfxepmp.o
 .debug_str       0x000102        0x188 build/default/debug/_ext/1575306571/mchpGfxDrv.o
 .debug_str       0x00028a         0x12 build/default/debug/_ext/1575306571/mchpGfxDrvBuffer.o
 .debug_str       0x00029c         0x18 build/default/debug/_ext/798298840/FlashProgrammer.o
 .debug_str       0x0002b4          0xd build/default/debug/_ext/798298840/comm_pkt_callback.o
 .debug_str       0x0002c1         0x2b build/default/debug/_ext/798298840/comm_pkt.o
 .debug_str       0x0002ec          0xd build/default/debug/_ext/1111096632/heap_1.o
 .debug_str       0x0002f9          0xd build/default/debug/_ext/771517865/port.o
 .debug_str       0x000306         0xef build/default/debug/_ext/1840719093/tasks.o
 .debug_str       0x0003f5         0x4a build/default/debug/_ext/1840719093/croutine.o
 .debug_str       0x00043f         0xd6 build/default/debug/_ext/1840719093/timers.o
 .debug_str       0x000515         0xb2 build/default/debug/_ext/1840719093/queue.o
 .debug_str       0x0005c7          0xd build/default/debug/_ext/1713430119/Window.o
 .debug_str       0x0005d4         0x14 build/default/debug/_ext/1713430119/Button.o
 .debug_str       0x0005e8          0xd build/default/debug/_ext/1713430119/CheckBox.o
 .debug_str       0x0005f5          0xd build/default/debug/_ext/1713430119/EditBox.o
 .debug_str       0x000602         0x96 build/default/debug/_ext/1713430119/GOL.o
 .debug_str       0x000698          0xd build/default/debug/_ext/1713430119/GOLFontDefault.o
 .debug_str       0x0006a5          0xd build/default/debug/_ext/1713430119/GroupBox.o
 .debug_str       0x0006b2         0x26 build/default/debug/_ext/1713430119/ListBox.o
 .debug_str       0x0006d8         0x41 build/default/debug/_ext/1713430119/Meter.o
 .debug_str       0x000719          0xd build/default/debug/_ext/1713430119/Picture.o
 .debug_str       0x000726         0xf4 build/default/debug/_ext/1713430119/Primitive.o
 .debug_str       0x00081a          0xd build/default/debug/_ext/1713430119/ProgressBar.o
 .debug_str       0x000827         0x15 build/default/debug/_ext/1713430119/RadioButton.o
 .debug_str       0x00083c          0xd build/default/debug/_ext/1713430119/RoundDial.o
 .debug_str       0x000849         0x37 build/default/debug/_ext/1713430119/Slider.o
 .debug_str       0x000880          0xd build/default/debug/_ext/1713430119/StaticText.o
 .debug_str       0x00088d          0xd build/default/debug/_ext/1713430119/GOLSchemeDefault.o
 .debug_str       0x00089a         0x1f build/default/debug/_ext/1713430119/DigitalMeter.o
 .debug_str       0x0008b9         0x4a build/default/debug/_ext/1724691511/BlockQ.o
 .debug_str       0x000903         0x39 build/default/debug/_ext/1724691511/blocktim.o
 .debug_str       0x00093c         0x1a build/default/debug/_ext/1724691511/comtest.o
 .debug_str       0x000956          0xd build/default/debug/_ext/1724691511/integer.o
 .debug_str       0x000963         0x20 build/default/debug/_ext/1472/main.o
 .debug_str       0x000983         0x2b build/default/debug/_ext/1840719093/list.o
 .debug_str       0x0009ae          0x9 build/default/debug/_ext/809743516/ParTest.o
 .debug_str       0x0009b7         0x15 build/default/debug/_ext/1472/lcd.o
 .debug_str       0x0009cc          0xd build/default/debug/_ext/1472/taskTouchScreen.o
 .debug_str       0x0009d9         0x14 build/default/debug/_ext/1472/taskGraphics.o
 .debug_str       0x0009ed          0xd build/default/debug/_ext/1472/smallfont.o
 .debug_str       0x0009fa          0xd build/default/debug/_ext/1472/medfont.o
 .debug_str       0x000a07         0x23 build/default/debug/_ext/1472/GDD_Screens.o
 .debug_str       0x000a2a          0xd build/default/debug/_ext/1472/GDD_Resource.o
 .debug_str       0x000a37          0xd build/default/debug/_ext/1472/osapi.o
 .debug_str       0x000a44         0x17 build/default/debug/_ext/1472/GDD_Options.o
 .debug_str       0x000a5b          0xd build/default/debug/_ext/1472/GDD_Intro.o
 .debug_str       0x000a68         0x17 build/default/debug/_ext/1472/beep.o
 .debug_str       0x000a7f         0x29 build/default/debug/_ext/1472/GDD_Clear.o
 .debug_str       0x000aa8          0xd build/default/debug/_ext/638940289/new.o
 .debug_str       0x000ab5          0xd build/default/debug/_ext/1472/usb_callback.o
 .debug_str       0x000ac2         0x25 build/default/debug/_ext/1472/usb_descriptors.o
 .debug_str       0x000ae7         0x4e build/default/debug/_ext/1472/usb_device.o
 .debug_str       0x000b35          0xd build/default/debug/_ext/1472/GDD_Test.o
 .debug_str       0x000b42         0x17 build/default/debug/_ext/1472/GDD_SetProg.o
 .debug_str       0x000b59         0x20 build/default/debug/_ext/1472/taskBackground.o
 .debug_str       0x000b79         0x20 build/default/debug/_ext/1472/GDD_Adjust.o
 .debug_str       0x000b99          0xd build/default/debug/_ext/1472/GDD_SetDrug.o
 .debug_str       0x000ba6         0x17 build/default/debug/_ext/1472/GDD_Prime.o
 .debug_str       0x000bbd         0x20 build/default/debug/_ext/1472/stmotor.o
 .debug_str       0x000bdd          0xd build/default/debug/_ext/1472/air_det.o
 .debug_str       0x000bea          0xd build/default/debug/_ext/1472/clock.o
 .debug_str       0x000bf7         0x2d build/default/debug/_ext/1472/keypad.o
 .debug_str       0x000c24          0xd build/default/debug/_ext/1472/taskSPI.o
 .debug_str       0x000c31         0x17 build/default/debug/_ext/1472/GDD_Confirm.o
 .debug_str       0x000c48         0x17 build/default/debug/_ext/1472/GDD_Run.o
 .debug_str       0x000c5f          0xd build/default/debug/_ext/1472/GDD_Pwrdown.o
 .debug_str       0x000c6c          0xd build/default/debug/_ext/1472/GDD_Alarm.o
 .debug_str       0x000c79          0xd build/default/debug/_ext/1472/taskControl.o
 .debug_str       0x000c86         0x2a build/default/debug/_ext/1472/taskCalc.o
 .debug_str       0x000cb0          0xd build/default/debug/_ext/1472/GDD_Calib.o
 .debug_str       0x000cbd         0x17 build/default/debug/_ext/1472/GDD_Bolus.o
 .debug_str       0x000cd4         0x17 build/default/debug/_ext/1472/GDD_SetMenu.o
 .debug_str       0x000ceb         0x17 build/default/debug/_ext/1472/GDD_Setup.o
 .debug_str       0x000d02         0x20 build/default/debug/_ext/1472/GDD_Checkup.o
 .debug_str       0x000d22          0xd build/default/debug/_ext/1472/GDD_RateCalib.o
 .debug_str       0x000d2f          0xd build/default/debug/_ext/1472/taskUSB.o
 .debug_str       0x000d3c          0xd build/default/debug/_ext/1472/usb_hal_pic24.o
 .debug_str       0x000d49         0x24 build/default/debug/_ext/1472/usb_function_cdc.o
 .debug_str       0x000d6d         0x41 build/default/debug/_ext/1472/com.o
 .debug_str       0x000dae          0xd build/default/debug/_ext/1472/val_conv.o
 .debug_str       0x000dbb         0x31 build/default/debug/_ext/1472/taskUART.o
 .debug_str       0x000dec         0x14 c:/program files/microchip/mplabc30/v3.31/bin/bin/../../lib\liblega-pic30-elf.a(close.Leo)
 .debug_str       0x000e00         0x1b c:/program files/microchip/mplabc30/v3.31/bin/bin/../../lib\liblega-pic30-elf.a(write.Leo)
 .debug_str       0x000e1b         0x1d c:/program files/microchip/mplabc30/v3.31/bin/bin/../../lib\liblega-pic30-elf.a(remove.Leo)

.debug_loc
 *(.debug_loc)

.debug_macinfo
 *(.debug_macinfo)

.debug_pubnames
                  0x000000       0x5f5b
 *(.debug_pubnames)
 .debug_pubnames
                  0x000000        0x111 build/default/debug/_ext/1360920944/SST39LF400.o
 .debug_pubnames
                  0x000111         0x9e build/default/debug/_ext/1360920944/TouchScreen.o
 .debug_pubnames
                  0x0001af         0x2c build/default/debug/_ext/1360920944/TimeDelay.o
 .debug_pubnames
                  0x0001db        0x125 build/default/debug/_ext/1360920944/MCP23S08.o
 .debug_pubnames
                  0x000300         0x4d build/default/debug/_ext/1360920944/board.o
 .debug_pubnames
                  0x00034d         0xde build/default/debug/_ext/1360920944/SST25VF016.o
 .debug_pubnames
                  0x00042b        0x1cb build/default/debug/_ext/1360920944/TouchScreenAR1020.o
 .debug_pubnames
                  0x0005f6         0x23 build/default/debug/_ext/1360920944/MCP4822.o
 .debug_pubnames
                  0x000619         0xa3 build/default/debug/_ext/1360920944/PCF2123.o
 .debug_pubnames
                  0x0006bc         0x20 build/default/debug/_ext/1575306571/gfxepmp.o
 .debug_pubnames
                  0x0006dc        0x3ba build/default/debug/_ext/1575306571/mchpGfxDrv.o
 .debug_pubnames
                  0x000a96         0x67 build/default/debug/_ext/1575306571/mchpGfxDrvBuffer.o
 .debug_pubnames
                  0x000afd         0x77 build/default/debug/_ext/798298840/FlashProgrammer.o
 .debug_pubnames
                  0x000b74         0x58 build/default/debug/_ext/798298840/comm_pkt_callback.o
 .debug_pubnames
                  0x000bcc         0xf6 build/default/debug/_ext/798298840/comm_pkt.o
 .debug_pubnames
                  0x000cc2         0x64 build/default/debug/_ext/1111096632/heap_1.o
 .debug_pubnames
                  0x000d26         0xc0 build/default/debug/_ext/771517865/port.o
 .debug_pubnames
                  0x000de6        0x4c5 build/default/debug/_ext/1840719093/tasks.o
 .debug_pubnames
                  0x0012ab        0x1f4 build/default/debug/_ext/1840719093/croutine.o
 .debug_pubnames
                  0x00149f         0x84 build/default/debug/_ext/1840719093/timers.o
 .debug_pubnames
                  0x001523        0x14a build/default/debug/_ext/1840719093/queue.o
 .debug_pubnames
                  0x00166d         0x75 build/default/debug/_ext/1713430119/Button.o
 .debug_pubnames
                  0x0016e2         0x7b build/default/debug/_ext/1713430119/EditBox.o
 .debug_pubnames
                  0x00175d        0x1c1 build/default/debug/_ext/1713430119/GOL.o
 .debug_pubnames
                  0x00191e         0x3a build/default/debug/_ext/1713430119/GOLFontDefault.o
 .debug_pubnames
                  0x001958         0xc4 build/default/debug/_ext/1713430119/ListBox.o
 .debug_pubnames
                  0x001a1c         0x76 build/default/debug/_ext/1713430119/Meter.o
 .debug_pubnames
                  0x001a92         0x43 build/default/debug/_ext/1713430119/Picture.o
 .debug_pubnames
                  0x001ad5        0x2ed build/default/debug/_ext/1713430119/Primitive.o
 .debug_pubnames
                  0x001dc2         0x6c build/default/debug/_ext/1713430119/ProgressBar.o
 .debug_pubnames
                  0x001e2e         0x8c build/default/debug/_ext/1713430119/RadioButton.o
 .debug_pubnames
                  0x001eba         0xc8 build/default/debug/_ext/1713430119/Slider.o
 .debug_pubnames
                  0x001f82         0x4b build/default/debug/_ext/1713430119/StaticText.o
 .debug_pubnames
                  0x001fcd         0x27 build/default/debug/_ext/1713430119/GOLSchemeDefault.o
 .debug_pubnames
                  0x001ff4         0x4c build/default/debug/_ext/1713430119/DigitalMeter.o
 .debug_pubnames
                  0x002040         0x52 build/default/debug/_ext/1724691511/BlockQ.o
 .debug_pubnames
                  0x002092         0x53 build/default/debug/_ext/1724691511/blocktim.o
 .debug_pubnames
                  0x0020e5         0x2c build/default/debug/_ext/1724691511/comtest.o
 .debug_pubnames
                  0x002111         0x52 build/default/debug/_ext/1724691511/integer.o
 .debug_pubnames
                  0x002163        0x164 build/default/debug/_ext/1472/main.o
 .debug_pubnames
                  0x0022c7         0x71 build/default/debug/_ext/1840719093/list.o
 .debug_pubnames
                  0x002338         0x52 build/default/debug/_ext/809743516/ParTest.o
 .debug_pubnames
                  0x00238a         0xa0 build/default/debug/_ext/1472/lcd.o
 .debug_pubnames
                  0x00242a        0x11f build/default/debug/_ext/1472/taskTouchScreen.o
 .debug_pubnames
                  0x002549         0xb7 build/default/debug/_ext/1472/taskGraphics.o
 .debug_pubnames
                  0x002600         0x3d build/default/debug/_ext/1472/smallfont.o
 .debug_pubnames
                  0x00263d         0x3e build/default/debug/_ext/1472/medfont.o
 .debug_pubnames
                  0x00267b        0x207 build/default/debug/_ext/1472/GDD_Screens.o
 .debug_pubnames
                  0x002882         0x5c build/default/debug/_ext/1472/GDD_Resource.o
 .debug_pubnames
                  0x0028de        0x174 build/default/debug/_ext/1472/osapi.o
 .debug_pubnames
                  0x002a52        0x278 build/default/debug/_ext/1472/GDD_Options.o
 .debug_pubnames
                  0x002cca         0xe8 build/default/debug/_ext/1472/GDD_Intro.o
 .debug_pubnames
                  0x002db2         0xac build/default/debug/_ext/1472/beep.o
 .debug_pubnames
                  0x002e5e        0x223 build/default/debug/_ext/1472/GDD_Clear.o
 .debug_pubnames
                  0x003081        0x36c build/default/debug/_ext/638940289/new.o
 .debug_pubnames
                  0x0033ed        0x12b build/default/debug/_ext/1472/usb_callback.o
 .debug_pubnames
                  0x003518         0xe7 build/default/debug/_ext/1472/usb_descriptors.o
 .debug_pubnames
                  0x0035ff        0x33a build/default/debug/_ext/1472/usb_device.o
 .debug_pubnames
                  0x003939        0x193 build/default/debug/_ext/1472/GDD_Test.o
 .debug_pubnames
                  0x003acc         0x84 build/default/debug/_ext/1472/GDD_SetProg.o
 .debug_pubnames
                  0x003b50         0x8a build/default/debug/_ext/1472/taskBackground.o
 .debug_pubnames
                  0x003bda        0x25e build/default/debug/_ext/1472/GDD_Adjust.o
 .debug_pubnames
                  0x003e38         0xc0 build/default/debug/_ext/1472/GDD_SetDrug.o
 .debug_pubnames
                  0x003ef8         0x1c build/default/debug/_ext/1472/MATHUTL.o
 .debug_pubnames
                  0x003f14        0x160 build/default/debug/_ext/1472/GDD_Prime.o
 .debug_pubnames
                  0x004074        0x234 build/default/debug/_ext/1472/stmotor.o
 .debug_pubnames
                  0x0042a8        0x1e9 build/default/debug/_ext/1472/air_det.o
 .debug_pubnames
                  0x004491         0x63 build/default/debug/_ext/1472/clock.o
 .debug_pubnames
                  0x0044f4         0x9b build/default/debug/_ext/1472/keypad.o
 .debug_pubnames
                  0x00458f         0x99 build/default/debug/_ext/1472/taskSPI.o
 .debug_pubnames
                  0x004628        0x1a3 build/default/debug/_ext/1472/GDD_Confirm.o
 .debug_pubnames
                  0x0047cb        0x19b build/default/debug/_ext/1472/GDD_Run.o
 .debug_pubnames
                  0x004966         0xcb build/default/debug/_ext/1472/GDD_Pwrdown.o
 .debug_pubnames
                  0x004a31        0x336 build/default/debug/_ext/1472/GDD_Alarm.o
 .debug_pubnames
                  0x004d67         0xd8 build/default/debug/_ext/1472/taskControl.o
 .debug_pubnames
                  0x004e3f        0x21e build/default/debug/_ext/1472/taskCalc.o
 .debug_pubnames
                  0x00505d        0x180 build/default/debug/_ext/1472/GDD_Calib.o
 .debug_pubnames
                  0x0051dd        0x18b build/default/debug/_ext/1472/GDD_Bolus.o
 .debug_pubnames
                  0x005368        0x248 build/default/debug/_ext/1472/GDD_SetMenu.o
 .debug_pubnames
                  0x0055b0        0x253 build/default/debug/_ext/1472/GDD_Setup.o
 .debug_pubnames
                  0x005803        0x196 build/default/debug/_ext/1472/GDD_Checkup.o
 .debug_pubnames
                  0x005999        0x121 build/default/debug/_ext/1472/GDD_RateCalib.o
 .debug_pubnames
                  0x005aba         0x39 build/default/debug/_ext/1472/taskUSB.o
 .debug_pubnames
                  0x005af3         0x28 build/default/debug/_ext/1472/usb_hal_pic24.o
 .debug_pubnames
                  0x005b1b        0x1b2 build/default/debug/_ext/1472/usb_function_cdc.o
 .debug_pubnames
                  0x005ccd         0xba build/default/debug/_ext/1472/com.o
 .debug_pubnames
                  0x005d87         0x4c build/default/debug/_ext/1472/val_conv.o
 .debug_pubnames
                  0x005dd3         0x97 build/default/debug/_ext/1472/taskUART.o
 .debug_pubnames
                  0x005e6a         0x1c c:/program files/microchip/mplabc30/v3.31/bin/bin/../../lib\liblega-pic30-elf.a(_exit.Leo)
 .debug_pubnames
                  0x005e86         0x1c c:/program files/microchip/mplabc30/v3.31/bin/bin/../../lib\liblega-pic30-elf.a(close.Leo)
 .debug_pubnames
                  0x005ea2         0x1c c:/program files/microchip/mplabc30/v3.31/bin/bin/../../lib\liblega-pic30-elf.a(write.Leo)
 .debug_pubnames
                  0x005ebe         0x1d c:/program files/microchip/mplabc30/v3.31/bin/bin/../../lib\liblega-pic30-elf.a(remove.Leo)
 .debug_pubnames
                  0x005edb         0x1b c:/program files/microchip/mplabc30/v3.31/bin/bin/../../lib\liblega-pic30-elf.a(sbrk.Leo)
 .debug_pubnames
                  0x005ef6         0x1d c:/program files/microchip/mplabc30/v3.31/bin/bin/../../lib\liblega-pic30-elf.a(getenv.Leo)
 .debug_pubnames
                  0x005f13         0x21 c:/program files/microchip/mplabc30/v3.31/bin/bin/../../lib\liblega-pic30-elf.a(c30_uart.Leo)
 .debug_pubnames
                  0x005f34         0x27 c:/program files/microchip/mplabc30/v3.31/bin/bin/../../lib\liblega-pic30-elf.a(brk.Lelo)

.debug_ranges
 *(.debug_ranges)

.debug_aranges    0x000000        0xb10
 *(.debug_aranges)
 .debug_aranges
                  0x000000         0x20 build/default/debug/_ext/1360920944/SST39LF400.o
 .debug_aranges
                  0x000020         0x20 build/default/debug/_ext/1360920944/TouchScreen.o
 .debug_aranges
                  0x000040         0x20 build/default/debug/_ext/1360920944/TimeDelay.o
 .debug_aranges
                  0x000060         0x20 build/default/debug/_ext/1360920944/MCP23S08.o
 .debug_aranges
                  0x000080         0x20 build/default/debug/_ext/1360920944/board.o
 .debug_aranges
                  0x0000a0         0x20 build/default/debug/_ext/1360920944/SST25VF016.o
 .debug_aranges
                  0x0000c0         0x20 build/default/debug/_ext/1360920944/TouchScreenAR1020.o
 .debug_aranges
                  0x0000e0         0x20 build/default/debug/_ext/1360920944/MCP4822.o
 .debug_aranges
                  0x000100         0x20 build/default/debug/_ext/1360920944/PCF2123.o
 .debug_aranges
                  0x000120         0x20 build/default/debug/_ext/1575306571/mchpGfxDrv.o
 .debug_aranges
                  0x000140         0x20 build/default/debug/_ext/798298840/FlashProgrammer.o
 .debug_aranges
                  0x000160         0x20 build/default/debug/_ext/798298840/comm_pkt_callback.o
 .debug_aranges
                  0x000180         0x20 build/default/debug/_ext/798298840/comm_pkt.o
 .debug_aranges
                  0x0001a0         0x20 build/default/debug/_ext/1111096632/heap_1.o
 .debug_aranges
                  0x0001c0         0x20 build/default/debug/_ext/771517865/port.o
 .debug_aranges
                  0x0001e0         0x18 build/default/debug/_ext/771517865/portasm_PIC24.o
 .debug_aranges
                  0x0001f8         0x20 build/default/debug/_ext/1840719093/tasks.o
 .debug_aranges
                  0x000218         0x20 build/default/debug/_ext/1840719093/croutine.o
 .debug_aranges
                  0x000238         0x20 build/default/debug/_ext/1840719093/timers.o
 .debug_aranges
                  0x000258         0x20 build/default/debug/_ext/1840719093/queue.o
 .debug_aranges
                  0x000278         0x20 build/default/debug/_ext/1713430119/Button.o
 .debug_aranges
                  0x000298         0x20 build/default/debug/_ext/1713430119/EditBox.o
 .debug_aranges
                  0x0002b8         0x20 build/default/debug/_ext/1713430119/GOL.o
 .debug_aranges
                  0x0002d8         0x20 build/default/debug/_ext/1713430119/ListBox.o
 .debug_aranges
                  0x0002f8         0x20 build/default/debug/_ext/1713430119/Meter.o
 .debug_aranges
                  0x000318         0x20 build/default/debug/_ext/1713430119/Picture.o
 .debug_aranges
                  0x000338         0x20 build/default/debug/_ext/1713430119/Primitive.o
 .debug_aranges
                  0x000358         0x20 build/default/debug/_ext/1713430119/ProgressBar.o
 .debug_aranges
                  0x000378         0x20 build/default/debug/_ext/1713430119/RadioButton.o
 .debug_aranges
                  0x000398         0x20 build/default/debug/_ext/1713430119/Slider.o
 .debug_aranges
                  0x0003b8         0x20 build/default/debug/_ext/1713430119/StaticText.o
 .debug_aranges
                  0x0003d8         0x20 build/default/debug/_ext/1713430119/DigitalMeter.o
 .debug_aranges
                  0x0003f8         0x20 build/default/debug/_ext/1724691511/BlockQ.o
 .debug_aranges
                  0x000418         0x20 build/default/debug/_ext/1724691511/blocktim.o
 .debug_aranges
                  0x000438         0x20 build/default/debug/_ext/1724691511/comtest.o
 .debug_aranges
                  0x000458         0x20 build/default/debug/_ext/1724691511/integer.o
 .debug_aranges
                  0x000478         0x20 build/default/debug/_ext/1472/main.o
 .debug_aranges
                  0x000498         0x20 build/default/debug/_ext/1840719093/list.o
 .debug_aranges
                  0x0004b8         0x20 build/default/debug/_ext/809743516/ParTest.o
 .debug_aranges
                  0x0004d8         0x20 build/default/debug/_ext/1472/lcd.o
 .debug_aranges
                  0x0004f8         0x20 build/default/debug/_ext/1472/taskTouchScreen.o
 .debug_aranges
                  0x000518         0x20 build/default/debug/_ext/1472/taskGraphics.o
 .debug_aranges
                  0x000538         0x20 build/default/debug/_ext/1472/GDD_Screens.o
 .debug_aranges
                  0x000558         0x20 build/default/debug/_ext/1472/osapi.o
 .debug_aranges
                  0x000578         0x20 build/default/debug/_ext/1472/GDD_Options.o
 .debug_aranges
                  0x000598         0x20 build/default/debug/_ext/1472/GDD_Intro.o
 .debug_aranges
                  0x0005b8         0x20 build/default/debug/_ext/1472/beep.o
 .debug_aranges
                  0x0005d8         0x20 build/default/debug/_ext/1472/GDD_Clear.o
 .debug_aranges
                  0x0005f8         0x20 build/default/debug/_ext/1472/usb_callback.o
 .debug_aranges
                  0x000618         0x20 build/default/debug/_ext/1472/usb_device.o
 .debug_aranges
                  0x000638         0x20 build/default/debug/_ext/1472/GDD_Test.o
 .debug_aranges
                  0x000658         0x20 build/default/debug/_ext/1472/GDD_SetProg.o
 .debug_aranges
                  0x000678         0x20 build/default/debug/_ext/1472/taskBackground.o
 .debug_aranges
                  0x000698         0x20 build/default/debug/_ext/1472/GDD_Adjust.o
 .debug_aranges
                  0x0006b8         0x20 build/default/debug/_ext/1472/GDD_SetDrug.o
 .debug_aranges
                  0x0006d8         0x20 build/default/debug/_ext/1472/MATHUTL.o
 .debug_aranges
                  0x0006f8         0x20 build/default/debug/_ext/1472/GDD_Prime.o
 .debug_aranges
                  0x000718         0x20 build/default/debug/_ext/1472/stmotor.o
 .debug_aranges
                  0x000738         0x20 build/default/debug/_ext/1472/air_det.o
 .debug_aranges
                  0x000758         0x20 build/default/debug/_ext/1472/clock.o
 .debug_aranges
                  0x000778         0x20 build/default/debug/_ext/1472/keypad.o
 .debug_aranges
                  0x000798         0x20 build/default/debug/_ext/1472/taskSPI.o
 .debug_aranges
                  0x0007b8         0x20 build/default/debug/_ext/1472/GDD_Confirm.o
 .debug_aranges
                  0x0007d8         0x20 build/default/debug/_ext/1472/GDD_Run.o
 .debug_aranges
                  0x0007f8         0x20 build/default/debug/_ext/1472/GDD_Pwrdown.o
 .debug_aranges
                  0x000818         0x20 build/default/debug/_ext/1472/GDD_Alarm.o
 .debug_aranges
                  0x000838         0x20 build/default/debug/_ext/1472/taskControl.o
 .debug_aranges
                  0x000858         0x20 build/default/debug/_ext/1472/taskCalc.o
 .debug_aranges
                  0x000878         0x20 build/default/debug/_ext/1472/GDD_Calib.o
 .debug_aranges
                  0x000898         0x20 build/default/debug/_ext/1472/GDD_Bolus.o